The target system is: Generic -  - cortexa53
The host system is: Linux - 6.8.0-111-generic - x86_64
Compiling the C compiler identification source file "CMakeCCompilerId.c" succeeded.
Compiler: /home/joseph/Vitis/2024.2/gnu/aarch64/lin/aarch64-none/bin/aarch64-none-elf-gcc 
Build flags: ;-O2;-DSDT;;-MMD;-MP;-specs=/home/joseph/Documents/vivado/avnet-zuboard-experiments/zuboard-projects/P2_PS_PL_RGB/vitis/ps_pl_rgb_platform/psu_cortexa53_0/standalone_psu_cortexa53_0/bsp/Xilinx.spec;-I/home/joseph/Documents/vivado/avnet-zuboard-experiments/zuboard-projects/P2_PS_PL_RGB/vitis/ps_pl_rgb_platform/psu_cortexa53_0/standalone_psu_cortexa53_0/bsp/include
Id flags:  

The output was:
0
/home/joseph/Vitis/2024.2/gnu/aarch64/lin/aarch64-none/x86_64-oesdk-linux/usr/bin/aarch64-xilinx-elf/aarch64-xilinx-elf-ld.real: warning: cannot find entry symbol _start; defaulting to 0000000000400060


Compilation of the C compiler identification source "CMakeCCompilerId.c" produced "a-CMakeCCompilerId.d"

Compilation of the C compiler identification source "CMakeCCompilerId.c" produced "a.out"

Compiling the C compiler identification source file "CMakeCCompilerId.c" succeeded.
Compiler: /home/joseph/Vitis/2024.2/gnu/aarch64/lin/aarch64-none/bin/aarch64-none-elf-gcc 
Build flags: ;-O2;-DSDT;;-MMD;-MP;-specs=/home/joseph/Documents/vivado/avnet-zuboard-experiments/zuboard-projects/P2_PS_PL_RGB/vitis/ps_pl_rgb_platform/psu_cortexa53_0/standalone_psu_cortexa53_0/bsp/Xilinx.spec;-I/home/joseph/Documents/vivado/avnet-zuboard-experiments/zuboard-projects/P2_PS_PL_RGB/vitis/ps_pl_rgb_platform/psu_cortexa53_0/standalone_psu_cortexa53_0/bsp/include
Id flags: -c 

The output was:
0


Compilation of the C compiler identification source "CMakeCCompilerId.c" produced "CMakeCCompilerId.d"

Compilation of the C compiler identification source "CMakeCCompilerId.c" produced "CMakeCCompilerId.o"

The C compiler identification is GNU, found in "/home/joseph/Documents/vivado/avnet-zuboard-experiments/zuboard-projects/P2_PS_PL_RGB/vitis/ps_pl_rgb_platform/psu_cortexa53_0/standalone_psu_cortexa53_0/bsp/libsrc/build_configs/gen_bsp/CMakeFiles/3.24.2/CompilerIdC/CMakeCCompilerId.o"

Compiling the CXX compiler identification source file "CMakeCXXCompilerId.cpp" succeeded.
Compiler: /home/joseph/Vitis/2024.2/gnu/aarch64/lin/aarch64-none/bin/aarch64-none-elf-g++ 
Build flags: ;-O2;-DSDT;;-MMD;-MP;-specs=/home/joseph/Documents/vivado/avnet-zuboard-experiments/zuboard-projects/P2_PS_PL_RGB/vitis/ps_pl_rgb_platform/psu_cortexa53_0/standalone_psu_cortexa53_0/bsp/Xilinx.spec;-I/home/joseph/Documents/vivado/avnet-zuboard-experiments/zuboard-projects/P2_PS_PL_RGB/vitis/ps_pl_rgb_platform/psu_cortexa53_0/standalone_psu_cortexa53_0/bsp/include
Id flags:  

The output was:
0
/home/joseph/Vitis/2024.2/gnu/aarch64/lin/aarch64-none/x86_64-oesdk-linux/usr/bin/aarch64-xilinx-elf/aarch64-xilinx-elf-ld.real: warning: cannot find entry symbol _start; defaulting to 0000000000400060


Compilation of the CXX compiler identification source "CMakeCXXCompilerId.cpp" produced "a-CMakeCXXCompilerId.d"

Compilation of the CXX compiler identification source "CMakeCXXCompilerId.cpp" produced "a.out"

The CXX compiler identification is GNU, found in "/home/joseph/Documents/vivado/avnet-zuboard-experiments/zuboard-projects/P2_PS_PL_RGB/vitis/ps_pl_rgb_platform/psu_cortexa53_0/standalone_psu_cortexa53_0/bsp/libsrc/build_configs/gen_bsp/CMakeFiles/3.24.2/CompilerIdCXX/a.out"

Detecting C compiler ABI info compiled with the following output:
Change Dir: /home/joseph/Documents/vivado/avnet-zuboard-experiments/zuboard-projects/P2_PS_PL_RGB/vitis/ps_pl_rgb_platform/psu_cortexa53_0/standalone_psu_cortexa53_0/bsp/libsrc/build_configs/gen_bsp/CMakeFiles/CMakeTmp

Run Build Command(s):/home/joseph/Vitis/2024.2/tps/lnx64/lopper-1.1.0/env/bin/ninja cmTC_ca8c2 && [1/2] Building C object CMakeFiles/cmTC_ca8c2.dir/CMakeCCompilerABI.c.obj
Using built-in specs.
Reading specs from /home/joseph/Documents/vivado/avnet-zuboard-experiments/zuboard-projects/P2_PS_PL_RGB/vitis/ps_pl_rgb_platform/psu_cortexa53_0/standalone_psu_cortexa53_0/bsp/Xilinx.spec
COLLECT_GCC=/home/joseph/Vitis/2024.2/gnu/aarch64/lin/aarch64-none/bin/../x86_64-oesdk-linux/usr/bin/aarch64-xilinx-elf/aarch64-xilinx-elf-gcc.real
Target: aarch64-xilinx-elf
Configured with: ../../../../../../work-shared/gcc-13.3.0-r0/gcc-13.3.0/configure --build=x86_64-linux --host=x86_64-oesdk-linux --target=aarch64-xilinx-elf --prefix=/usr/local/oe-sdk-hardcoded-buildpath/sysroots/x86_64-oesdk-linux/usr --exec_prefix=/usr/local/oe-sdk-hardcoded-buildpath/sysroots/x86_64-oesdk-linux/usr --bindir=/usr/local/oe-sdk-hardcoded-buildpath/sysroots/x86_64-oesdk-linux/usr/bin/aarch64-xilinx-elf --sbindir=/usr/local/oe-sdk-hardcoded-buildpath/sysroots/x86_64-oesdk-linux/usr/bin/aarch64-xilinx-elf --libexecdir=/usr/local/oe-sdk-hardcoded-buildpath/sysroots/x86_64-oesdk-linux/usr/libexec/aarch64-xilinx-elf --datadir=/usr/local/oe-sdk-hardcoded-buildpath/sysroots/x86_64-oesdk-linux/usr/share --sysconfdir=/usr/local/oe-sdk-hardcoded-buildpath/sysroots/x86_64-oesdk-linux/etc --sharedstatedir=/usr/local/oe-sdk-hardcoded-buildpath/sysroots/x86_64-oesdk-linux/com --localstatedir=/usr/local/oe-sdk-hardcoded-buildpath/sysroots/x86_64-oesdk-linux/var --libdir=/usr/local/oe-sdk-hardcoded-buildpath/sysroots/x86_64-oesdk-linux/usr/lib/aarch64-xilinx-elf --includedir=/usr/local/oe-sdk-hardcoded-buildpath/sysroots/x86_64-oesdk-linux/usr/include --oldincludedir=/usr/local/oe-sdk-hardcoded-buildpath/sysroots/x86_64-oesdk-linux/usr/include --infodir=/usr/local/oe-sdk-hardcoded-buildpath/sysroots/x86_64-oesdk-linux/usr/share/info --mandir=/usr/local/oe-sdk-hardcoded-buildpath/sysroots/x86_64-oesdk-linux/usr/share/man --disable-silent-rules --disable-dependency-tracking --with-libtool-sysroot=/scratch/jenkins-BUILDS-eSDK-toolchain-2024.2_toolchain-9_Standalone_aarch64-tc/build/aarch64-tc-x86_64/work/x86_64-nativesdk-oesdk-linux/gcc-cross-canadian-aarch64/13.3.0/recipe-sysroot --with-gnu-ld --enable-shared --enable-languages=c,c++,fortran --enable-threads=posix --enable-multilib --enable-c99 --enable-long-long --enable-libstdcxx-pch --program-prefix=aarch64-xilinx-elf- --without-local-prefix --disable-install-libiberty --disable-libssp --enable-libitm --enable-lto --disable-bootstrap --with-system-zlib --enable-linker-build-id --with-ppl=no --with-cloog=no --enable-checking=release --enable-cheaders=c_global --without-isl --with-gxx-include-dir=/not/exist/usr/include/c++/13.3.0 --with-build-time-tools=/scratch/jenkins-BUILDS-eSDK-toolchain-2024.2_toolchain-9_Standalone_aarch64-tc/build/aarch64-tc-x86_64/work/x86_64-nativesdk-oesdk-linux/gcc-cross-canadian-aarch64/13.3.0/recipe-sysroot-native/usr/aarch64-xilinx-elf/bin --with-sysroot=/not/exist --with-build-sysroot=/scratch/jenkins-BUILDS-eSDK-toolchain-2024.2_toolchain-9_Standalone_aarch64-tc/build/aarch64-tc-x86_64/work/x86_64-nativesdk-oesdk-linux/gcc-cross-canadian-aarch64/13.3.0/recipe-sysroot --with-plugin-ld=ld --enable-poison-system-directories --disable-static --enable-nls --with-glibc-version=2.28 --enable-initfini-array --enable-multilib --disable-libstdcxx-pch --with-newlib --disable-threads --enable-plugins --with-gnu-as --disable-libitm --disable-multiarch --with-arch=armv8-a --with-sysroot=/not/exist
Thread model: single
Supported LTO compression algorithms: zlib zstd
gcc version 13.3.0 (GCC) 
COLLECT_GCC_OPTIONS='--sysroot=/home/joseph/Vitis/2024.2/gnu/aarch64/lin/aarch64-none/bin/../aarch64-xilinx-elf' '-mbranch-protection=none' '-O2' '-D' 'SDT' '-MMD' '-MP' '-specs=/home/joseph/Documents/vivado/avnet-zuboard-experiments/zuboard-projects/P2_PS_PL_RGB/vitis/ps_pl_rgb_platform/psu_cortexa53_0/standalone_psu_cortexa53_0/bsp/Xilinx.spec' '-I' '/home/joseph/Documents/vivado/avnet-zuboard-experiments/zuboard-projects/P2_PS_PL_RGB/vitis/ps_pl_rgb_platform/psu_cortexa53_0/standalone_psu_cortexa53_0/bsp/include' '-v' '-o' 'CMakeFiles/cmTC_ca8c2.dir/CMakeCCompilerABI.c.obj' '-c' '-march=armv8-a' '-mlittle-endian' '-mabi=lp64' '-dumpdir' 'CMakeFiles/cmTC_ca8c2.dir/'
 /home/joseph/Vitis/2024.2/gnu/aarch64/lin/aarch64-none/x86_64-oesdk-linux/usr/bin/aarch64-xilinx-elf/../../libexec/aarch64-xilinx-elf/gcc/aarch64-xilinx-elf/13.3.0/cc1 -quiet -v -I /home/joseph/Documents/vivado/avnet-zuboard-experiments/zuboard-projects/P2_PS_PL_RGB/vitis/ps_pl_rgb_platform/psu_cortexa53_0/standalone_psu_cortexa53_0/bsp/include -iprefix /home/joseph/Vitis/2024.2/gnu/aarch64/lin/aarch64-none/x86_64-oesdk-linux/usr/bin/aarch64-xilinx-elf/../../lib/aarch64-xilinx-elf/gcc/aarch64-xilinx-elf/13.3.0/ -isysroot /home/joseph/Vitis/2024.2/gnu/aarch64/lin/aarch64-none/bin/../aarch64-xilinx-elf -MMD CMakeFiles/cmTC_ca8c2.dir/CMakeCCompilerABI.c.d -MP -MQ CMakeFiles/cmTC_ca8c2.dir/CMakeCCompilerABI.c.obj -D SDT /home/joseph/Vitis/2024.2/tps/lnx64/cmake-3.24.2/share/cmake-3.24/Modules/CMakeCCompilerABI.c -quiet -dumpdir CMakeFiles/cmTC_ca8c2.dir/ -dumpbase CMakeCCompilerABI.c.c -dumpbase-ext .c -mbranch-protection=none -march=armv8-a -mlittle-endian -mabi=lp64 -O2 -version -o /tmp/ccfiq64B.s
GNU C17 (GCC) version 13.3.0 (aarch64-xilinx-elf)
	compiled by GNU C version 13.3.0, GMP version 6.3.0, MPFR version 4.2.1, MPC version 1.3.1, isl version none
GGC heuristics: --param ggc-min-expand=100 --param ggc-min-heapsize=131072
ignoring nonexistent directory "/home/joseph/Vitis/2024.2/gnu/aarch64/lin/aarch64-none/x86_64-oesdk-linux/usr/bin/aarch64-xilinx-elf/../../lib/aarch64-xilinx-elf/gcc/aarch64-xilinx-elf/13.3.0/../../../../../aarch64-xilinx-elf/include"
ignoring duplicate directory "/home/joseph/Vitis/2024.2/gnu/aarch64/lin/aarch64-none/x86_64-oesdk-linux/usr/bin/aarch64-xilinx-elf/../../lib/aarch64-xilinx-elf/gcc/../../../lib/aarch64-xilinx-elf/gcc/aarch64-xilinx-elf/13.3.0/include"
ignoring nonexistent directory "/home/joseph/Vitis/2024.2/gnu/aarch64/lin/aarch64-none/bin/../aarch64-xilinx-elf/usr/lib64/aarch64-xilinx-elf/13.3.0/include"
ignoring nonexistent directory "/home/joseph/Vitis/2024.2/gnu/aarch64/lin/aarch64-none/bin/../aarch64-xilinx-elf/usr/local/include"
ignoring duplicate directory "/home/joseph/Vitis/2024.2/gnu/aarch64/lin/aarch64-none/x86_64-oesdk-linux/usr/bin/aarch64-xilinx-elf/../../lib/aarch64-xilinx-elf/gcc/../../../lib/aarch64-xilinx-elf/gcc/aarch64-xilinx-elf/13.3.0/include-fixed"
ignoring nonexistent directory "/home/joseph/Vitis/2024.2/gnu/aarch64/lin/aarch64-none/x86_64-oesdk-linux/usr/bin/aarch64-xilinx-elf/../../lib/aarch64-xilinx-elf/gcc/../../../lib/aarch64-xilinx-elf/gcc/aarch64-xilinx-elf/13.3.0/../../../../../aarch64-xilinx-elf/include"
#include "..." search starts here:
#include <...> search starts here:
 /home/joseph/Documents/vivado/avnet-zuboard-experiments/zuboard-projects/P2_PS_PL_RGB/vitis/ps_pl_rgb_platform/psu_cortexa53_0/standalone_psu_cortexa53_0/bsp/include
 /home/joseph/Vitis/2024.2/gnu/aarch64/lin/aarch64-none/x86_64-oesdk-linux/usr/bin/aarch64-xilinx-elf/../../lib/aarch64-xilinx-elf/gcc/aarch64-xilinx-elf/13.3.0/include
 /home/joseph/Vitis/2024.2/gnu/aarch64/lin/aarch64-none/x86_64-oesdk-linux/usr/bin/aarch64-xilinx-elf/../../lib/aarch64-xilinx-elf/gcc/aarch64-xilinx-elf/13.3.0/include-fixed
 /home/joseph/Vitis/2024.2/gnu/aarch64/lin/aarch64-none/bin/../aarch64-xilinx-elf/usr/include/
End of search list.
Compiler executable checksum: 1e6d5fd22fe6668fd2fd255fd9a59efe
COLLECT_GCC_OPTIONS='--sysroot=/home/joseph/Vitis/2024.2/gnu/aarch64/lin/aarch64-none/bin/../aarch64-xilinx-elf' '-mbranch-protection=none' '-O2' '-D' 'SDT' '-MMD' '-MP' '-specs=/home/joseph/Documents/vivado/avnet-zuboard-experiments/zuboard-projects/P2_PS_PL_RGB/vitis/ps_pl_rgb_platform/psu_cortexa53_0/standalone_psu_cortexa53_0/bsp/Xilinx.spec' '-I' '/home/joseph/Documents/vivado/avnet-zuboard-experiments/zuboard-projects/P2_PS_PL_RGB/vitis/ps_pl_rgb_platform/psu_cortexa53_0/standalone_psu_cortexa53_0/bsp/include' '-v' '-o' 'CMakeFiles/cmTC_ca8c2.dir/CMakeCCompilerABI.c.obj' '-c' '-march=armv8-a' '-mlittle-endian' '-mabi=lp64' '-dumpdir' 'CMakeFiles/cmTC_ca8c2.dir/'
 /home/joseph/Vitis/2024.2/gnu/aarch64/lin/aarch64-none/x86_64-oesdk-linux/usr/bin/aarch64-xilinx-elf/../../libexec/aarch64-xilinx-elf/gcc/aarch64-xilinx-elf/13.3.0/as -v -I /home/joseph/Documents/vivado/avnet-zuboard-experiments/zuboard-projects/P2_PS_PL_RGB/vitis/ps_pl_rgb_platform/psu_cortexa53_0/standalone_psu_cortexa53_0/bsp/include -EL -march=armv8-a -mabi=lp64 -o CMakeFiles/cmTC_ca8c2.dir/CMakeCCompilerABI.c.obj /tmp/ccfiq64B.s
GNU assembler version 2.42.0 (aarch64-xilinx-elf) using BFD version (GNU Binutils) 2.42.0.20240620
COMPILER_PATH=/home/joseph/Vitis/2024.2/gnu/aarch64/lin/aarch64-none/x86_64-oesdk-linux/usr/bin/aarch64-xilinx-elf/../../libexec/aarch64-xilinx-elf/gcc/aarch64-xilinx-elf/13.3.0/:/home/joseph/Vitis/2024.2/gnu/aarch64/lin/aarch64-none/x86_64-oesdk-linux/usr/bin/aarch64-xilinx-elf/../../libexec/aarch64-xilinx-elf/gcc/
LIBRARY_PATH=/home/joseph/Vitis/2024.2/gnu/aarch64/lin/aarch64-none/x86_64-oesdk-linux/usr/bin/aarch64-xilinx-elf/../../lib/aarch64-xilinx-elf/gcc/aarch64-xilinx-elf/13.3.0/:/home/joseph/Vitis/2024.2/gnu/aarch64/lin/aarch64-none/x86_64-oesdk-linux/usr/bin/aarch64-xilinx-elf/../../lib/aarch64-xilinx-elf/gcc/:/home/joseph/Vitis/2024.2/gnu/aarch64/lin/aarch64-none/bin/../aarch64-xilinx-elf/usr/lib64/aarch64-xilinx-elf/13.3.0/:/home/joseph/Vitis/2024.2/gnu/aarch64/lin/aarch64-none/bin/../aarch64-xilinx-elf/usr/lib64/
COLLECT_GCC_OPTIONS='--sysroot=/home/joseph/Vitis/2024.2/gnu/aarch64/lin/aarch64-none/bin/../aarch64-xilinx-elf' '-mbranch-protection=none' '-O2' '-D' 'SDT' '-MMD' '-MP' '-specs=/home/joseph/Documents/vivado/avnet-zuboard-experiments/zuboard-projects/P2_PS_PL_RGB/vitis/ps_pl_rgb_platform/psu_cortexa53_0/standalone_psu_cortexa53_0/bsp/Xilinx.spec' '-I' '/home/joseph/Documents/vivado/avnet-zuboard-experiments/zuboard-projects/P2_PS_PL_RGB/vitis/ps_pl_rgb_platform/psu_cortexa53_0/standalone_psu_cortexa53_0/bsp/include' '-v' '-o' 'CMakeFiles/cmTC_ca8c2.dir/CMakeCCompilerABI.c.obj' '-c' '-march=armv8-a' '-mlittle-endian' '-mabi=lp64' '-dumpdir' 'CMakeFiles/cmTC_ca8c2.dir/CMakeCCompilerABI.c.'
[2/2] Linking C executable cmTC_ca8c2
Using built-in specs.
Reading specs from /home/joseph/Documents/vivado/avnet-zuboard-experiments/zuboard-projects/P2_PS_PL_RGB/vitis/ps_pl_rgb_platform/psu_cortexa53_0/standalone_psu_cortexa53_0/bsp/Xilinx.spec
COLLECT_GCC=/home/joseph/Vitis/2024.2/gnu/aarch64/lin/aarch64-none/bin/../x86_64-oesdk-linux/usr/bin/aarch64-xilinx-elf/aarch64-xilinx-elf-gcc.real
COLLECT_LTO_WRAPPER=/home/joseph/Vitis/2024.2/gnu/aarch64/lin/aarch64-none/x86_64-oesdk-linux/usr/bin/aarch64-xilinx-elf/../../libexec/aarch64-xilinx-elf/gcc/aarch64-xilinx-elf/13.3.0/lto-wrapper
Target: aarch64-xilinx-elf
Configured with: ../../../../../../work-shared/gcc-13.3.0-r0/gcc-13.3.0/configure --build=x86_64-linux --host=x86_64-oesdk-linux --target=aarch64-xilinx-elf --prefix=/usr/local/oe-sdk-hardcoded-buildpath/sysroots/x86_64-oesdk-linux/usr --exec_prefix=/usr/local/oe-sdk-hardcoded-buildpath/sysroots/x86_64-oesdk-linux/usr --bindir=/usr/local/oe-sdk-hardcoded-buildpath/sysroots/x86_64-oesdk-linux/usr/bin/aarch64-xilinx-elf --sbindir=/usr/local/oe-sdk-hardcoded-buildpath/sysroots/x86_64-oesdk-linux/usr/bin/aarch64-xilinx-elf --libexecdir=/usr/local/oe-sdk-hardcoded-buildpath/sysroots/x86_64-oesdk-linux/usr/libexec/aarch64-xilinx-elf --datadir=/usr/local/oe-sdk-hardcoded-buildpath/sysroots/x86_64-oesdk-linux/usr/share --sysconfdir=/usr/local/oe-sdk-hardcoded-buildpath/sysroots/x86_64-oesdk-linux/etc --sharedstatedir=/usr/local/oe-sdk-hardcoded-buildpath/sysroots/x86_64-oesdk-linux/com --localstatedir=/usr/local/oe-sdk-hardcoded-buildpath/sysroots/x86_64-oesdk-linux/var --libdir=/usr/local/oe-sdk-hardcoded-buildpath/sysroots/x86_64-oesdk-linux/usr/lib/aarch64-xilinx-elf --includedir=/usr/local/oe-sdk-hardcoded-buildpath/sysroots/x86_64-oesdk-linux/usr/include --oldincludedir=/usr/local/oe-sdk-hardcoded-buildpath/sysroots/x86_64-oesdk-linux/usr/include --infodir=/usr/local/oe-sdk-hardcoded-buildpath/sysroots/x86_64-oesdk-linux/usr/share/info --mandir=/usr/local/oe-sdk-hardcoded-buildpath/sysroots/x86_64-oesdk-linux/usr/share/man --disable-silent-rules --disable-dependency-tracking --with-libtool-sysroot=/scratch/jenkins-BUILDS-eSDK-toolchain-2024.2_toolchain-9_Standalone_aarch64-tc/build/aarch64-tc-x86_64/work/x86_64-nativesdk-oesdk-linux/gcc-cross-canadian-aarch64/13.3.0/recipe-sysroot --with-gnu-ld --enable-shared --enable-languages=c,c++,fortran --enable-threads=posix --enable-multilib --enable-c99 --enable-long-long --enable-libstdcxx-pch --program-prefix=aarch64-xilinx-elf- --without-local-prefix --disable-install-libiberty --disable-libssp --enable-libitm --enable-lto --disable-bootstrap --with-system-zlib --enable-linker-build-id --with-ppl=no --with-cloog=no --enable-checking=release --enable-cheaders=c_global --without-isl --with-gxx-include-dir=/not/exist/usr/include/c++/13.3.0 --with-build-time-tools=/scratch/jenkins-BUILDS-eSDK-toolchain-2024.2_toolchain-9_Standalone_aarch64-tc/build/aarch64-tc-x86_64/work/x86_64-nativesdk-oesdk-linux/gcc-cross-canadian-aarch64/13.3.0/recipe-sysroot-native/usr/aarch64-xilinx-elf/bin --with-sysroot=/not/exist --with-build-sysroot=/scratch/jenkins-BUILDS-eSDK-toolchain-2024.2_toolchain-9_Standalone_aarch64-tc/build/aarch64-tc-x86_64/work/x86_64-nativesdk-oesdk-linux/gcc-cross-canadian-aarch64/13.3.0/recipe-sysroot --with-plugin-ld=ld --enable-poison-system-directories --disable-static --enable-nls --with-glibc-version=2.28 --enable-initfini-array --enable-multilib --disable-libstdcxx-pch --with-newlib --disable-threads --enable-plugins --with-gnu-as --disable-libitm --disable-multiarch --with-arch=armv8-a --with-sysroot=/not/exist
Thread model: single
Supported LTO compression algorithms: zlib zstd
gcc version 13.3.0 (GCC) 
COMPILER_PATH=/home/joseph/Vitis/2024.2/gnu/aarch64/lin/aarch64-none/x86_64-oesdk-linux/usr/bin/aarch64-xilinx-elf/../../libexec/aarch64-xilinx-elf/gcc/aarch64-xilinx-elf/13.3.0/:/home/joseph/Vitis/2024.2/gnu/aarch64/lin/aarch64-none/x86_64-oesdk-linux/usr/bin/aarch64-xilinx-elf/../../libexec/aarch64-xilinx-elf/gcc/
LIBRARY_PATH=/home/joseph/Vitis/2024.2/gnu/aarch64/lin/aarch64-none/x86_64-oesdk-linux/usr/bin/aarch64-xilinx-elf/../../lib/aarch64-xilinx-elf/gcc/aarch64-xilinx-elf/13.3.0/:/home/joseph/Vitis/2024.2/gnu/aarch64/lin/aarch64-none/x86_64-oesdk-linux/usr/bin/aarch64-xilinx-elf/../../lib/aarch64-xilinx-elf/gcc/:/home/joseph/Vitis/2024.2/gnu/aarch64/lin/aarch64-none/bin/../aarch64-xilinx-elf/usr/lib64/aarch64-xilinx-elf/13.3.0/:/home/joseph/Vitis/2024.2/gnu/aarch64/lin/aarch64-none/bin/../aarch64-xilinx-elf/usr/lib64/
COLLECT_GCC_OPTIONS='--sysroot=/home/joseph/Vitis/2024.2/gnu/aarch64/lin/aarch64-none/bin/../aarch64-xilinx-elf' '-mbranch-protection=none' '-O2' '-D' 'SDT' '-MMD' '-MP' '-specs=/home/joseph/Documents/vivado/avnet-zuboard-experiments/zuboard-projects/P2_PS_PL_RGB/vitis/ps_pl_rgb_platform/psu_cortexa53_0/standalone_psu_cortexa53_0/bsp/Xilinx.spec' '-I' '/home/joseph/Documents/vivado/avnet-zuboard-experiments/zuboard-projects/P2_PS_PL_RGB/vitis/ps_pl_rgb_platform/psu_cortexa53_0/standalone_psu_cortexa53_0/bsp/include' '-v' '-o' 'cmTC_ca8c2' '-march=armv8-a' '-mlittle-endian' '-mabi=lp64' '-dumpdir' 'cmTC_ca8c2.'
 /home/joseph/Vitis/2024.2/gnu/aarch64/lin/aarch64-none/x86_64-oesdk-linux/usr/bin/aarch64-xilinx-elf/../../libexec/aarch64-xilinx-elf/gcc/aarch64-xilinx-elf/13.3.0/collect2 -plugin /home/joseph/Vitis/2024.2/gnu/aarch64/lin/aarch64-none/x86_64-oesdk-linux/usr/bin/aarch64-xilinx-elf/../../libexec/aarch64-xilinx-elf/gcc/aarch64-xilinx-elf/13.3.0/liblto_plugin.so -plugin-opt=/home/joseph/Vitis/2024.2/gnu/aarch64/lin/aarch64-none/x86_64-oesdk-linux/usr/bin/aarch64-xilinx-elf/../../libexec/aarch64-xilinx-elf/gcc/aarch64-xilinx-elf/13.3.0/lto-wrapper -plugin-opt=-fresolution=/tmp/ccx5GvsD.res -plugin-opt=-pass-through=-lgcc -plugin-opt=-pass-through=-lc -plugin-opt=-pass-through=-lgcc --sysroot=/home/joseph/Vitis/2024.2/gnu/aarch64/lin/aarch64-none/bin/../aarch64-xilinx-elf --build-id -EL -X -maarch64elf -o cmTC_ca8c2 /home/joseph/Vitis/2024.2/gnu/aarch64/lin/aarch64-none/bin/../aarch64-xilinx-elf/usr/lib64/aarch64-xilinx-elf/13.3.0/crti.o /home/joseph/Vitis/2024.2/gnu/aarch64/lin/aarch64-none/bin/../aarch64-xilinx-elf/usr/lib64/aarch64-xilinx-elf/13.3.0/crtbegin.o -L/home/joseph/Vitis/2024.2/gnu/aarch64/lin/aarch64-none/x86_64-oesdk-linux/usr/bin/aarch64-xilinx-elf/../../lib/aarch64-xilinx-elf/gcc/aarch64-xilinx-elf/13.3.0 -L/home/joseph/Vitis/2024.2/gnu/aarch64/lin/aarch64-none/x86_64-oesdk-linux/usr/bin/aarch64-xilinx-elf/../../lib/aarch64-xilinx-elf/gcc -L/home/joseph/Vitis/2024.2/gnu/aarch64/lin/aarch64-none/bin/../aarch64-xilinx-elf/usr/lib64/aarch64-xilinx-elf/13.3.0 -L/home/joseph/Vitis/2024.2/gnu/aarch64/lin/aarch64-none/bin/../aarch64-xilinx-elf/usr/lib64 --no-warn-rwx-segment --gc-sections CMakeFiles/cmTC_ca8c2.dir/CMakeCCompilerABI.c.obj -lgcc -lc -lgcc /home/joseph/Vitis/2024.2/gnu/aarch64/lin/aarch64-none/bin/../aarch64-xilinx-elf/usr/lib64/aarch64-xilinx-elf/13.3.0/crtend.o /home/joseph/Vitis/2024.2/gnu/aarch64/lin/aarch64-none/bin/../aarch64-xilinx-elf/usr/lib64/aarch64-xilinx-elf/13.3.0/crtn.o
/home/joseph/Vitis/2024.2/gnu/aarch64/lin/aarch64-none/x86_64-oesdk-linux/usr/bin/aarch64-xilinx-elf/aarch64-xilinx-elf-ld.real: warning: cannot find entry symbol _start; defaulting to 0000000000400060
COLLECT_GCC_OPTIONS='--sysroot=/home/joseph/Vitis/2024.2/gnu/aarch64/lin/aarch64-none/bin/../aarch64-xilinx-elf' '-mbranch-protection=none' '-O2' '-D' 'SDT' '-MMD' '-MP' '-specs=/home/joseph/Documents/vivado/avnet-zuboard-experiments/zuboard-projects/P2_PS_PL_RGB/vitis/ps_pl_rgb_platform/psu_cortexa53_0/standalone_psu_cortexa53_0/bsp/Xilinx.spec' '-I' '/home/joseph/Documents/vivado/avnet-zuboard-experiments/zuboard-projects/P2_PS_PL_RGB/vitis/ps_pl_rgb_platform/psu_cortexa53_0/standalone_psu_cortexa53_0/bsp/include' '-v' '-o' 'cmTC_ca8c2' '-march=armv8-a' '-mlittle-endian' '-mabi=lp64' '-dumpdir' 'cmTC_ca8c2.'



Parsed C implicit include dir info from above output: rv=done
  found start of include info
  found start of implicit include info
    add: [/home/joseph/Documents/vivado/avnet-zuboard-experiments/zuboard-projects/P2_PS_PL_RGB/vitis/ps_pl_rgb_platform/psu_cortexa53_0/standalone_psu_cortexa53_0/bsp/include]
    add: [/home/joseph/Vitis/2024.2/gnu/aarch64/lin/aarch64-none/x86_64-oesdk-linux/usr/bin/aarch64-xilinx-elf/../../lib/aarch64-xilinx-elf/gcc/aarch64-xilinx-elf/13.3.0/include]
    add: [/home/joseph/Vitis/2024.2/gnu/aarch64/lin/aarch64-none/x86_64-oesdk-linux/usr/bin/aarch64-xilinx-elf/../../lib/aarch64-xilinx-elf/gcc/aarch64-xilinx-elf/13.3.0/include-fixed]
    add: [/home/joseph/Vitis/2024.2/gnu/aarch64/lin/aarch64-none/bin/../aarch64-xilinx-elf/usr/include/]
  end of search list found
  collapse include dir [/home/joseph/Documents/vivado/avnet-zuboard-experiments/zuboard-projects/P2_PS_PL_RGB/vitis/ps_pl_rgb_platform/psu_cortexa53_0/standalone_psu_cortexa53_0/bsp/include] ==> [/home/joseph/Documents/vivado/avnet-zuboard-experiments/zuboard-projects/P2_PS_PL_RGB/vitis/ps_pl_rgb_platform/psu_cortexa53_0/standalone_psu_cortexa53_0/bsp/include]
  collapse include dir [/home/joseph/Vitis/2024.2/gnu/aarch64/lin/aarch64-none/x86_64-oesdk-linux/usr/bin/aarch64-xilinx-elf/../../lib/aarch64-xilinx-elf/gcc/aarch64-xilinx-elf/13.3.0/include] ==> [/home/joseph/Vitis/2024.2/gnu/aarch64/lin/aarch64-none/x86_64-oesdk-linux/usr/lib/aarch64-xilinx-elf/gcc/aarch64-xilinx-elf/13.3.0/include]
  collapse include dir [/home/joseph/Vitis/2024.2/gnu/aarch64/lin/aarch64-none/x86_64-oesdk-linux/usr/bin/aarch64-xilinx-elf/../../lib/aarch64-xilinx-elf/gcc/aarch64-xilinx-elf/13.3.0/include-fixed] ==> [/home/joseph/Vitis/2024.2/gnu/aarch64/lin/aarch64-none/x86_64-oesdk-linux/usr/lib/aarch64-xilinx-elf/gcc/aarch64-xilinx-elf/13.3.0/include-fixed]
  collapse include dir [/home/joseph/Vitis/2024.2/gnu/aarch64/lin/aarch64-none/bin/../aarch64-xilinx-elf/usr/include/] ==> [/home/joseph/Vitis/2024.2/gnu/aarch64/lin/aarch64-none/aarch64-xilinx-elf/usr/include]
  implicit include dirs: [/home/joseph/Documents/vivado/avnet-zuboard-experiments/zuboard-projects/P2_PS_PL_RGB/vitis/ps_pl_rgb_platform/psu_cortexa53_0/standalone_psu_cortexa53_0/bsp/include;/home/joseph/Vitis/2024.2/gnu/aarch64/lin/aarch64-none/x86_64-oesdk-linux/usr/lib/aarch64-xilinx-elf/gcc/aarch64-xilinx-elf/13.3.0/include;/home/joseph/Vitis/2024.2/gnu/aarch64/lin/aarch64-none/x86_64-oesdk-linux/usr/lib/aarch64-xilinx-elf/gcc/aarch64-xilinx-elf/13.3.0/include-fixed;/home/joseph/Vitis/2024.2/gnu/aarch64/lin/aarch64-none/aarch64-xilinx-elf/usr/include]


Parsed C implicit link information from above output:
  link line regex: [^( *|.*[/\])(aarch64-none-elf-ld|CMAKE_LINK_STARTFILE-NOTFOUND|([^/\]+-)?ld|collect2)[^/\]*( |$)]
  ignore line: [Change Dir: /home/joseph/Documents/vivado/avnet-zuboard-experiments/zuboard-projects/P2_PS_PL_RGB/vitis/ps_pl_rgb_platform/psu_cortexa53_0/standalone_psu_cortexa53_0/bsp/libsrc/build_configs/gen_bsp/CMakeFiles/CMakeTmp]
  ignore line: []
  ignore line: [Run Build Command(s):/home/joseph/Vitis/2024.2/tps/lnx64/lopper-1.1.0/env/bin/ninja cmTC_ca8c2 && [1/2] Building C object CMakeFiles/cmTC_ca8c2.dir/CMakeCCompilerABI.c.obj]
  ignore line: [Using built-in specs.]
  ignore line: [Reading specs from /home/joseph/Documents/vivado/avnet-zuboard-experiments/zuboard-projects/P2_PS_PL_RGB/vitis/ps_pl_rgb_platform/psu_cortexa53_0/standalone_psu_cortexa53_0/bsp/Xilinx.spec]
  ignore line: [COLLECT_GCC=/home/joseph/Vitis/2024.2/gnu/aarch64/lin/aarch64-none/bin/../x86_64-oesdk-linux/usr/bin/aarch64-xilinx-elf/aarch64-xilinx-elf-gcc.real]
  ignore line: [Target: aarch64-xilinx-elf]
  ignore line: [Configured with: ../../../../../../work-shared/gcc-13.3.0-r0/gcc-13.3.0/configure --build=x86_64-linux --host=x86_64-oesdk-linux --target=aarch64-xilinx-elf --prefix=/usr/local/oe-sdk-hardcoded-buildpath/sysroots/x86_64-oesdk-linux/usr --exec_prefix=/usr/local/oe-sdk-hardcoded-buildpath/sysroots/x86_64-oesdk-linux/usr --bindir=/usr/local/oe-sdk-hardcoded-buildpath/sysroots/x86_64-oesdk-linux/usr/bin/aarch64-xilinx-elf --sbindir=/usr/local/oe-sdk-hardcoded-buildpath/sysroots/x86_64-oesdk-linux/usr/bin/aarch64-xilinx-elf --libexecdir=/usr/local/oe-sdk-hardcoded-buildpath/sysroots/x86_64-oesdk-linux/usr/libexec/aarch64-xilinx-elf --datadir=/usr/local/oe-sdk-hardcoded-buildpath/sysroots/x86_64-oesdk-linux/usr/share --sysconfdir=/usr/local/oe-sdk-hardcoded-buildpath/sysroots/x86_64-oesdk-linux/etc --sharedstatedir=/usr/local/oe-sdk-hardcoded-buildpath/sysroots/x86_64-oesdk-linux/com --localstatedir=/usr/local/oe-sdk-hardcoded-buildpath/sysroots/x86_64-oesdk-linux/var --libdir=/usr/local/oe-sdk-hardcoded-buildpath/sysroots/x86_64-oesdk-linux/usr/lib/aarch64-xilinx-elf --includedir=/usr/local/oe-sdk-hardcoded-buildpath/sysroots/x86_64-oesdk-linux/usr/include --oldincludedir=/usr/local/oe-sdk-hardcoded-buildpath/sysroots/x86_64-oesdk-linux/usr/include --infodir=/usr/local/oe-sdk-hardcoded-buildpath/sysroots/x86_64-oesdk-linux/usr/share/info --mandir=/usr/local/oe-sdk-hardcoded-buildpath/sysroots/x86_64-oesdk-linux/usr/share/man --disable-silent-rules --disable-dependency-tracking --with-libtool-sysroot=/scratch/jenkins-BUILDS-eSDK-toolchain-2024.2_toolchain-9_Standalone_aarch64-tc/build/aarch64-tc-x86_64/work/x86_64-nativesdk-oesdk-linux/gcc-cross-canadian-aarch64/13.3.0/recipe-sysroot --with-gnu-ld --enable-shared --enable-languages=c,c++,fortran --enable-threads=posix --enable-multilib --enable-c99 --enable-long-long --enable-libstdcxx-pch --program-prefix=aarch64-xilinx-elf- --without-local-prefix --disable-install-libiberty --disable-libssp --enable-libitm --enable-lto --disable-bootstrap --with-system-zlib --enable-linker-build-id --with-ppl=no --with-cloog=no --enable-checking=release --enable-cheaders=c_global --without-isl --with-gxx-include-dir=/not/exist/usr/include/c++/13.3.0 --with-build-time-tools=/scratch/jenkins-BUILDS-eSDK-toolchain-2024.2_toolchain-9_Standalone_aarch64-tc/build/aarch64-tc-x86_64/work/x86_64-nativesdk-oesdk-linux/gcc-cross-canadian-aarch64/13.3.0/recipe-sysroot-native/usr/aarch64-xilinx-elf/bin --with-sysroot=/not/exist --with-build-sysroot=/scratch/jenkins-BUILDS-eSDK-toolchain-2024.2_toolchain-9_Standalone_aarch64-tc/build/aarch64-tc-x86_64/work/x86_64-nativesdk-oesdk-linux/gcc-cross-canadian-aarch64/13.3.0/recipe-sysroot --with-plugin-ld=ld --enable-poison-system-directories --disable-static --enable-nls --with-glibc-version=2.28 --enable-initfini-array --enable-multilib --disable-libstdcxx-pch --with-newlib --disable-threads --enable-plugins --with-gnu-as --disable-libitm --disable-multiarch --with-arch=armv8-a --with-sysroot=/not/exist]
  ignore line: [Thread model: single]
  ignore line: [Supported LTO compression algorithms: zlib zstd]
  ignore line: [gcc version 13.3.0 (GCC) ]
  ignore line: [COLLECT_GCC_OPTIONS='--sysroot=/home/joseph/Vitis/2024.2/gnu/aarch64/lin/aarch64-none/bin/../aarch64-xilinx-elf' '-mbranch-protection=none' '-O2' '-D' 'SDT' '-MMD' '-MP' '-specs=/home/joseph/Documents/vivado/avnet-zuboard-experiments/zuboard-projects/P2_PS_PL_RGB/vitis/ps_pl_rgb_platform/psu_cortexa53_0/standalone_psu_cortexa53_0/bsp/Xilinx.spec' '-I' '/home/joseph/Documents/vivado/avnet-zuboard-experiments/zuboard-projects/P2_PS_PL_RGB/vitis/ps_pl_rgb_platform/psu_cortexa53_0/standalone_psu_cortexa53_0/bsp/include' '-v' '-o' 'CMakeFiles/cmTC_ca8c2.dir/CMakeCCompilerABI.c.obj' '-c' '-march=armv8-a' '-mlittle-endian' '-mabi=lp64' '-dumpdir' 'CMakeFiles/cmTC_ca8c2.dir/']
  ignore line: [ /home/joseph/Vitis/2024.2/gnu/aarch64/lin/aarch64-none/x86_64-oesdk-linux/usr/bin/aarch64-xilinx-elf/../../libexec/aarch64-xilinx-elf/gcc/aarch64-xilinx-elf/13.3.0/cc1 -quiet -v -I /home/joseph/Documents/vivado/avnet-zuboard-experiments/zuboard-projects/P2_PS_PL_RGB/vitis/ps_pl_rgb_platform/psu_cortexa53_0/standalone_psu_cortexa53_0/bsp/include -iprefix /home/joseph/Vitis/2024.2/gnu/aarch64/lin/aarch64-none/x86_64-oesdk-linux/usr/bin/aarch64-xilinx-elf/../../lib/aarch64-xilinx-elf/gcc/aarch64-xilinx-elf/13.3.0/ -isysroot /home/joseph/Vitis/2024.2/gnu/aarch64/lin/aarch64-none/bin/../aarch64-xilinx-elf -MMD CMakeFiles/cmTC_ca8c2.dir/CMakeCCompilerABI.c.d -MP -MQ CMakeFiles/cmTC_ca8c2.dir/CMakeCCompilerABI.c.obj -D SDT /home/joseph/Vitis/2024.2/tps/lnx64/cmake-3.24.2/share/cmake-3.24/Modules/CMakeCCompilerABI.c -quiet -dumpdir CMakeFiles/cmTC_ca8c2.dir/ -dumpbase CMakeCCompilerABI.c.c -dumpbase-ext .c -mbranch-protection=none -march=armv8-a -mlittle-endian -mabi=lp64 -O2 -version -o /tmp/ccfiq64B.s]
  ignore line: [GNU C17 (GCC) version 13.3.0 (aarch64-xilinx-elf)]
  ignore line: [	compiled by GNU C version 13.3.0  GMP version 6.3.0  MPFR version 4.2.1  MPC version 1.3.1  isl version none]
  ignore line: [GGC heuristics: --param ggc-min-expand=100 --param ggc-min-heapsize=131072]
  ignore line: [ignoring nonexistent directory "/home/joseph/Vitis/2024.2/gnu/aarch64/lin/aarch64-none/x86_64-oesdk-linux/usr/bin/aarch64-xilinx-elf/../../lib/aarch64-xilinx-elf/gcc/aarch64-xilinx-elf/13.3.0/../../../../../aarch64-xilinx-elf/include"]
  ignore line: [ignoring duplicate directory "/home/joseph/Vitis/2024.2/gnu/aarch64/lin/aarch64-none/x86_64-oesdk-linux/usr/bin/aarch64-xilinx-elf/../../lib/aarch64-xilinx-elf/gcc/../../../lib/aarch64-xilinx-elf/gcc/aarch64-xilinx-elf/13.3.0/include"]
  ignore line: [ignoring nonexistent directory "/home/joseph/Vitis/2024.2/gnu/aarch64/lin/aarch64-none/bin/../aarch64-xilinx-elf/usr/lib64/aarch64-xilinx-elf/13.3.0/include"]
  ignore line: [ignoring nonexistent directory "/home/joseph/Vitis/2024.2/gnu/aarch64/lin/aarch64-none/bin/../aarch64-xilinx-elf/usr/local/include"]
  ignore line: [ignoring duplicate directory "/home/joseph/Vitis/2024.2/gnu/aarch64/lin/aarch64-none/x86_64-oesdk-linux/usr/bin/aarch64-xilinx-elf/../../lib/aarch64-xilinx-elf/gcc/../../../lib/aarch64-xilinx-elf/gcc/aarch64-xilinx-elf/13.3.0/include-fixed"]
  ignore line: [ignoring nonexistent directory "/home/joseph/Vitis/2024.2/gnu/aarch64/lin/aarch64-none/x86_64-oesdk-linux/usr/bin/aarch64-xilinx-elf/../../lib/aarch64-xilinx-elf/gcc/../../../lib/aarch64-xilinx-elf/gcc/aarch64-xilinx-elf/13.3.0/../../../../../aarch64-xilinx-elf/include"]
  ignore line: [#include "..." search starts here:]
  ignore line: [#include <...> search starts here:]
  ignore line: [ /home/joseph/Documents/vivado/avnet-zuboard-experiments/zuboard-projects/P2_PS_PL_RGB/vitis/ps_pl_rgb_platform/psu_cortexa53_0/standalone_psu_cortexa53_0/bsp/include]
  ignore line: [ /home/joseph/Vitis/2024.2/gnu/aarch64/lin/aarch64-none/x86_64-oesdk-linux/usr/bin/aarch64-xilinx-elf/../../lib/aarch64-xilinx-elf/gcc/aarch64-xilinx-elf/13.3.0/include]
  ignore line: [ /home/joseph/Vitis/2024.2/gnu/aarch64/lin/aarch64-none/x86_64-oesdk-linux/usr/bin/aarch64-xilinx-elf/../../lib/aarch64-xilinx-elf/gcc/aarch64-xilinx-elf/13.3.0/include-fixed]
  ignore line: [ /home/joseph/Vitis/2024.2/gnu/aarch64/lin/aarch64-none/bin/../aarch64-xilinx-elf/usr/include/]
  ignore line: [End of search list.]
  ignore line: [Compiler executable checksum: 1e6d5fd22fe6668fd2fd255fd9a59efe]
  ignore line: [COLLECT_GCC_OPTIONS='--sysroot=/home/joseph/Vitis/2024.2/gnu/aarch64/lin/aarch64-none/bin/../aarch64-xilinx-elf' '-mbranch-protection=none' '-O2' '-D' 'SDT' '-MMD' '-MP' '-specs=/home/joseph/Documents/vivado/avnet-zuboard-experiments/zuboard-projects/P2_PS_PL_RGB/vitis/ps_pl_rgb_platform/psu_cortexa53_0/standalone_psu_cortexa53_0/bsp/Xilinx.spec' '-I' '/home/joseph/Documents/vivado/avnet-zuboard-experiments/zuboard-projects/P2_PS_PL_RGB/vitis/ps_pl_rgb_platform/psu_cortexa53_0/standalone_psu_cortexa53_0/bsp/include' '-v' '-o' 'CMakeFiles/cmTC_ca8c2.dir/CMakeCCompilerABI.c.obj' '-c' '-march=armv8-a' '-mlittle-endian' '-mabi=lp64' '-dumpdir' 'CMakeFiles/cmTC_ca8c2.dir/']
  ignore line: [ /home/joseph/Vitis/2024.2/gnu/aarch64/lin/aarch64-none/x86_64-oesdk-linux/usr/bin/aarch64-xilinx-elf/../../libexec/aarch64-xilinx-elf/gcc/aarch64-xilinx-elf/13.3.0/as -v -I /home/joseph/Documents/vivado/avnet-zuboard-experiments/zuboard-projects/P2_PS_PL_RGB/vitis/ps_pl_rgb_platform/psu_cortexa53_0/standalone_psu_cortexa53_0/bsp/include -EL -march=armv8-a -mabi=lp64 -o CMakeFiles/cmTC_ca8c2.dir/CMakeCCompilerABI.c.obj /tmp/ccfiq64B.s]
  ignore line: [GNU assembler version 2.42.0 (aarch64-xilinx-elf) using BFD version (GNU Binutils) 2.42.0.20240620]
  ignore line: [COMPILER_PATH=/home/joseph/Vitis/2024.2/gnu/aarch64/lin/aarch64-none/x86_64-oesdk-linux/usr/bin/aarch64-xilinx-elf/../../libexec/aarch64-xilinx-elf/gcc/aarch64-xilinx-elf/13.3.0/:/home/joseph/Vitis/2024.2/gnu/aarch64/lin/aarch64-none/x86_64-oesdk-linux/usr/bin/aarch64-xilinx-elf/../../libexec/aarch64-xilinx-elf/gcc/]
  ignore line: [LIBRARY_PATH=/home/joseph/Vitis/2024.2/gnu/aarch64/lin/aarch64-none/x86_64-oesdk-linux/usr/bin/aarch64-xilinx-elf/../../lib/aarch64-xilinx-elf/gcc/aarch64-xilinx-elf/13.3.0/:/home/joseph/Vitis/2024.2/gnu/aarch64/lin/aarch64-none/x86_64-oesdk-linux/usr/bin/aarch64-xilinx-elf/../../lib/aarch64-xilinx-elf/gcc/:/home/joseph/Vitis/2024.2/gnu/aarch64/lin/aarch64-none/bin/../aarch64-xilinx-elf/usr/lib64/aarch64-xilinx-elf/13.3.0/:/home/joseph/Vitis/2024.2/gnu/aarch64/lin/aarch64-none/bin/../aarch64-xilinx-elf/usr/lib64/]
  ignore line: [COLLECT_GCC_OPTIONS='--sysroot=/home/joseph/Vitis/2024.2/gnu/aarch64/lin/aarch64-none/bin/../aarch64-xilinx-elf' '-mbranch-protection=none' '-O2' '-D' 'SDT' '-MMD' '-MP' '-specs=/home/joseph/Documents/vivado/avnet-zuboard-experiments/zuboard-projects/P2_PS_PL_RGB/vitis/ps_pl_rgb_platform/psu_cortexa53_0/standalone_psu_cortexa53_0/bsp/Xilinx.spec' '-I' '/home/joseph/Documents/vivado/avnet-zuboard-experiments/zuboard-projects/P2_PS_PL_RGB/vitis/ps_pl_rgb_platform/psu_cortexa53_0/standalone_psu_cortexa53_0/bsp/include' '-v' '-o' 'CMakeFiles/cmTC_ca8c2.dir/CMakeCCompilerABI.c.obj' '-c' '-march=armv8-a' '-mlittle-endian' '-mabi=lp64' '-dumpdir' 'CMakeFiles/cmTC_ca8c2.dir/CMakeCCompilerABI.c.']
  ignore line: [[2/2] Linking C executable cmTC_ca8c2]
  ignore line: [Using built-in specs.]
  ignore line: [Reading specs from /home/joseph/Documents/vivado/avnet-zuboard-experiments/zuboard-projects/P2_PS_PL_RGB/vitis/ps_pl_rgb_platform/psu_cortexa53_0/standalone_psu_cortexa53_0/bsp/Xilinx.spec]
  ignore line: [COLLECT_GCC=/home/joseph/Vitis/2024.2/gnu/aarch64/lin/aarch64-none/bin/../x86_64-oesdk-linux/usr/bin/aarch64-xilinx-elf/aarch64-xilinx-elf-gcc.real]
  ignore line: [COLLECT_LTO_WRAPPER=/home/joseph/Vitis/2024.2/gnu/aarch64/lin/aarch64-none/x86_64-oesdk-linux/usr/bin/aarch64-xilinx-elf/../../libexec/aarch64-xilinx-elf/gcc/aarch64-xilinx-elf/13.3.0/lto-wrapper]
  ignore line: [Target: aarch64-xilinx-elf]
  ignore line: [Configured with: ../../../../../../work-shared/gcc-13.3.0-r0/gcc-13.3.0/configure --build=x86_64-linux --host=x86_64-oesdk-linux --target=aarch64-xilinx-elf --prefix=/usr/local/oe-sdk-hardcoded-buildpath/sysroots/x86_64-oesdk-linux/usr --exec_prefix=/usr/local/oe-sdk-hardcoded-buildpath/sysroots/x86_64-oesdk-linux/usr --bindir=/usr/local/oe-sdk-hardcoded-buildpath/sysroots/x86_64-oesdk-linux/usr/bin/aarch64-xilinx-elf --sbindir=/usr/local/oe-sdk-hardcoded-buildpath/sysroots/x86_64-oesdk-linux/usr/bin/aarch64-xilinx-elf --libexecdir=/usr/local/oe-sdk-hardcoded-buildpath/sysroots/x86_64-oesdk-linux/usr/libexec/aarch64-xilinx-elf --datadir=/usr/local/oe-sdk-hardcoded-buildpath/sysroots/x86_64-oesdk-linux/usr/share --sysconfdir=/usr/local/oe-sdk-hardcoded-buildpath/sysroots/x86_64-oesdk-linux/etc --sharedstatedir=/usr/local/oe-sdk-hardcoded-buildpath/sysroots/x86_64-oesdk-linux/com --localstatedir=/usr/local/oe-sdk-hardcoded-buildpath/sysroots/x86_64-oesdk-linux/var --libdir=/usr/local/oe-sdk-hardcoded-buildpath/sysroots/x86_64-oesdk-linux/usr/lib/aarch64-xilinx-elf --includedir=/usr/local/oe-sdk-hardcoded-buildpath/sysroots/x86_64-oesdk-linux/usr/include --oldincludedir=/usr/local/oe-sdk-hardcoded-buildpath/sysroots/x86_64-oesdk-linux/usr/include --infodir=/usr/local/oe-sdk-hardcoded-buildpath/sysroots/x86_64-oesdk-linux/usr/share/info --mandir=/usr/local/oe-sdk-hardcoded-buildpath/sysroots/x86_64-oesdk-linux/usr/share/man --disable-silent-rules --disable-dependency-tracking --with-libtool-sysroot=/scratch/jenkins-BUILDS-eSDK-toolchain-2024.2_toolchain-9_Standalone_aarch64-tc/build/aarch64-tc-x86_64/work/x86_64-nativesdk-oesdk-linux/gcc-cross-canadian-aarch64/13.3.0/recipe-sysroot --with-gnu-ld --enable-shared --enable-languages=c,c++,fortran --enable-threads=posix --enable-multilib --enable-c99 --enable-long-long --enable-libstdcxx-pch --program-prefix=aarch64-xilinx-elf- --without-local-prefix --disable-install-libiberty --disable-libssp --enable-libitm --enable-lto --disable-bootstrap --with-system-zlib --enable-linker-build-id --with-ppl=no --with-cloog=no --enable-checking=release --enable-cheaders=c_global --without-isl --with-gxx-include-dir=/not/exist/usr/include/c++/13.3.0 --with-build-time-tools=/scratch/jenkins-BUILDS-eSDK-toolchain-2024.2_toolchain-9_Standalone_aarch64-tc/build/aarch64-tc-x86_64/work/x86_64-nativesdk-oesdk-linux/gcc-cross-canadian-aarch64/13.3.0/recipe-sysroot-native/usr/aarch64-xilinx-elf/bin --with-sysroot=/not/exist --with-build-sysroot=/scratch/jenkins-BUILDS-eSDK-toolchain-2024.2_toolchain-9_Standalone_aarch64-tc/build/aarch64-tc-x86_64/work/x86_64-nativesdk-oesdk-linux/gcc-cross-canadian-aarch64/13.3.0/recipe-sysroot --with-plugin-ld=ld --enable-poison-system-directories --disable-static --enable-nls --with-glibc-version=2.28 --enable-initfini-array --enable-multilib --disable-libstdcxx-pch --with-newlib --disable-threads --enable-plugins --with-gnu-as --disable-libitm --disable-multiarch --with-arch=armv8-a --with-sysroot=/not/exist]
  ignore line: [Thread model: single]
  ignore line: [Supported LTO compression algorithms: zlib zstd]
  ignore line: [gcc version 13.3.0 (GCC) ]
  ignore line: [COMPILER_PATH=/home/joseph/Vitis/2024.2/gnu/aarch64/lin/aarch64-none/x86_64-oesdk-linux/usr/bin/aarch64-xilinx-elf/../../libexec/aarch64-xilinx-elf/gcc/aarch64-xilinx-elf/13.3.0/:/home/joseph/Vitis/2024.2/gnu/aarch64/lin/aarch64-none/x86_64-oesdk-linux/usr/bin/aarch64-xilinx-elf/../../libexec/aarch64-xilinx-elf/gcc/]
  ignore line: [LIBRARY_PATH=/home/joseph/Vitis/2024.2/gnu/aarch64/lin/aarch64-none/x86_64-oesdk-linux/usr/bin/aarch64-xilinx-elf/../../lib/aarch64-xilinx-elf/gcc/aarch64-xilinx-elf/13.3.0/:/home/joseph/Vitis/2024.2/gnu/aarch64/lin/aarch64-none/x86_64-oesdk-linux/usr/bin/aarch64-xilinx-elf/../../lib/aarch64-xilinx-elf/gcc/:/home/joseph/Vitis/2024.2/gnu/aarch64/lin/aarch64-none/bin/../aarch64-xilinx-elf/usr/lib64/aarch64-xilinx-elf/13.3.0/:/home/joseph/Vitis/2024.2/gnu/aarch64/lin/aarch64-none/bin/../aarch64-xilinx-elf/usr/lib64/]
  ignore line: [COLLECT_GCC_OPTIONS='--sysroot=/home/joseph/Vitis/2024.2/gnu/aarch64/lin/aarch64-none/bin/../aarch64-xilinx-elf' '-mbranch-protection=none' '-O2' '-D' 'SDT' '-MMD' '-MP' '-specs=/home/joseph/Documents/vivado/avnet-zuboard-experiments/zuboard-projects/P2_PS_PL_RGB/vitis/ps_pl_rgb_platform/psu_cortexa53_0/standalone_psu_cortexa53_0/bsp/Xilinx.spec' '-I' '/home/joseph/Documents/vivado/avnet-zuboard-experiments/zuboard-projects/P2_PS_PL_RGB/vitis/ps_pl_rgb_platform/psu_cortexa53_0/standalone_psu_cortexa53_0/bsp/include' '-v' '-o' 'cmTC_ca8c2' '-march=armv8-a' '-mlittle-endian' '-mabi=lp64' '-dumpdir' 'cmTC_ca8c2.']
  link line: [ /home/joseph/Vitis/2024.2/gnu/aarch64/lin/aarch64-none/x86_64-oesdk-linux/usr/bin/aarch64-xilinx-elf/../../libexec/aarch64-xilinx-elf/gcc/aarch64-xilinx-elf/13.3.0/collect2 -plugin /home/joseph/Vitis/2024.2/gnu/aarch64/lin/aarch64-none/x86_64-oesdk-linux/usr/bin/aarch64-xilinx-elf/../../libexec/aarch64-xilinx-elf/gcc/aarch64-xilinx-elf/13.3.0/liblto_plugin.so -plugin-opt=/home/joseph/Vitis/2024.2/gnu/aarch64/lin/aarch64-none/x86_64-oesdk-linux/usr/bin/aarch64-xilinx-elf/../../libexec/aarch64-xilinx-elf/gcc/aarch64-xilinx-elf/13.3.0/lto-wrapper -plugin-opt=-fresolution=/tmp/ccx5GvsD.res -plugin-opt=-pass-through=-lgcc -plugin-opt=-pass-through=-lc -plugin-opt=-pass-through=-lgcc --sysroot=/home/joseph/Vitis/2024.2/gnu/aarch64/lin/aarch64-none/bin/../aarch64-xilinx-elf --build-id -EL -X -maarch64elf -o cmTC_ca8c2 /home/joseph/Vitis/2024.2/gnu/aarch64/lin/aarch64-none/bin/../aarch64-xilinx-elf/usr/lib64/aarch64-xilinx-elf/13.3.0/crti.o /home/joseph/Vitis/2024.2/gnu/aarch64/lin/aarch64-none/bin/../aarch64-xilinx-elf/usr/lib64/aarch64-xilinx-elf/13.3.0/crtbegin.o -L/home/joseph/Vitis/2024.2/gnu/aarch64/lin/aarch64-none/x86_64-oesdk-linux/usr/bin/aarch64-xilinx-elf/../../lib/aarch64-xilinx-elf/gcc/aarch64-xilinx-elf/13.3.0 -L/home/joseph/Vitis/2024.2/gnu/aarch64/lin/aarch64-none/x86_64-oesdk-linux/usr/bin/aarch64-xilinx-elf/../../lib/aarch64-xilinx-elf/gcc -L/home/joseph/Vitis/2024.2/gnu/aarch64/lin/aarch64-none/bin/../aarch64-xilinx-elf/usr/lib64/aarch64-xilinx-elf/13.3.0 -L/home/joseph/Vitis/2024.2/gnu/aarch64/lin/aarch64-none/bin/../aarch64-xilinx-elf/usr/lib64 --no-warn-rwx-segment --gc-sections CMakeFiles/cmTC_ca8c2.dir/CMakeCCompilerABI.c.obj -lgcc -lc -lgcc /home/joseph/Vitis/2024.2/gnu/aarch64/lin/aarch64-none/bin/../aarch64-xilinx-elf/usr/lib64/aarch64-xilinx-elf/13.3.0/crtend.o /home/joseph/Vitis/2024.2/gnu/aarch64/lin/aarch64-none/bin/../aarch64-xilinx-elf/usr/lib64/aarch64-xilinx-elf/13.3.0/crtn.o]
    arg [/home/joseph/Vitis/2024.2/gnu/aarch64/lin/aarch64-none/x86_64-oesdk-linux/usr/bin/aarch64-xilinx-elf/../../libexec/aarch64-xilinx-elf/gcc/aarch64-xilinx-elf/13.3.0/collect2] ==> ignore
    arg [-plugin] ==> ignore
    arg [/home/joseph/Vitis/2024.2/gnu/aarch64/lin/aarch64-none/x86_64-oesdk-linux/usr/bin/aarch64-xilinx-elf/../../libexec/aarch64-xilinx-elf/gcc/aarch64-xilinx-elf/13.3.0/liblto_plugin.so] ==> ignore
    arg [-plugin-opt=/home/joseph/Vitis/2024.2/gnu/aarch64/lin/aarch64-none/x86_64-oesdk-linux/usr/bin/aarch64-xilinx-elf/../../libexec/aarch64-xilinx-elf/gcc/aarch64-xilinx-elf/13.3.0/lto-wrapper] ==> ignore
    arg [-plugin-opt=-fresolution=/tmp/ccx5GvsD.res] ==> ignore
    arg [-plugin-opt=-pass-through=-lgcc] ==> ignore
    arg [-plugin-opt=-pass-through=-lc] ==> ignore
    arg [-plugin-opt=-pass-through=-lgcc] ==> ignore
    arg [--sysroot=/home/joseph/Vitis/2024.2/gnu/aarch64/lin/aarch64-none/bin/../aarch64-xilinx-elf] ==> ignore
    arg [--build-id] ==> ignore
    arg [-EL] ==> ignore
    arg [-X] ==> ignore
    arg [-maarch64elf] ==> ignore
    arg [-o] ==> ignore
    arg [cmTC_ca8c2] ==> ignore
    arg [/home/joseph/Vitis/2024.2/gnu/aarch64/lin/aarch64-none/bin/../aarch64-xilinx-elf/usr/lib64/aarch64-xilinx-elf/13.3.0/crti.o] ==> obj [/home/joseph/Vitis/2024.2/gnu/aarch64/lin/aarch64-none/bin/../aarch64-xilinx-elf/usr/lib64/aarch64-xilinx-elf/13.3.0/crti.o]
    arg [/home/joseph/Vitis/2024.2/gnu/aarch64/lin/aarch64-none/bin/../aarch64-xilinx-elf/usr/lib64/aarch64-xilinx-elf/13.3.0/crtbegin.o] ==> obj [/home/joseph/Vitis/2024.2/gnu/aarch64/lin/aarch64-none/bin/../aarch64-xilinx-elf/usr/lib64/aarch64-xilinx-elf/13.3.0/crtbegin.o]
    arg [-L/home/joseph/Vitis/2024.2/gnu/aarch64/lin/aarch64-none/x86_64-oesdk-linux/usr/bin/aarch64-xilinx-elf/../../lib/aarch64-xilinx-elf/gcc/aarch64-xilinx-elf/13.3.0] ==> dir [/home/joseph/Vitis/2024.2/gnu/aarch64/lin/aarch64-none/x86_64-oesdk-linux/usr/bin/aarch64-xilinx-elf/../../lib/aarch64-xilinx-elf/gcc/aarch64-xilinx-elf/13.3.0]
    arg [-L/home/joseph/Vitis/2024.2/gnu/aarch64/lin/aarch64-none/x86_64-oesdk-linux/usr/bin/aarch64-xilinx-elf/../../lib/aarch64-xilinx-elf/gcc] ==> dir [/home/joseph/Vitis/2024.2/gnu/aarch64/lin/aarch64-none/x86_64-oesdk-linux/usr/bin/aarch64-xilinx-elf/../../lib/aarch64-xilinx-elf/gcc]
    arg [-L/home/joseph/Vitis/2024.2/gnu/aarch64/lin/aarch64-none/bin/../aarch64-xilinx-elf/usr/lib64/aarch64-xilinx-elf/13.3.0] ==> dir [/home/joseph/Vitis/2024.2/gnu/aarch64/lin/aarch64-none/bin/../aarch64-xilinx-elf/usr/lib64/aarch64-xilinx-elf/13.3.0]
    arg [-L/home/joseph/Vitis/2024.2/gnu/aarch64/lin/aarch64-none/bin/../aarch64-xilinx-elf/usr/lib64] ==> dir [/home/joseph/Vitis/2024.2/gnu/aarch64/lin/aarch64-none/bin/../aarch64-xilinx-elf/usr/lib64]
    arg [--no-warn-rwx-segment] ==> ignore
    arg [--gc-sections] ==> ignore
    arg [CMakeFiles/cmTC_ca8c2.dir/CMakeCCompilerABI.c.obj] ==> ignore
    arg [-lgcc] ==> lib [gcc]
    arg [-lc] ==> lib [c]
    arg [-lgcc] ==> lib [gcc]
    arg [/home/joseph/Vitis/2024.2/gnu/aarch64/lin/aarch64-none/bin/../aarch64-xilinx-elf/usr/lib64/aarch64-xilinx-elf/13.3.0/crtend.o] ==> obj [/home/joseph/Vitis/2024.2/gnu/aarch64/lin/aarch64-none/bin/../aarch64-xilinx-elf/usr/lib64/aarch64-xilinx-elf/13.3.0/crtend.o]
    arg [/home/joseph/Vitis/2024.2/gnu/aarch64/lin/aarch64-none/bin/../aarch64-xilinx-elf/usr/lib64/aarch64-xilinx-elf/13.3.0/crtn.o] ==> obj [/home/joseph/Vitis/2024.2/gnu/aarch64/lin/aarch64-none/bin/../aarch64-xilinx-elf/usr/lib64/aarch64-xilinx-elf/13.3.0/crtn.o]
  collapse obj [/home/joseph/Vitis/2024.2/gnu/aarch64/lin/aarch64-none/bin/../aarch64-xilinx-elf/usr/lib64/aarch64-xilinx-elf/13.3.0/crti.o] ==> [/home/joseph/Vitis/2024.2/gnu/aarch64/lin/aarch64-none/aarch64-xilinx-elf/usr/lib64/aarch64-xilinx-elf/13.3.0/crti.o]
  collapse obj [/home/joseph/Vitis/2024.2/gnu/aarch64/lin/aarch64-none/bin/../aarch64-xilinx-elf/usr/lib64/aarch64-xilinx-elf/13.3.0/crtbegin.o] ==> [/home/joseph/Vitis/2024.2/gnu/aarch64/lin/aarch64-none/aarch64-xilinx-elf/usr/lib64/aarch64-xilinx-elf/13.3.0/crtbegin.o]
  collapse obj [/home/joseph/Vitis/2024.2/gnu/aarch64/lin/aarch64-none/bin/../aarch64-xilinx-elf/usr/lib64/aarch64-xilinx-elf/13.3.0/crtend.o] ==> [/home/joseph/Vitis/2024.2/gnu/aarch64/lin/aarch64-none/aarch64-xilinx-elf/usr/lib64/aarch64-xilinx-elf/13.3.0/crtend.o]
  collapse obj [/home/joseph/Vitis/2024.2/gnu/aarch64/lin/aarch64-none/bin/../aarch64-xilinx-elf/usr/lib64/aarch64-xilinx-elf/13.3.0/crtn.o] ==> [/home/joseph/Vitis/2024.2/gnu/aarch64/lin/aarch64-none/aarch64-xilinx-elf/usr/lib64/aarch64-xilinx-elf/13.3.0/crtn.o]
  collapse library dir [/home/joseph/Vitis/2024.2/gnu/aarch64/lin/aarch64-none/x86_64-oesdk-linux/usr/bin/aarch64-xilinx-elf/../../lib/aarch64-xilinx-elf/gcc/aarch64-xilinx-elf/13.3.0] ==> [/home/joseph/Vitis/2024.2/gnu/aarch64/lin/aarch64-none/x86_64-oesdk-linux/usr/lib/aarch64-xilinx-elf/gcc/aarch64-xilinx-elf/13.3.0]
  collapse library dir [/home/joseph/Vitis/2024.2/gnu/aarch64/lin/aarch64-none/x86_64-oesdk-linux/usr/bin/aarch64-xilinx-elf/../../lib/aarch64-xilinx-elf/gcc] ==> [/home/joseph/Vitis/2024.2/gnu/aarch64/lin/aarch64-none/x86_64-oesdk-linux/usr/lib/aarch64-xilinx-elf/gcc]
  collapse library dir [/home/joseph/Vitis/2024.2/gnu/aarch64/lin/aarch64-none/bin/../aarch64-xilinx-elf/usr/lib64/aarch64-xilinx-elf/13.3.0] ==> [/home/joseph/Vitis/2024.2/gnu/aarch64/lin/aarch64-none/aarch64-xilinx-elf/usr/lib64/aarch64-xilinx-elf/13.3.0]
  collapse library dir [/home/joseph/Vitis/2024.2/gnu/aarch64/lin/aarch64-none/bin/../aarch64-xilinx-elf/usr/lib64] ==> [/home/joseph/Vitis/2024.2/gnu/aarch64/lin/aarch64-none/aarch64-xilinx-elf/usr/lib64]
  implicit libs: [gcc;c;gcc]
  implicit objs: [/home/joseph/Vitis/2024.2/gnu/aarch64/lin/aarch64-none/aarch64-xilinx-elf/usr/lib64/aarch64-xilinx-elf/13.3.0/crti.o;/home/joseph/Vitis/2024.2/gnu/aarch64/lin/aarch64-none/aarch64-xilinx-elf/usr/lib64/aarch64-xilinx-elf/13.3.0/crtbegin.o;/home/joseph/Vitis/2024.2/gnu/aarch64/lin/aarch64-none/aarch64-xilinx-elf/usr/lib64/aarch64-xilinx-elf/13.3.0/crtend.o;/home/joseph/Vitis/2024.2/gnu/aarch64/lin/aarch64-none/aarch64-xilinx-elf/usr/lib64/aarch64-xilinx-elf/13.3.0/crtn.o]
  implicit dirs: [/home/joseph/Vitis/2024.2/gnu/aarch64/lin/aarch64-none/x86_64-oesdk-linux/usr/lib/aarch64-xilinx-elf/gcc/aarch64-xilinx-elf/13.3.0;/home/joseph/Vitis/2024.2/gnu/aarch64/lin/aarch64-none/x86_64-oesdk-linux/usr/lib/aarch64-xilinx-elf/gcc;/home/joseph/Vitis/2024.2/gnu/aarch64/lin/aarch64-none/aarch64-xilinx-elf/usr/lib64/aarch64-xilinx-elf/13.3.0;/home/joseph/Vitis/2024.2/gnu/aarch64/lin/aarch64-none/aarch64-xilinx-elf/usr/lib64]
  implicit fwks: []


Detecting CXX compiler ABI info compiled with the following output:
Change Dir: /home/joseph/Documents/vivado/avnet-zuboard-experiments/zuboard-projects/P2_PS_PL_RGB/vitis/ps_pl_rgb_platform/psu_cortexa53_0/standalone_psu_cortexa53_0/bsp/libsrc/build_configs/gen_bsp/CMakeFiles/CMakeTmp

Run Build Command(s):/home/joseph/Vitis/2024.2/tps/lnx64/lopper-1.1.0/env/bin/ninja cmTC_5e0e3 && [1/2] Building CXX object CMakeFiles/cmTC_5e0e3.dir/CMakeCXXCompilerABI.cpp.obj
Using built-in specs.
Reading specs from /home/joseph/Documents/vivado/avnet-zuboard-experiments/zuboard-projects/P2_PS_PL_RGB/vitis/ps_pl_rgb_platform/psu_cortexa53_0/standalone_psu_cortexa53_0/bsp/Xilinx.spec
COLLECT_GCC=/home/joseph/Vitis/2024.2/gnu/aarch64/lin/aarch64-none/bin/../x86_64-oesdk-linux/usr/bin/aarch64-xilinx-elf/aarch64-xilinx-elf-g++.real
Target: aarch64-xilinx-elf
Configured with: ../../../../../../work-shared/gcc-13.3.0-r0/gcc-13.3.0/configure --build=x86_64-linux --host=x86_64-oesdk-linux --target=aarch64-xilinx-elf --prefix=/usr/local/oe-sdk-hardcoded-buildpath/sysroots/x86_64-oesdk-linux/usr --exec_prefix=/usr/local/oe-sdk-hardcoded-buildpath/sysroots/x86_64-oesdk-linux/usr --bindir=/usr/local/oe-sdk-hardcoded-buildpath/sysroots/x86_64-oesdk-linux/usr/bin/aarch64-xilinx-elf --sbindir=/usr/local/oe-sdk-hardcoded-buildpath/sysroots/x86_64-oesdk-linux/usr/bin/aarch64-xilinx-elf --libexecdir=/usr/local/oe-sdk-hardcoded-buildpath/sysroots/x86_64-oesdk-linux/usr/libexec/aarch64-xilinx-elf --datadir=/usr/local/oe-sdk-hardcoded-buildpath/sysroots/x86_64-oesdk-linux/usr/share --sysconfdir=/usr/local/oe-sdk-hardcoded-buildpath/sysroots/x86_64-oesdk-linux/etc --sharedstatedir=/usr/local/oe-sdk-hardcoded-buildpath/sysroots/x86_64-oesdk-linux/com --localstatedir=/usr/local/oe-sdk-hardcoded-buildpath/sysroots/x86_64-oesdk-linux/var --libdir=/usr/local/oe-sdk-hardcoded-buildpath/sysroots/x86_64-oesdk-linux/usr/lib/aarch64-xilinx-elf --includedir=/usr/local/oe-sdk-hardcoded-buildpath/sysroots/x86_64-oesdk-linux/usr/include --oldincludedir=/usr/local/oe-sdk-hardcoded-buildpath/sysroots/x86_64-oesdk-linux/usr/include --infodir=/usr/local/oe-sdk-hardcoded-buildpath/sysroots/x86_64-oesdk-linux/usr/share/info --mandir=/usr/local/oe-sdk-hardcoded-buildpath/sysroots/x86_64-oesdk-linux/usr/share/man --disable-silent-rules --disable-dependency-tracking --with-libtool-sysroot=/scratch/jenkins-BUILDS-eSDK-toolchain-2024.2_toolchain-9_Standalone_aarch64-tc/build/aarch64-tc-x86_64/work/x86_64-nativesdk-oesdk-linux/gcc-cross-canadian-aarch64/13.3.0/recipe-sysroot --with-gnu-ld --enable-shared --enable-languages=c,c++,fortran --enable-threads=posix --enable-multilib --enable-c99 --enable-long-long --enable-libstdcxx-pch --program-prefix=aarch64-xilinx-elf- --without-local-prefix --disable-install-libiberty --disable-libssp --enable-libitm --enable-lto --disable-bootstrap --with-system-zlib --enable-linker-build-id --with-ppl=no --with-cloog=no --enable-checking=release --enable-cheaders=c_global --without-isl --with-gxx-include-dir=/not/exist/usr/include/c++/13.3.0 --with-build-time-tools=/scratch/jenkins-BUILDS-eSDK-toolchain-2024.2_toolchain-9_Standalone_aarch64-tc/build/aarch64-tc-x86_64/work/x86_64-nativesdk-oesdk-linux/gcc-cross-canadian-aarch64/13.3.0/recipe-sysroot-native/usr/aarch64-xilinx-elf/bin --with-sysroot=/not/exist --with-build-sysroot=/scratch/jenkins-BUILDS-eSDK-toolchain-2024.2_toolchain-9_Standalone_aarch64-tc/build/aarch64-tc-x86_64/work/x86_64-nativesdk-oesdk-linux/gcc-cross-canadian-aarch64/13.3.0/recipe-sysroot --with-plugin-ld=ld --enable-poison-system-directories --disable-static --enable-nls --with-glibc-version=2.28 --enable-initfini-array --enable-multilib --disable-libstdcxx-pch --with-newlib --disable-threads --enable-plugins --with-gnu-as --disable-libitm --disable-multiarch --with-arch=armv8-a --with-sysroot=/not/exist
Thread model: single
Supported LTO compression algorithms: zlib zstd
gcc version 13.3.0 (GCC) 
COLLECT_GCC_OPTIONS='--sysroot=/home/joseph/Vitis/2024.2/gnu/aarch64/lin/aarch64-none/bin/../aarch64-xilinx-elf' '-mbranch-protection=none' '-O2' '-D' 'SDT' '-MMD' '-MP' '-specs=/home/joseph/Documents/vivado/avnet-zuboard-experiments/zuboard-projects/P2_PS_PL_RGB/vitis/ps_pl_rgb_platform/psu_cortexa53_0/standalone_psu_cortexa53_0/bsp/Xilinx.spec' '-I' '/home/joseph/Documents/vivado/avnet-zuboard-experiments/zuboard-projects/P2_PS_PL_RGB/vitis/ps_pl_rgb_platform/psu_cortexa53_0/standalone_psu_cortexa53_0/bsp/include' '-v' '-o' 'CMakeFiles/cmTC_5e0e3.dir/CMakeCXXCompilerABI.cpp.obj' '-c' '-march=armv8-a' '-mlittle-endian' '-mabi=lp64' '-dumpdir' 'CMakeFiles/cmTC_5e0e3.dir/'
 /home/joseph/Vitis/2024.2/gnu/aarch64/lin/aarch64-none/x86_64-oesdk-linux/usr/bin/aarch64-xilinx-elf/../../libexec/aarch64-xilinx-elf/gcc/aarch64-xilinx-elf/13.3.0/cc1plus -quiet -v -I /home/joseph/Documents/vivado/avnet-zuboard-experiments/zuboard-projects/P2_PS_PL_RGB/vitis/ps_pl_rgb_platform/psu_cortexa53_0/standalone_psu_cortexa53_0/bsp/include -iprefix /home/joseph/Vitis/2024.2/gnu/aarch64/lin/aarch64-none/x86_64-oesdk-linux/usr/bin/aarch64-xilinx-elf/../../lib/aarch64-xilinx-elf/gcc/aarch64-xilinx-elf/13.3.0/ -isysroot /home/joseph/Vitis/2024.2/gnu/aarch64/lin/aarch64-none/bin/../aarch64-xilinx-elf -MMD CMakeFiles/cmTC_5e0e3.dir/CMakeCXXCompilerABI.cpp.d -MP -MQ CMakeFiles/cmTC_5e0e3.dir/CMakeCXXCompilerABI.cpp.obj -D SDT /home/joseph/Vitis/2024.2/tps/lnx64/cmake-3.24.2/share/cmake-3.24/Modules/CMakeCXXCompilerABI.cpp -quiet -dumpdir CMakeFiles/cmTC_5e0e3.dir/ -dumpbase CMakeCXXCompilerABI.cpp.cpp -dumpbase-ext .cpp -mbranch-protection=none -march=armv8-a -mlittle-endian -mabi=lp64 -O2 -version -o /tmp/ccLwzzHj.s
GNU C++17 (GCC) version 13.3.0 (aarch64-xilinx-elf)
	compiled by GNU C version 13.3.0, GMP version 6.3.0, MPFR version 4.2.1, MPC version 1.3.1, isl version none
GGC heuristics: --param ggc-min-expand=100 --param ggc-min-heapsize=131072
ignoring nonexistent directory "/home/joseph/Vitis/2024.2/gnu/aarch64/lin/aarch64-none/x86_64-oesdk-linux/usr/bin/aarch64-xilinx-elf/../../lib/aarch64-xilinx-elf/gcc/aarch64-xilinx-elf/13.3.0/../../../../../aarch64-xilinx-elf/include"
ignoring duplicate directory "/home/joseph/Vitis/2024.2/gnu/aarch64/lin/aarch64-none/x86_64-oesdk-linux/usr/bin/aarch64-xilinx-elf/../../lib/aarch64-xilinx-elf/gcc/../../../lib/aarch64-xilinx-elf/gcc/aarch64-xilinx-elf/13.3.0/include"
ignoring nonexistent directory "/home/joseph/Vitis/2024.2/gnu/aarch64/lin/aarch64-none/bin/../aarch64-xilinx-elf/usr/lib64/aarch64-xilinx-elf/13.3.0/include"
ignoring nonexistent directory "/home/joseph/Vitis/2024.2/gnu/aarch64/lin/aarch64-none/bin/../aarch64-xilinx-elf/usr/local/include"
ignoring duplicate directory "/home/joseph/Vitis/2024.2/gnu/aarch64/lin/aarch64-none/x86_64-oesdk-linux/usr/bin/aarch64-xilinx-elf/../../lib/aarch64-xilinx-elf/gcc/../../../lib/aarch64-xilinx-elf/gcc/aarch64-xilinx-elf/13.3.0/include-fixed"
ignoring nonexistent directory "/home/joseph/Vitis/2024.2/gnu/aarch64/lin/aarch64-none/x86_64-oesdk-linux/usr/bin/aarch64-xilinx-elf/../../lib/aarch64-xilinx-elf/gcc/../../../lib/aarch64-xilinx-elf/gcc/aarch64-xilinx-elf/13.3.0/../../../../../aarch64-xilinx-elf/include"
#include "..." search starts here:
#include <...> search starts here:
 /home/joseph/Documents/vivado/avnet-zuboard-experiments/zuboard-projects/P2_PS_PL_RGB/vitis/ps_pl_rgb_platform/psu_cortexa53_0/standalone_psu_cortexa53_0/bsp/include
 /home/joseph/Vitis/2024.2/gnu/aarch64/lin/aarch64-none/x86_64-oesdk-linux/usr/bin/aarch64-xilinx-elf/../../lib/aarch64-xilinx-elf/gcc/aarch64-xilinx-elf/13.3.0/include
 /home/joseph/Vitis/2024.2/gnu/aarch64/lin/aarch64-none/x86_64-oesdk-linux/usr/bin/aarch64-xilinx-elf/../../lib/aarch64-xilinx-elf/gcc/aarch64-xilinx-elf/13.3.0/include-fixed
 /home/joseph/Vitis/2024.2/gnu/aarch64/lin/aarch64-none/bin/../aarch64-xilinx-elf/usr/include/c++/13.3.0
 /home/joseph/Vitis/2024.2/gnu/aarch64/lin/aarch64-none/bin/../aarch64-xilinx-elf/usr/include/c++/13.3.0/aarch64-xilinx-elf
 /home/joseph/Vitis/2024.2/gnu/aarch64/lin/aarch64-none/bin/../aarch64-xilinx-elf/usr/include/c++/13.3.0/backward
 /home/joseph/Vitis/2024.2/gnu/aarch64/lin/aarch64-none/bin/../aarch64-xilinx-elf/usr/include/
End of search list.
Compiler executable checksum: 323a5cb4c0af6199ba3a9507d9fb0ff9
COLLECT_GCC_OPTIONS='--sysroot=/home/joseph/Vitis/2024.2/gnu/aarch64/lin/aarch64-none/bin/../aarch64-xilinx-elf' '-mbranch-protection=none' '-O2' '-D' 'SDT' '-MMD' '-MP' '-specs=/home/joseph/Documents/vivado/avnet-zuboard-experiments/zuboard-projects/P2_PS_PL_RGB/vitis/ps_pl_rgb_platform/psu_cortexa53_0/standalone_psu_cortexa53_0/bsp/Xilinx.spec' '-I' '/home/joseph/Documents/vivado/avnet-zuboard-experiments/zuboard-projects/P2_PS_PL_RGB/vitis/ps_pl_rgb_platform/psu_cortexa53_0/standalone_psu_cortexa53_0/bsp/include' '-v' '-o' 'CMakeFiles/cmTC_5e0e3.dir/CMakeCXXCompilerABI.cpp.obj' '-c' '-march=armv8-a' '-mlittle-endian' '-mabi=lp64' '-dumpdir' 'CMakeFiles/cmTC_5e0e3.dir/'
 /home/joseph/Vitis/2024.2/gnu/aarch64/lin/aarch64-none/x86_64-oesdk-linux/usr/bin/aarch64-xilinx-elf/../../libexec/aarch64-xilinx-elf/gcc/aarch64-xilinx-elf/13.3.0/as -v -I /home/joseph/Documents/vivado/avnet-zuboard-experiments/zuboard-projects/P2_PS_PL_RGB/vitis/ps_pl_rgb_platform/psu_cortexa53_0/standalone_psu_cortexa53_0/bsp/include -EL -march=armv8-a -mabi=lp64 -o CMakeFiles/cmTC_5e0e3.dir/CMakeCXXCompilerABI.cpp.obj /tmp/ccLwzzHj.s
GNU assembler version 2.42.0 (aarch64-xilinx-elf) using BFD version (GNU Binutils) 2.42.0.20240620
COMPILER_PATH=/home/joseph/Vitis/2024.2/gnu/aarch64/lin/aarch64-none/x86_64-oesdk-linux/usr/bin/aarch64-xilinx-elf/../../libexec/aarch64-xilinx-elf/gcc/aarch64-xilinx-elf/13.3.0/:/home/joseph/Vitis/2024.2/gnu/aarch64/lin/aarch64-none/x86_64-oesdk-linux/usr/bin/aarch64-xilinx-elf/../../libexec/aarch64-xilinx-elf/gcc/
LIBRARY_PATH=/home/joseph/Vitis/2024.2/gnu/aarch64/lin/aarch64-none/x86_64-oesdk-linux/usr/bin/aarch64-xilinx-elf/../../lib/aarch64-xilinx-elf/gcc/aarch64-xilinx-elf/13.3.0/:/home/joseph/Vitis/2024.2/gnu/aarch64/lin/aarch64-none/x86_64-oesdk-linux/usr/bin/aarch64-xilinx-elf/../../lib/aarch64-xilinx-elf/gcc/:/home/joseph/Vitis/2024.2/gnu/aarch64/lin/aarch64-none/bin/../aarch64-xilinx-elf/usr/lib64/aarch64-xilinx-elf/13.3.0/:/home/joseph/Vitis/2024.2/gnu/aarch64/lin/aarch64-none/bin/../aarch64-xilinx-elf/usr/lib64/
COLLECT_GCC_OPTIONS='--sysroot=/home/joseph/Vitis/2024.2/gnu/aarch64/lin/aarch64-none/bin/../aarch64-xilinx-elf' '-mbranch-protection=none' '-O2' '-D' 'SDT' '-MMD' '-MP' '-specs=/home/joseph/Documents/vivado/avnet-zuboard-experiments/zuboard-projects/P2_PS_PL_RGB/vitis/ps_pl_rgb_platform/psu_cortexa53_0/standalone_psu_cortexa53_0/bsp/Xilinx.spec' '-I' '/home/joseph/Documents/vivado/avnet-zuboard-experiments/zuboard-projects/P2_PS_PL_RGB/vitis/ps_pl_rgb_platform/psu_cortexa53_0/standalone_psu_cortexa53_0/bsp/include' '-v' '-o' 'CMakeFiles/cmTC_5e0e3.dir/CMakeCXXCompilerABI.cpp.obj' '-c' '-march=armv8-a' '-mlittle-endian' '-mabi=lp64' '-dumpdir' 'CMakeFiles/cmTC_5e0e3.dir/CMakeCXXCompilerABI.cpp.'
[2/2] Linking CXX executable cmTC_5e0e3
Using built-in specs.
Reading specs from /home/joseph/Documents/vivado/avnet-zuboard-experiments/zuboard-projects/P2_PS_PL_RGB/vitis/ps_pl_rgb_platform/psu_cortexa53_0/standalone_psu_cortexa53_0/bsp/Xilinx.spec
COLLECT_GCC=/home/joseph/Vitis/2024.2/gnu/aarch64/lin/aarch64-none/bin/../x86_64-oesdk-linux/usr/bin/aarch64-xilinx-elf/aarch64-xilinx-elf-g++.real
COLLECT_LTO_WRAPPER=/home/joseph/Vitis/2024.2/gnu/aarch64/lin/aarch64-none/x86_64-oesdk-linux/usr/bin/aarch64-xilinx-elf/../../libexec/aarch64-xilinx-elf/gcc/aarch64-xilinx-elf/13.3.0/lto-wrapper
Target: aarch64-xilinx-elf
Configured with: ../../../../../../work-shared/gcc-13.3.0-r0/gcc-13.3.0/configure --build=x86_64-linux --host=x86_64-oesdk-linux --target=aarch64-xilinx-elf --prefix=/usr/local/oe-sdk-hardcoded-buildpath/sysroots/x86_64-oesdk-linux/usr --exec_prefix=/usr/local/oe-sdk-hardcoded-buildpath/sysroots/x86_64-oesdk-linux/usr --bindir=/usr/local/oe-sdk-hardcoded-buildpath/sysroots/x86_64-oesdk-linux/usr/bin/aarch64-xilinx-elf --sbindir=/usr/local/oe-sdk-hardcoded-buildpath/sysroots/x86_64-oesdk-linux/usr/bin/aarch64-xilinx-elf --libexecdir=/usr/local/oe-sdk-hardcoded-buildpath/sysroots/x86_64-oesdk-linux/usr/libexec/aarch64-xilinx-elf --datadir=/usr/local/oe-sdk-hardcoded-buildpath/sysroots/x86_64-oesdk-linux/usr/share --sysconfdir=/usr/local/oe-sdk-hardcoded-buildpath/sysroots/x86_64-oesdk-linux/etc --sharedstatedir=/usr/local/oe-sdk-hardcoded-buildpath/sysroots/x86_64-oesdk-linux/com --localstatedir=/usr/local/oe-sdk-hardcoded-buildpath/sysroots/x86_64-oesdk-linux/var --libdir=/usr/local/oe-sdk-hardcoded-buildpath/sysroots/x86_64-oesdk-linux/usr/lib/aarch64-xilinx-elf --includedir=/usr/local/oe-sdk-hardcoded-buildpath/sysroots/x86_64-oesdk-linux/usr/include --oldincludedir=/usr/local/oe-sdk-hardcoded-buildpath/sysroots/x86_64-oesdk-linux/usr/include --infodir=/usr/local/oe-sdk-hardcoded-buildpath/sysroots/x86_64-oesdk-linux/usr/share/info --mandir=/usr/local/oe-sdk-hardcoded-buildpath/sysroots/x86_64-oesdk-linux/usr/share/man --disable-silent-rules --disable-dependency-tracking --with-libtool-sysroot=/scratch/jenkins-BUILDS-eSDK-toolchain-2024.2_toolchain-9_Standalone_aarch64-tc/build/aarch64-tc-x86_64/work/x86_64-nativesdk-oesdk-linux/gcc-cross-canadian-aarch64/13.3.0/recipe-sysroot --with-gnu-ld --enable-shared --enable-languages=c,c++,fortran --enable-threads=posix --enable-multilib --enable-c99 --enable-long-long --enable-libstdcxx-pch --program-prefix=aarch64-xilinx-elf- --without-local-prefix --disable-install-libiberty --disable-libssp --enable-libitm --enable-lto --disable-bootstrap --with-system-zlib --enable-linker-build-id --with-ppl=no --with-cloog=no --enable-checking=release --enable-cheaders=c_global --without-isl --with-gxx-include-dir=/not/exist/usr/include/c++/13.3.0 --with-build-time-tools=/scratch/jenkins-BUILDS-eSDK-toolchain-2024.2_toolchain-9_Standalone_aarch64-tc/build/aarch64-tc-x86_64/work/x86_64-nativesdk-oesdk-linux/gcc-cross-canadian-aarch64/13.3.0/recipe-sysroot-native/usr/aarch64-xilinx-elf/bin --with-sysroot=/not/exist --with-build-sysroot=/scratch/jenkins-BUILDS-eSDK-toolchain-2024.2_toolchain-9_Standalone_aarch64-tc/build/aarch64-tc-x86_64/work/x86_64-nativesdk-oesdk-linux/gcc-cross-canadian-aarch64/13.3.0/recipe-sysroot --with-plugin-ld=ld --enable-poison-system-directories --disable-static --enable-nls --with-glibc-version=2.28 --enable-initfini-array --enable-multilib --disable-libstdcxx-pch --with-newlib --disable-threads --enable-plugins --with-gnu-as --disable-libitm --disable-multiarch --with-arch=armv8-a --with-sysroot=/not/exist
Thread model: single
Supported LTO compression algorithms: zlib zstd
gcc version 13.3.0 (GCC) 
COMPILER_PATH=/home/joseph/Vitis/2024.2/gnu/aarch64/lin/aarch64-none/x86_64-oesdk-linux/usr/bin/aarch64-xilinx-elf/../../libexec/aarch64-xilinx-elf/gcc/aarch64-xilinx-elf/13.3.0/:/home/joseph/Vitis/2024.2/gnu/aarch64/lin/aarch64-none/x86_64-oesdk-linux/usr/bin/aarch64-xilinx-elf/../../libexec/aarch64-xilinx-elf/gcc/
LIBRARY_PATH=/home/joseph/Vitis/2024.2/gnu/aarch64/lin/aarch64-none/x86_64-oesdk-linux/usr/bin/aarch64-xilinx-elf/../../lib/aarch64-xilinx-elf/gcc/aarch64-xilinx-elf/13.3.0/:/home/joseph/Vitis/2024.2/gnu/aarch64/lin/aarch64-none/x86_64-oesdk-linux/usr/bin/aarch64-xilinx-elf/../../lib/aarch64-xilinx-elf/gcc/:/home/joseph/Vitis/2024.2/gnu/aarch64/lin/aarch64-none/bin/../aarch64-xilinx-elf/usr/lib64/aarch64-xilinx-elf/13.3.0/:/home/joseph/Vitis/2024.2/gnu/aarch64/lin/aarch64-none/bin/../aarch64-xilinx-elf/usr/lib64/
COLLECT_GCC_OPTIONS='--sysroot=/home/joseph/Vitis/2024.2/gnu/aarch64/lin/aarch64-none/bin/../aarch64-xilinx-elf' '-mbranch-protection=none' '-O2' '-D' 'SDT' '-MMD' '-MP' '-specs=/home/joseph/Documents/vivado/avnet-zuboard-experiments/zuboard-projects/P2_PS_PL_RGB/vitis/ps_pl_rgb_platform/psu_cortexa53_0/standalone_psu_cortexa53_0/bsp/Xilinx.spec' '-I' '/home/joseph/Documents/vivado/avnet-zuboard-experiments/zuboard-projects/P2_PS_PL_RGB/vitis/ps_pl_rgb_platform/psu_cortexa53_0/standalone_psu_cortexa53_0/bsp/include' '-v' '-o' 'cmTC_5e0e3' '-march=armv8-a' '-mlittle-endian' '-mabi=lp64' '-dumpdir' 'cmTC_5e0e3.'
 /home/joseph/Vitis/2024.2/gnu/aarch64/lin/aarch64-none/x86_64-oesdk-linux/usr/bin/aarch64-xilinx-elf/../../libexec/aarch64-xilinx-elf/gcc/aarch64-xilinx-elf/13.3.0/collect2 -plugin /home/joseph/Vitis/2024.2/gnu/aarch64/lin/aarch64-none/x86_64-oesdk-linux/usr/bin/aarch64-xilinx-elf/../../libexec/aarch64-xilinx-elf/gcc/aarch64-xilinx-elf/13.3.0/liblto_plugin.so -plugin-opt=/home/joseph/Vitis/2024.2/gnu/aarch64/lin/aarch64-none/x86_64-oesdk-linux/usr/bin/aarch64-xilinx-elf/../../libexec/aarch64-xilinx-elf/gcc/aarch64-xilinx-elf/13.3.0/lto-wrapper -plugin-opt=-fresolution=/tmp/ccukBdBX.res -plugin-opt=-pass-through=-lgcc -plugin-opt=-pass-through=-lc -plugin-opt=-pass-through=-lgcc --sysroot=/home/joseph/Vitis/2024.2/gnu/aarch64/lin/aarch64-none/bin/../aarch64-xilinx-elf --build-id -EL -X -maarch64elf -o cmTC_5e0e3 /home/joseph/Vitis/2024.2/gnu/aarch64/lin/aarch64-none/bin/../aarch64-xilinx-elf/usr/lib64/aarch64-xilinx-elf/13.3.0/crti.o /home/joseph/Vitis/2024.2/gnu/aarch64/lin/aarch64-none/bin/../aarch64-xilinx-elf/usr/lib64/aarch64-xilinx-elf/13.3.0/crtbegin.o -L/home/joseph/Vitis/2024.2/gnu/aarch64/lin/aarch64-none/x86_64-oesdk-linux/usr/bin/aarch64-xilinx-elf/../../lib/aarch64-xilinx-elf/gcc/aarch64-xilinx-elf/13.3.0 -L/home/joseph/Vitis/2024.2/gnu/aarch64/lin/aarch64-none/x86_64-oesdk-linux/usr/bin/aarch64-xilinx-elf/../../lib/aarch64-xilinx-elf/gcc -L/home/joseph/Vitis/2024.2/gnu/aarch64/lin/aarch64-none/bin/../aarch64-xilinx-elf/usr/lib64/aarch64-xilinx-elf/13.3.0 -L/home/joseph/Vitis/2024.2/gnu/aarch64/lin/aarch64-none/bin/../aarch64-xilinx-elf/usr/lib64 --no-warn-rwx-segment CMakeFiles/cmTC_5e0e3.dir/CMakeCXXCompilerABI.cpp.obj -lstdc++ -lm -lgcc -lc -lgcc /home/joseph/Vitis/2024.2/gnu/aarch64/lin/aarch64-none/bin/../aarch64-xilinx-elf/usr/lib64/aarch64-xilinx-elf/13.3.0/crtend.o /home/joseph/Vitis/2024.2/gnu/aarch64/lin/aarch64-none/bin/../aarch64-xilinx-elf/usr/lib64/aarch64-xilinx-elf/13.3.0/crtn.o
/home/joseph/Vitis/2024.2/gnu/aarch64/lin/aarch64-none/x86_64-oesdk-linux/usr/bin/aarch64-xilinx-elf/aarch64-xilinx-elf-ld.real: warning: cannot find entry symbol _start; defaulting to 0000000000400060
COLLECT_GCC_OPTIONS='--sysroot=/home/joseph/Vitis/2024.2/gnu/aarch64/lin/aarch64-none/bin/../aarch64-xilinx-elf' '-mbranch-protection=none' '-O2' '-D' 'SDT' '-MMD' '-MP' '-specs=/home/joseph/Documents/vivado/avnet-zuboard-experiments/zuboard-projects/P2_PS_PL_RGB/vitis/ps_pl_rgb_platform/psu_cortexa53_0/standalone_psu_cortexa53_0/bsp/Xilinx.spec' '-I' '/home/joseph/Documents/vivado/avnet-zuboard-experiments/zuboard-projects/P2_PS_PL_RGB/vitis/ps_pl_rgb_platform/psu_cortexa53_0/standalone_psu_cortexa53_0/bsp/include' '-v' '-o' 'cmTC_5e0e3' '-march=armv8-a' '-mlittle-endian' '-mabi=lp64' '-dumpdir' 'cmTC_5e0e3.'



Parsed CXX implicit include dir info from above output: rv=done
  found start of include info
  found start of implicit include info
    add: [/home/joseph/Documents/vivado/avnet-zuboard-experiments/zuboard-projects/P2_PS_PL_RGB/vitis/ps_pl_rgb_platform/psu_cortexa53_0/standalone_psu_cortexa53_0/bsp/include]
    add: [/home/joseph/Vitis/2024.2/gnu/aarch64/lin/aarch64-none/x86_64-oesdk-linux/usr/bin/aarch64-xilinx-elf/../../lib/aarch64-xilinx-elf/gcc/aarch64-xilinx-elf/13.3.0/include]
    add: [/home/joseph/Vitis/2024.2/gnu/aarch64/lin/aarch64-none/x86_64-oesdk-linux/usr/bin/aarch64-xilinx-elf/../../lib/aarch64-xilinx-elf/gcc/aarch64-xilinx-elf/13.3.0/include-fixed]
    add: [/home/joseph/Vitis/2024.2/gnu/aarch64/lin/aarch64-none/bin/../aarch64-xilinx-elf/usr/include/c++/13.3.0]
    add: [/home/joseph/Vitis/2024.2/gnu/aarch64/lin/aarch64-none/bin/../aarch64-xilinx-elf/usr/include/c++/13.3.0/aarch64-xilinx-elf]
    add: [/home/joseph/Vitis/2024.2/gnu/aarch64/lin/aarch64-none/bin/../aarch64-xilinx-elf/usr/include/c++/13.3.0/backward]
    add: [/home/joseph/Vitis/2024.2/gnu/aarch64/lin/aarch64-none/bin/../aarch64-xilinx-elf/usr/include/]
  end of search list found
  collapse include dir [/home/joseph/Documents/vivado/avnet-zuboard-experiments/zuboard-projects/P2_PS_PL_RGB/vitis/ps_pl_rgb_platform/psu_cortexa53_0/standalone_psu_cortexa53_0/bsp/include] ==> [/home/joseph/Documents/vivado/avnet-zuboard-experiments/zuboard-projects/P2_PS_PL_RGB/vitis/ps_pl_rgb_platform/psu_cortexa53_0/standalone_psu_cortexa53_0/bsp/include]
  collapse include dir [/home/joseph/Vitis/2024.2/gnu/aarch64/lin/aarch64-none/x86_64-oesdk-linux/usr/bin/aarch64-xilinx-elf/../../lib/aarch64-xilinx-elf/gcc/aarch64-xilinx-elf/13.3.0/include] ==> [/home/joseph/Vitis/2024.2/gnu/aarch64/lin/aarch64-none/x86_64-oesdk-linux/usr/lib/aarch64-xilinx-elf/gcc/aarch64-xilinx-elf/13.3.0/include]
  collapse include dir [/home/joseph/Vitis/2024.2/gnu/aarch64/lin/aarch64-none/x86_64-oesdk-linux/usr/bin/aarch64-xilinx-elf/../../lib/aarch64-xilinx-elf/gcc/aarch64-xilinx-elf/13.3.0/include-fixed] ==> [/home/joseph/Vitis/2024.2/gnu/aarch64/lin/aarch64-none/x86_64-oesdk-linux/usr/lib/aarch64-xilinx-elf/gcc/aarch64-xilinx-elf/13.3.0/include-fixed]
  collapse include dir [/home/joseph/Vitis/2024.2/gnu/aarch64/lin/aarch64-none/bin/../aarch64-xilinx-elf/usr/include/c++/13.3.0] ==> [/home/joseph/Vitis/2024.2/gnu/aarch64/lin/aarch64-none/aarch64-xilinx-elf/usr/include/c++/13.3.0]
  collapse include dir [/home/joseph/Vitis/2024.2/gnu/aarch64/lin/aarch64-none/bin/../aarch64-xilinx-elf/usr/include/c++/13.3.0/aarch64-xilinx-elf] ==> [/home/joseph/Vitis/2024.2/gnu/aarch64/lin/aarch64-none/aarch64-xilinx-elf/usr/include/c++/13.3.0/aarch64-xilinx-elf]
  collapse include dir [/home/joseph/Vitis/2024.2/gnu/aarch64/lin/aarch64-none/bin/../aarch64-xilinx-elf/usr/include/c++/13.3.0/backward] ==> [/home/joseph/Vitis/2024.2/gnu/aarch64/lin/aarch64-none/aarch64-xilinx-elf/usr/include/c++/13.3.0/backward]
  collapse include dir [/home/joseph/Vitis/2024.2/gnu/aarch64/lin/aarch64-none/bin/../aarch64-xilinx-elf/usr/include/] ==> [/home/joseph/Vitis/2024.2/gnu/aarch64/lin/aarch64-none/aarch64-xilinx-elf/usr/include]
  implicit include dirs: [/home/joseph/Documents/vivado/avnet-zuboard-experiments/zuboard-projects/P2_PS_PL_RGB/vitis/ps_pl_rgb_platform/psu_cortexa53_0/standalone_psu_cortexa53_0/bsp/include;/home/joseph/Vitis/2024.2/gnu/aarch64/lin/aarch64-none/x86_64-oesdk-linux/usr/lib/aarch64-xilinx-elf/gcc/aarch64-xilinx-elf/13.3.0/include;/home/joseph/Vitis/2024.2/gnu/aarch64/lin/aarch64-none/x86_64-oesdk-linux/usr/lib/aarch64-xilinx-elf/gcc/aarch64-xilinx-elf/13.3.0/include-fixed;/home/joseph/Vitis/2024.2/gnu/aarch64/lin/aarch64-none/aarch64-xilinx-elf/usr/include/c++/13.3.0;/home/joseph/Vitis/2024.2/gnu/aarch64/lin/aarch64-none/aarch64-xilinx-elf/usr/include/c++/13.3.0/aarch64-xilinx-elf;/home/joseph/Vitis/2024.2/gnu/aarch64/lin/aarch64-none/aarch64-xilinx-elf/usr/include/c++/13.3.0/backward;/home/joseph/Vitis/2024.2/gnu/aarch64/lin/aarch64-none/aarch64-xilinx-elf/usr/include]


Parsed CXX implicit link information from above output:
  link line regex: [^( *|.*[/\])(aarch64-none-elf-ld|CMAKE_LINK_STARTFILE-NOTFOUND|([^/\]+-)?ld|collect2)[^/\]*( |$)]
  ignore line: [Change Dir: /home/joseph/Documents/vivado/avnet-zuboard-experiments/zuboard-projects/P2_PS_PL_RGB/vitis/ps_pl_rgb_platform/psu_cortexa53_0/standalone_psu_cortexa53_0/bsp/libsrc/build_configs/gen_bsp/CMakeFiles/CMakeTmp]
  ignore line: []
  ignore line: [Run Build Command(s):/home/joseph/Vitis/2024.2/tps/lnx64/lopper-1.1.0/env/bin/ninja cmTC_5e0e3 && [1/2] Building CXX object CMakeFiles/cmTC_5e0e3.dir/CMakeCXXCompilerABI.cpp.obj]
  ignore line: [Using built-in specs.]
  ignore line: [Reading specs from /home/joseph/Documents/vivado/avnet-zuboard-experiments/zuboard-projects/P2_PS_PL_RGB/vitis/ps_pl_rgb_platform/psu_cortexa53_0/standalone_psu_cortexa53_0/bsp/Xilinx.spec]
  ignore line: [COLLECT_GCC=/home/joseph/Vitis/2024.2/gnu/aarch64/lin/aarch64-none/bin/../x86_64-oesdk-linux/usr/bin/aarch64-xilinx-elf/aarch64-xilinx-elf-g++.real]
  ignore line: [Target: aarch64-xilinx-elf]
  ignore line: [Configured with: ../../../../../../work-shared/gcc-13.3.0-r0/gcc-13.3.0/configure --build=x86_64-linux --host=x86_64-oesdk-linux --target=aarch64-xilinx-elf --prefix=/usr/local/oe-sdk-hardcoded-buildpath/sysroots/x86_64-oesdk-linux/usr --exec_prefix=/usr/local/oe-sdk-hardcoded-buildpath/sysroots/x86_64-oesdk-linux/usr --bindir=/usr/local/oe-sdk-hardcoded-buildpath/sysroots/x86_64-oesdk-linux/usr/bin/aarch64-xilinx-elf --sbindir=/usr/local/oe-sdk-hardcoded-buildpath/sysroots/x86_64-oesdk-linux/usr/bin/aarch64-xilinx-elf --libexecdir=/usr/local/oe-sdk-hardcoded-buildpath/sysroots/x86_64-oesdk-linux/usr/libexec/aarch64-xilinx-elf --datadir=/usr/local/oe-sdk-hardcoded-buildpath/sysroots/x86_64-oesdk-linux/usr/share --sysconfdir=/usr/local/oe-sdk-hardcoded-buildpath/sysroots/x86_64-oesdk-linux/etc --sharedstatedir=/usr/local/oe-sdk-hardcoded-buildpath/sysroots/x86_64-oesdk-linux/com --localstatedir=/usr/local/oe-sdk-hardcoded-buildpath/sysroots/x86_64-oesdk-linux/var --libdir=/usr/local/oe-sdk-hardcoded-buildpath/sysroots/x86_64-oesdk-linux/usr/lib/aarch64-xilinx-elf --includedir=/usr/local/oe-sdk-hardcoded-buildpath/sysroots/x86_64-oesdk-linux/usr/include --oldincludedir=/usr/local/oe-sdk-hardcoded-buildpath/sysroots/x86_64-oesdk-linux/usr/include --infodir=/usr/local/oe-sdk-hardcoded-buildpath/sysroots/x86_64-oesdk-linux/usr/share/info --mandir=/usr/local/oe-sdk-hardcoded-buildpath/sysroots/x86_64-oesdk-linux/usr/share/man --disable-silent-rules --disable-dependency-tracking --with-libtool-sysroot=/scratch/jenkins-BUILDS-eSDK-toolchain-2024.2_toolchain-9_Standalone_aarch64-tc/build/aarch64-tc-x86_64/work/x86_64-nativesdk-oesdk-linux/gcc-cross-canadian-aarch64/13.3.0/recipe-sysroot --with-gnu-ld --enable-shared --enable-languages=c,c++,fortran --enable-threads=posix --enable-multilib --enable-c99 --enable-long-long --enable-libstdcxx-pch --program-prefix=aarch64-xilinx-elf- --without-local-prefix --disable-install-libiberty --disable-libssp --enable-libitm --enable-lto --disable-bootstrap --with-system-zlib --enable-linker-build-id --with-ppl=no --with-cloog=no --enable-checking=release --enable-cheaders=c_global --without-isl --with-gxx-include-dir=/not/exist/usr/include/c++/13.3.0 --with-build-time-tools=/scratch/jenkins-BUILDS-eSDK-toolchain-2024.2_toolchain-9_Standalone_aarch64-tc/build/aarch64-tc-x86_64/work/x86_64-nativesdk-oesdk-linux/gcc-cross-canadian-aarch64/13.3.0/recipe-sysroot-native/usr/aarch64-xilinx-elf/bin --with-sysroot=/not/exist --with-build-sysroot=/scratch/jenkins-BUILDS-eSDK-toolchain-2024.2_toolchain-9_Standalone_aarch64-tc/build/aarch64-tc-x86_64/work/x86_64-nativesdk-oesdk-linux/gcc-cross-canadian-aarch64/13.3.0/recipe-sysroot --with-plugin-ld=ld --enable-poison-system-directories --disable-static --enable-nls --with-glibc-version=2.28 --enable-initfini-array --enable-multilib --disable-libstdcxx-pch --with-newlib --disable-threads --enable-plugins --with-gnu-as --disable-libitm --disable-multiarch --with-arch=armv8-a --with-sysroot=/not/exist]
  ignore line: [Thread model: single]
  ignore line: [Supported LTO compression algorithms: zlib zstd]
  ignore line: [gcc version 13.3.0 (GCC) ]
  ignore line: [COLLECT_GCC_OPTIONS='--sysroot=/home/joseph/Vitis/2024.2/gnu/aarch64/lin/aarch64-none/bin/../aarch64-xilinx-elf' '-mbranch-protection=none' '-O2' '-D' 'SDT' '-MMD' '-MP' '-specs=/home/joseph/Documents/vivado/avnet-zuboard-experiments/zuboard-projects/P2_PS_PL_RGB/vitis/ps_pl_rgb_platform/psu_cortexa53_0/standalone_psu_cortexa53_0/bsp/Xilinx.spec' '-I' '/home/joseph/Documents/vivado/avnet-zuboard-experiments/zuboard-projects/P2_PS_PL_RGB/vitis/ps_pl_rgb_platform/psu_cortexa53_0/standalone_psu_cortexa53_0/bsp/include' '-v' '-o' 'CMakeFiles/cmTC_5e0e3.dir/CMakeCXXCompilerABI.cpp.obj' '-c' '-march=armv8-a' '-mlittle-endian' '-mabi=lp64' '-dumpdir' 'CMakeFiles/cmTC_5e0e3.dir/']
  ignore line: [ /home/joseph/Vitis/2024.2/gnu/aarch64/lin/aarch64-none/x86_64-oesdk-linux/usr/bin/aarch64-xilinx-elf/../../libexec/aarch64-xilinx-elf/gcc/aarch64-xilinx-elf/13.3.0/cc1plus -quiet -v -I /home/joseph/Documents/vivado/avnet-zuboard-experiments/zuboard-projects/P2_PS_PL_RGB/vitis/ps_pl_rgb_platform/psu_cortexa53_0/standalone_psu_cortexa53_0/bsp/include -iprefix /home/joseph/Vitis/2024.2/gnu/aarch64/lin/aarch64-none/x86_64-oesdk-linux/usr/bin/aarch64-xilinx-elf/../../lib/aarch64-xilinx-elf/gcc/aarch64-xilinx-elf/13.3.0/ -isysroot /home/joseph/Vitis/2024.2/gnu/aarch64/lin/aarch64-none/bin/../aarch64-xilinx-elf -MMD CMakeFiles/cmTC_5e0e3.dir/CMakeCXXCompilerABI.cpp.d -MP -MQ CMakeFiles/cmTC_5e0e3.dir/CMakeCXXCompilerABI.cpp.obj -D SDT /home/joseph/Vitis/2024.2/tps/lnx64/cmake-3.24.2/share/cmake-3.24/Modules/CMakeCXXCompilerABI.cpp -quiet -dumpdir CMakeFiles/cmTC_5e0e3.dir/ -dumpbase CMakeCXXCompilerABI.cpp.cpp -dumpbase-ext .cpp -mbranch-protection=none -march=armv8-a -mlittle-endian -mabi=lp64 -O2 -version -o /tmp/ccLwzzHj.s]
  ignore line: [GNU C++17 (GCC) version 13.3.0 (aarch64-xilinx-elf)]
  ignore line: [	compiled by GNU C version 13.3.0  GMP version 6.3.0  MPFR version 4.2.1  MPC version 1.3.1  isl version none]
  ignore line: [GGC heuristics: --param ggc-min-expand=100 --param ggc-min-heapsize=131072]
  ignore line: [ignoring nonexistent directory "/home/joseph/Vitis/2024.2/gnu/aarch64/lin/aarch64-none/x86_64-oesdk-linux/usr/bin/aarch64-xilinx-elf/../../lib/aarch64-xilinx-elf/gcc/aarch64-xilinx-elf/13.3.0/../../../../../aarch64-xilinx-elf/include"]
  ignore line: [ignoring duplicate directory "/home/joseph/Vitis/2024.2/gnu/aarch64/lin/aarch64-none/x86_64-oesdk-linux/usr/bin/aarch64-xilinx-elf/../../lib/aarch64-xilinx-elf/gcc/../../../lib/aarch64-xilinx-elf/gcc/aarch64-xilinx-elf/13.3.0/include"]
  ignore line: [ignoring nonexistent directory "/home/joseph/Vitis/2024.2/gnu/aarch64/lin/aarch64-none/bin/../aarch64-xilinx-elf/usr/lib64/aarch64-xilinx-elf/13.3.0/include"]
  ignore line: [ignoring nonexistent directory "/home/joseph/Vitis/2024.2/gnu/aarch64/lin/aarch64-none/bin/../aarch64-xilinx-elf/usr/local/include"]
  ignore line: [ignoring duplicate directory "/home/joseph/Vitis/2024.2/gnu/aarch64/lin/aarch64-none/x86_64-oesdk-linux/usr/bin/aarch64-xilinx-elf/../../lib/aarch64-xilinx-elf/gcc/../../../lib/aarch64-xilinx-elf/gcc/aarch64-xilinx-elf/13.3.0/include-fixed"]
  ignore line: [ignoring nonexistent directory "/home/joseph/Vitis/2024.2/gnu/aarch64/lin/aarch64-none/x86_64-oesdk-linux/usr/bin/aarch64-xilinx-elf/../../lib/aarch64-xilinx-elf/gcc/../../../lib/aarch64-xilinx-elf/gcc/aarch64-xilinx-elf/13.3.0/../../../../../aarch64-xilinx-elf/include"]
  ignore line: [#include "..." search starts here:]
  ignore line: [#include <...> search starts here:]
  ignore line: [ /home/joseph/Documents/vivado/avnet-zuboard-experiments/zuboard-projects/P2_PS_PL_RGB/vitis/ps_pl_rgb_platform/psu_cortexa53_0/standalone_psu_cortexa53_0/bsp/include]
  ignore line: [ /home/joseph/Vitis/2024.2/gnu/aarch64/lin/aarch64-none/x86_64-oesdk-linux/usr/bin/aarch64-xilinx-elf/../../lib/aarch64-xilinx-elf/gcc/aarch64-xilinx-elf/13.3.0/include]
  ignore line: [ /home/joseph/Vitis/2024.2/gnu/aarch64/lin/aarch64-none/x86_64-oesdk-linux/usr/bin/aarch64-xilinx-elf/../../lib/aarch64-xilinx-elf/gcc/aarch64-xilinx-elf/13.3.0/include-fixed]
  ignore line: [ /home/joseph/Vitis/2024.2/gnu/aarch64/lin/aarch64-none/bin/../aarch64-xilinx-elf/usr/include/c++/13.3.0]
  ignore line: [ /home/joseph/Vitis/2024.2/gnu/aarch64/lin/aarch64-none/bin/../aarch64-xilinx-elf/usr/include/c++/13.3.0/aarch64-xilinx-elf]
  ignore line: [ /home/joseph/Vitis/2024.2/gnu/aarch64/lin/aarch64-none/bin/../aarch64-xilinx-elf/usr/include/c++/13.3.0/backward]
  ignore line: [ /home/joseph/Vitis/2024.2/gnu/aarch64/lin/aarch64-none/bin/../aarch64-xilinx-elf/usr/include/]
  ignore line: [End of search list.]
  ignore line: [Compiler executable checksum: 323a5cb4c0af6199ba3a9507d9fb0ff9]
  ignore line: [COLLECT_GCC_OPTIONS='--sysroot=/home/joseph/Vitis/2024.2/gnu/aarch64/lin/aarch64-none/bin/../aarch64-xilinx-elf' '-mbranch-protection=none' '-O2' '-D' 'SDT' '-MMD' '-MP' '-specs=/home/joseph/Documents/vivado/avnet-zuboard-experiments/zuboard-projects/P2_PS_PL_RGB/vitis/ps_pl_rgb_platform/psu_cortexa53_0/standalone_psu_cortexa53_0/bsp/Xilinx.spec' '-I' '/home/joseph/Documents/vivado/avnet-zuboard-experiments/zuboard-projects/P2_PS_PL_RGB/vitis/ps_pl_rgb_platform/psu_cortexa53_0/standalone_psu_cortexa53_0/bsp/include' '-v' '-o' 'CMakeFiles/cmTC_5e0e3.dir/CMakeCXXCompilerABI.cpp.obj' '-c' '-march=armv8-a' '-mlittle-endian' '-mabi=lp64' '-dumpdir' 'CMakeFiles/cmTC_5e0e3.dir/']
  ignore line: [ /home/joseph/Vitis/2024.2/gnu/aarch64/lin/aarch64-none/x86_64-oesdk-linux/usr/bin/aarch64-xilinx-elf/../../libexec/aarch64-xilinx-elf/gcc/aarch64-xilinx-elf/13.3.0/as -v -I /home/joseph/Documents/vivado/avnet-zuboard-experiments/zuboard-projects/P2_PS_PL_RGB/vitis/ps_pl_rgb_platform/psu_cortexa53_0/standalone_psu_cortexa53_0/bsp/include -EL -march=armv8-a -mabi=lp64 -o CMakeFiles/cmTC_5e0e3.dir/CMakeCXXCompilerABI.cpp.obj /tmp/ccLwzzHj.s]
  ignore line: [GNU assembler version 2.42.0 (aarch64-xilinx-elf) using BFD version (GNU Binutils) 2.42.0.20240620]
  ignore line: [COMPILER_PATH=/home/joseph/Vitis/2024.2/gnu/aarch64/lin/aarch64-none/x86_64-oesdk-linux/usr/bin/aarch64-xilinx-elf/../../libexec/aarch64-xilinx-elf/gcc/aarch64-xilinx-elf/13.3.0/:/home/joseph/Vitis/2024.2/gnu/aarch64/lin/aarch64-none/x86_64-oesdk-linux/usr/bin/aarch64-xilinx-elf/../../libexec/aarch64-xilinx-elf/gcc/]
  ignore line: [LIBRARY_PATH=/home/joseph/Vitis/2024.2/gnu/aarch64/lin/aarch64-none/x86_64-oesdk-linux/usr/bin/aarch64-xilinx-elf/../../lib/aarch64-xilinx-elf/gcc/aarch64-xilinx-elf/13.3.0/:/home/joseph/Vitis/2024.2/gnu/aarch64/lin/aarch64-none/x86_64-oesdk-linux/usr/bin/aarch64-xilinx-elf/../../lib/aarch64-xilinx-elf/gcc/:/home/joseph/Vitis/2024.2/gnu/aarch64/lin/aarch64-none/bin/../aarch64-xilinx-elf/usr/lib64/aarch64-xilinx-elf/13.3.0/:/home/joseph/Vitis/2024.2/gnu/aarch64/lin/aarch64-none/bin/../aarch64-xilinx-elf/usr/lib64/]
  ignore line: [COLLECT_GCC_OPTIONS='--sysroot=/home/joseph/Vitis/2024.2/gnu/aarch64/lin/aarch64-none/bin/../aarch64-xilinx-elf' '-mbranch-protection=none' '-O2' '-D' 'SDT' '-MMD' '-MP' '-specs=/home/joseph/Documents/vivado/avnet-zuboard-experiments/zuboard-projects/P2_PS_PL_RGB/vitis/ps_pl_rgb_platform/psu_cortexa53_0/standalone_psu_cortexa53_0/bsp/Xilinx.spec' '-I' '/home/joseph/Documents/vivado/avnet-zuboard-experiments/zuboard-projects/P2_PS_PL_RGB/vitis/ps_pl_rgb_platform/psu_cortexa53_0/standalone_psu_cortexa53_0/bsp/include' '-v' '-o' 'CMakeFiles/cmTC_5e0e3.dir/CMakeCXXCompilerABI.cpp.obj' '-c' '-march=armv8-a' '-mlittle-endian' '-mabi=lp64' '-dumpdir' 'CMakeFiles/cmTC_5e0e3.dir/CMakeCXXCompilerABI.cpp.']
  ignore line: [[2/2] Linking CXX executable cmTC_5e0e3]
  ignore line: [Using built-in specs.]
  ignore line: [Reading specs from /home/joseph/Documents/vivado/avnet-zuboard-experiments/zuboard-projects/P2_PS_PL_RGB/vitis/ps_pl_rgb_platform/psu_cortexa53_0/standalone_psu_cortexa53_0/bsp/Xilinx.spec]
  ignore line: [COLLECT_GCC=/home/joseph/Vitis/2024.2/gnu/aarch64/lin/aarch64-none/bin/../x86_64-oesdk-linux/usr/bin/aarch64-xilinx-elf/aarch64-xilinx-elf-g++.real]
  ignore line: [COLLECT_LTO_WRAPPER=/home/joseph/Vitis/2024.2/gnu/aarch64/lin/aarch64-none/x86_64-oesdk-linux/usr/bin/aarch64-xilinx-elf/../../libexec/aarch64-xilinx-elf/gcc/aarch64-xilinx-elf/13.3.0/lto-wrapper]
  ignore line: [Target: aarch64-xilinx-elf]
  ignore line: [Configured with: ../../../../../../work-shared/gcc-13.3.0-r0/gcc-13.3.0/configure --build=x86_64-linux --host=x86_64-oesdk-linux --target=aarch64-xilinx-elf --prefix=/usr/local/oe-sdk-hardcoded-buildpath/sysroots/x86_64-oesdk-linux/usr --exec_prefix=/usr/local/oe-sdk-hardcoded-buildpath/sysroots/x86_64-oesdk-linux/usr --bindir=/usr/local/oe-sdk-hardcoded-buildpath/sysroots/x86_64-oesdk-linux/usr/bin/aarch64-xilinx-elf --sbindir=/usr/local/oe-sdk-hardcoded-buildpath/sysroots/x86_64-oesdk-linux/usr/bin/aarch64-xilinx-elf --libexecdir=/usr/local/oe-sdk-hardcoded-buildpath/sysroots/x86_64-oesdk-linux/usr/libexec/aarch64-xilinx-elf --datadir=/usr/local/oe-sdk-hardcoded-buildpath/sysroots/x86_64-oesdk-linux/usr/share --sysconfdir=/usr/local/oe-sdk-hardcoded-buildpath/sysroots/x86_64-oesdk-linux/etc --sharedstatedir=/usr/local/oe-sdk-hardcoded-buildpath/sysroots/x86_64-oesdk-linux/com --localstatedir=/usr/local/oe-sdk-hardcoded-buildpath/sysroots/x86_64-oesdk-linux/var --libdir=/usr/local/oe-sdk-hardcoded-buildpath/sysroots/x86_64-oesdk-linux/usr/lib/aarch64-xilinx-elf --includedir=/usr/local/oe-sdk-hardcoded-buildpath/sysroots/x86_64-oesdk-linux/usr/include --oldincludedir=/usr/local/oe-sdk-hardcoded-buildpath/sysroots/x86_64-oesdk-linux/usr/include --infodir=/usr/local/oe-sdk-hardcoded-buildpath/sysroots/x86_64-oesdk-linux/usr/share/info --mandir=/usr/local/oe-sdk-hardcoded-buildpath/sysroots/x86_64-oesdk-linux/usr/share/man --disable-silent-rules --disable-dependency-tracking --with-libtool-sysroot=/scratch/jenkins-BUILDS-eSDK-toolchain-2024.2_toolchain-9_Standalone_aarch64-tc/build/aarch64-tc-x86_64/work/x86_64-nativesdk-oesdk-linux/gcc-cross-canadian-aarch64/13.3.0/recipe-sysroot --with-gnu-ld --enable-shared --enable-languages=c,c++,fortran --enable-threads=posix --enable-multilib --enable-c99 --enable-long-long --enable-libstdcxx-pch --program-prefix=aarch64-xilinx-elf- --without-local-prefix --disable-install-libiberty --disable-libssp --enable-libitm --enable-lto --disable-bootstrap --with-system-zlib --enable-linker-build-id --with-ppl=no --with-cloog=no --enable-checking=release --enable-cheaders=c_global --without-isl --with-gxx-include-dir=/not/exist/usr/include/c++/13.3.0 --with-build-time-tools=/scratch/jenkins-BUILDS-eSDK-toolchain-2024.2_toolchain-9_Standalone_aarch64-tc/build/aarch64-tc-x86_64/work/x86_64-nativesdk-oesdk-linux/gcc-cross-canadian-aarch64/13.3.0/recipe-sysroot-native/usr/aarch64-xilinx-elf/bin --with-sysroot=/not/exist --with-build-sysroot=/scratch/jenkins-BUILDS-eSDK-toolchain-2024.2_toolchain-9_Standalone_aarch64-tc/build/aarch64-tc-x86_64/work/x86_64-nativesdk-oesdk-linux/gcc-cross-canadian-aarch64/13.3.0/recipe-sysroot --with-plugin-ld=ld --enable-poison-system-directories --disable-static --enable-nls --with-glibc-version=2.28 --enable-initfini-array --enable-multilib --disable-libstdcxx-pch --with-newlib --disable-threads --enable-plugins --with-gnu-as --disable-libitm --disable-multiarch --with-arch=armv8-a --with-sysroot=/not/exist]
  ignore line: [Thread model: single]
  ignore line: [Supported LTO compression algorithms: zlib zstd]
  ignore line: [gcc version 13.3.0 (GCC) ]
  ignore line: [COMPILER_PATH=/home/joseph/Vitis/2024.2/gnu/aarch64/lin/aarch64-none/x86_64-oesdk-linux/usr/bin/aarch64-xilinx-elf/../../libexec/aarch64-xilinx-elf/gcc/aarch64-xilinx-elf/13.3.0/:/home/joseph/Vitis/2024.2/gnu/aarch64/lin/aarch64-none/x86_64-oesdk-linux/usr/bin/aarch64-xilinx-elf/../../libexec/aarch64-xilinx-elf/gcc/]
  ignore line: [LIBRARY_PATH=/home/joseph/Vitis/2024.2/gnu/aarch64/lin/aarch64-none/x86_64-oesdk-linux/usr/bin/aarch64-xilinx-elf/../../lib/aarch64-xilinx-elf/gcc/aarch64-xilinx-elf/13.3.0/:/home/joseph/Vitis/2024.2/gnu/aarch64/lin/aarch64-none/x86_64-oesdk-linux/usr/bin/aarch64-xilinx-elf/../../lib/aarch64-xilinx-elf/gcc/:/home/joseph/Vitis/2024.2/gnu/aarch64/lin/aarch64-none/bin/../aarch64-xilinx-elf/usr/lib64/aarch64-xilinx-elf/13.3.0/:/home/joseph/Vitis/2024.2/gnu/aarch64/lin/aarch64-none/bin/../aarch64-xilinx-elf/usr/lib64/]
  ignore line: [COLLECT_GCC_OPTIONS='--sysroot=/home/joseph/Vitis/2024.2/gnu/aarch64/lin/aarch64-none/bin/../aarch64-xilinx-elf' '-mbranch-protection=none' '-O2' '-D' 'SDT' '-MMD' '-MP' '-specs=/home/joseph/Documents/vivado/avnet-zuboard-experiments/zuboard-projects/P2_PS_PL_RGB/vitis/ps_pl_rgb_platform/psu_cortexa53_0/standalone_psu_cortexa53_0/bsp/Xilinx.spec' '-I' '/home/joseph/Documents/vivado/avnet-zuboard-experiments/zuboard-projects/P2_PS_PL_RGB/vitis/ps_pl_rgb_platform/psu_cortexa53_0/standalone_psu_cortexa53_0/bsp/include' '-v' '-o' 'cmTC_5e0e3' '-march=armv8-a' '-mlittle-endian' '-mabi=lp64' '-dumpdir' 'cmTC_5e0e3.']
  link line: [ /home/joseph/Vitis/2024.2/gnu/aarch64/lin/aarch64-none/x86_64-oesdk-linux/usr/bin/aarch64-xilinx-elf/../../libexec/aarch64-xilinx-elf/gcc/aarch64-xilinx-elf/13.3.0/collect2 -plugin /home/joseph/Vitis/2024.2/gnu/aarch64/lin/aarch64-none/x86_64-oesdk-linux/usr/bin/aarch64-xilinx-elf/../../libexec/aarch64-xilinx-elf/gcc/aarch64-xilinx-elf/13.3.0/liblto_plugin.so -plugin-opt=/home/joseph/Vitis/2024.2/gnu/aarch64/lin/aarch64-none/x86_64-oesdk-linux/usr/bin/aarch64-xilinx-elf/../../libexec/aarch64-xilinx-elf/gcc/aarch64-xilinx-elf/13.3.0/lto-wrapper -plugin-opt=-fresolution=/tmp/ccukBdBX.res -plugin-opt=-pass-through=-lgcc -plugin-opt=-pass-through=-lc -plugin-opt=-pass-through=-lgcc --sysroot=/home/joseph/Vitis/2024.2/gnu/aarch64/lin/aarch64-none/bin/../aarch64-xilinx-elf --build-id -EL -X -maarch64elf -o cmTC_5e0e3 /home/joseph/Vitis/2024.2/gnu/aarch64/lin/aarch64-none/bin/../aarch64-xilinx-elf/usr/lib64/aarch64-xilinx-elf/13.3.0/crti.o /home/joseph/Vitis/2024.2/gnu/aarch64/lin/aarch64-none/bin/../aarch64-xilinx-elf/usr/lib64/aarch64-xilinx-elf/13.3.0/crtbegin.o -L/home/joseph/Vitis/2024.2/gnu/aarch64/lin/aarch64-none/x86_64-oesdk-linux/usr/bin/aarch64-xilinx-elf/../../lib/aarch64-xilinx-elf/gcc/aarch64-xilinx-elf/13.3.0 -L/home/joseph/Vitis/2024.2/gnu/aarch64/lin/aarch64-none/x86_64-oesdk-linux/usr/bin/aarch64-xilinx-elf/../../lib/aarch64-xilinx-elf/gcc -L/home/joseph/Vitis/2024.2/gnu/aarch64/lin/aarch64-none/bin/../aarch64-xilinx-elf/usr/lib64/aarch64-xilinx-elf/13.3.0 -L/home/joseph/Vitis/2024.2/gnu/aarch64/lin/aarch64-none/bin/../aarch64-xilinx-elf/usr/lib64 --no-warn-rwx-segment CMakeFiles/cmTC_5e0e3.dir/CMakeCXXCompilerABI.cpp.obj -lstdc++ -lm -lgcc -lc -lgcc /home/joseph/Vitis/2024.2/gnu/aarch64/lin/aarch64-none/bin/../aarch64-xilinx-elf/usr/lib64/aarch64-xilinx-elf/13.3.0/crtend.o /home/joseph/Vitis/2024.2/gnu/aarch64/lin/aarch64-none/bin/../aarch64-xilinx-elf/usr/lib64/aarch64-xilinx-elf/13.3.0/crtn.o]
    arg [/home/joseph/Vitis/2024.2/gnu/aarch64/lin/aarch64-none/x86_64-oesdk-linux/usr/bin/aarch64-xilinx-elf/../../libexec/aarch64-xilinx-elf/gcc/aarch64-xilinx-elf/13.3.0/collect2] ==> ignore
    arg [-plugin] ==> ignore
    arg [/home/joseph/Vitis/2024.2/gnu/aarch64/lin/aarch64-none/x86_64-oesdk-linux/usr/bin/aarch64-xilinx-elf/../../libexec/aarch64-xilinx-elf/gcc/aarch64-xilinx-elf/13.3.0/liblto_plugin.so] ==> ignore
    arg [-plugin-opt=/home/joseph/Vitis/2024.2/gnu/aarch64/lin/aarch64-none/x86_64-oesdk-linux/usr/bin/aarch64-xilinx-elf/../../libexec/aarch64-xilinx-elf/gcc/aarch64-xilinx-elf/13.3.0/lto-wrapper] ==> ignore
    arg [-plugin-opt=-fresolution=/tmp/ccukBdBX.res] ==> ignore
    arg [-plugin-opt=-pass-through=-lgcc] ==> ignore
    arg [-plugin-opt=-pass-through=-lc] ==> ignore
    arg [-plugin-opt=-pass-through=-lgcc] ==> ignore
    arg [--sysroot=/home/joseph/Vitis/2024.2/gnu/aarch64/lin/aarch64-none/bin/../aarch64-xilinx-elf] ==> ignore
    arg [--build-id] ==> ignore
    arg [-EL] ==> ignore
    arg [-X] ==> ignore
    arg [-maarch64elf] ==> ignore
    arg [-o] ==> ignore
    arg [cmTC_5e0e3] ==> ignore
    arg [/home/joseph/Vitis/2024.2/gnu/aarch64/lin/aarch64-none/bin/../aarch64-xilinx-elf/usr/lib64/aarch64-xilinx-elf/13.3.0/crti.o] ==> obj [/home/joseph/Vitis/2024.2/gnu/aarch64/lin/aarch64-none/bin/../aarch64-xilinx-elf/usr/lib64/aarch64-xilinx-elf/13.3.0/crti.o]
    arg [/home/joseph/Vitis/2024.2/gnu/aarch64/lin/aarch64-none/bin/../aarch64-xilinx-elf/usr/lib64/aarch64-xilinx-elf/13.3.0/crtbegin.o] ==> obj [/home/joseph/Vitis/2024.2/gnu/aarch64/lin/aarch64-none/bin/../aarch64-xilinx-elf/usr/lib64/aarch64-xilinx-elf/13.3.0/crtbegin.o]
    arg [-L/home/joseph/Vitis/2024.2/gnu/aarch64/lin/aarch64-none/x86_64-oesdk-linux/usr/bin/aarch64-xilinx-elf/../../lib/aarch64-xilinx-elf/gcc/aarch64-xilinx-elf/13.3.0] ==> dir [/home/joseph/Vitis/2024.2/gnu/aarch64/lin/aarch64-none/x86_64-oesdk-linux/usr/bin/aarch64-xilinx-elf/../../lib/aarch64-xilinx-elf/gcc/aarch64-xilinx-elf/13.3.0]
    arg [-L/home/joseph/Vitis/2024.2/gnu/aarch64/lin/aarch64-none/x86_64-oesdk-linux/usr/bin/aarch64-xilinx-elf/../../lib/aarch64-xilinx-elf/gcc] ==> dir [/home/joseph/Vitis/2024.2/gnu/aarch64/lin/aarch64-none/x86_64-oesdk-linux/usr/bin/aarch64-xilinx-elf/../../lib/aarch64-xilinx-elf/gcc]
    arg [-L/home/joseph/Vitis/2024.2/gnu/aarch64/lin/aarch64-none/bin/../aarch64-xilinx-elf/usr/lib64/aarch64-xilinx-elf/13.3.0] ==> dir [/home/joseph/Vitis/2024.2/gnu/aarch64/lin/aarch64-none/bin/../aarch64-xilinx-elf/usr/lib64/aarch64-xilinx-elf/13.3.0]
    arg [-L/home/joseph/Vitis/2024.2/gnu/aarch64/lin/aarch64-none/bin/../aarch64-xilinx-elf/usr/lib64] ==> dir [/home/joseph/Vitis/2024.2/gnu/aarch64/lin/aarch64-none/bin/../aarch64-xilinx-elf/usr/lib64]
    arg [--no-warn-rwx-segment] ==> ignore
    arg [CMakeFiles/cmTC_5e0e3.dir/CMakeCXXCompilerABI.cpp.obj] ==> ignore
    arg [-lstdc++] ==> lib [stdc++]
    arg [-lm] ==> lib [m]
    arg [-lgcc] ==> lib [gcc]
    arg [-lc] ==> lib [c]
    arg [-lgcc] ==> lib [gcc]
    arg [/home/joseph/Vitis/2024.2/gnu/aarch64/lin/aarch64-none/bin/../aarch64-xilinx-elf/usr/lib64/aarch64-xilinx-elf/13.3.0/crtend.o] ==> obj [/home/joseph/Vitis/2024.2/gnu/aarch64/lin/aarch64-none/bin/../aarch64-xilinx-elf/usr/lib64/aarch64-xilinx-elf/13.3.0/crtend.o]
    arg [/home/joseph/Vitis/2024.2/gnu/aarch64/lin/aarch64-none/bin/../aarch64-xilinx-elf/usr/lib64/aarch64-xilinx-elf/13.3.0/crtn.o] ==> obj [/home/joseph/Vitis/2024.2/gnu/aarch64/lin/aarch64-none/bin/../aarch64-xilinx-elf/usr/lib64/aarch64-xilinx-elf/13.3.0/crtn.o]
  collapse obj [/home/joseph/Vitis/2024.2/gnu/aarch64/lin/aarch64-none/bin/../aarch64-xilinx-elf/usr/lib64/aarch64-xilinx-elf/13.3.0/crti.o] ==> [/home/joseph/Vitis/2024.2/gnu/aarch64/lin/aarch64-none/aarch64-xilinx-elf/usr/lib64/aarch64-xilinx-elf/13.3.0/crti.o]
  collapse obj [/home/joseph/Vitis/2024.2/gnu/aarch64/lin/aarch64-none/bin/../aarch64-xilinx-elf/usr/lib64/aarch64-xilinx-elf/13.3.0/crtbegin.o] ==> [/home/joseph/Vitis/2024.2/gnu/aarch64/lin/aarch64-none/aarch64-xilinx-elf/usr/lib64/aarch64-xilinx-elf/13.3.0/crtbegin.o]
  collapse obj [/home/joseph/Vitis/2024.2/gnu/aarch64/lin/aarch64-none/bin/../aarch64-xilinx-elf/usr/lib64/aarch64-xilinx-elf/13.3.0/crtend.o] ==> [/home/joseph/Vitis/2024.2/gnu/aarch64/lin/aarch64-none/aarch64-xilinx-elf/usr/lib64/aarch64-xilinx-elf/13.3.0/crtend.o]
  collapse obj [/home/joseph/Vitis/2024.2/gnu/aarch64/lin/aarch64-none/bin/../aarch64-xilinx-elf/usr/lib64/aarch64-xilinx-elf/13.3.0/crtn.o] ==> [/home/joseph/Vitis/2024.2/gnu/aarch64/lin/aarch64-none/aarch64-xilinx-elf/usr/lib64/aarch64-xilinx-elf/13.3.0/crtn.o]
  collapse library dir [/home/joseph/Vitis/2024.2/gnu/aarch64/lin/aarch64-none/x86_64-oesdk-linux/usr/bin/aarch64-xilinx-elf/../../lib/aarch64-xilinx-elf/gcc/aarch64-xilinx-elf/13.3.0] ==> [/home/joseph/Vitis/2024.2/gnu/aarch64/lin/aarch64-none/x86_64-oesdk-linux/usr/lib/aarch64-xilinx-elf/gcc/aarch64-xilinx-elf/13.3.0]
  collapse library dir [/home/joseph/Vitis/2024.2/gnu/aarch64/lin/aarch64-none/x86_64-oesdk-linux/usr/bin/aarch64-xilinx-elf/../../lib/aarch64-xilinx-elf/gcc] ==> [/home/joseph/Vitis/2024.2/gnu/aarch64/lin/aarch64-none/x86_64-oesdk-linux/usr/lib/aarch64-xilinx-elf/gcc]
  collapse library dir [/home/joseph/Vitis/2024.2/gnu/aarch64/lin/aarch64-none/bin/../aarch64-xilinx-elf/usr/lib64/aarch64-xilinx-elf/13.3.0] ==> [/home/joseph/Vitis/2024.2/gnu/aarch64/lin/aarch64-none/aarch64-xilinx-elf/usr/lib64/aarch64-xilinx-elf/13.3.0]
  collapse library dir [/home/joseph/Vitis/2024.2/gnu/aarch64/lin/aarch64-none/bin/../aarch64-xilinx-elf/usr/lib64] ==> [/home/joseph/Vitis/2024.2/gnu/aarch64/lin/aarch64-none/aarch64-xilinx-elf/usr/lib64]
  implicit libs: [stdc++;m;gcc;c;gcc]
  implicit objs: [/home/joseph/Vitis/2024.2/gnu/aarch64/lin/aarch64-none/aarch64-xilinx-elf/usr/lib64/aarch64-xilinx-elf/13.3.0/crti.o;/home/joseph/Vitis/2024.2/gnu/aarch64/lin/aarch64-none/aarch64-xilinx-elf/usr/lib64/aarch64-xilinx-elf/13.3.0/crtbegin.o;/home/joseph/Vitis/2024.2/gnu/aarch64/lin/aarch64-none/aarch64-xilinx-elf/usr/lib64/aarch64-xilinx-elf/13.3.0/crtend.o;/home/joseph/Vitis/2024.2/gnu/aarch64/lin/aarch64-none/aarch64-xilinx-elf/usr/lib64/aarch64-xilinx-elf/13.3.0/crtn.o]
  implicit dirs: [/home/joseph/Vitis/2024.2/gnu/aarch64/lin/aarch64-none/x86_64-oesdk-linux/usr/lib/aarch64-xilinx-elf/gcc/aarch64-xilinx-elf/13.3.0;/home/joseph/Vitis/2024.2/gnu/aarch64/lin/aarch64-none/x86_64-oesdk-linux/usr/lib/aarch64-xilinx-elf/gcc;/home/joseph/Vitis/2024.2/gnu/aarch64/lin/aarch64-none/aarch64-xilinx-elf/usr/lib64/aarch64-xilinx-elf/13.3.0;/home/joseph/Vitis/2024.2/gnu/aarch64/lin/aarch64-none/aarch64-xilinx-elf/usr/lib64]
  implicit fwks: []


Checking whether the ASM compiler is GNU using "--version" matched "(GNU assembler)|(GCC)|(Free Software Foundation)":
aarch64-xilinx-elf-gcc.real (GCC) 13.3.0
Copyright (C) 2023 Free Software Foundation, Inc.
This is free software; see the source for copying conditions.  There is NO
warranty; not even for MERCHANTABILITY or FITNESS FOR A PARTICULAR PURPOSE.

