Copyright 1986-2022 Xilinx, Inc. All Rights Reserved. Copyright 2022-2024 Advanced Micro Devices, Inc. All Rights Reserved.
----------------------------------------------------------------------------------------------------------------------------------------------------------------
| Tool Version     : Vivado v.2024.2 (lin64) Build 5239630 Fri Nov 08 22:34:34 MST 2024
| Date             : Sun May 17 16:27:08 2026
| Host             : Joseph-PowerLabs running 64-bit Ubuntu 22.04.5 LTS
| Command          : report_power -file rgb_bd_wrapper_power_routed.rpt -pb rgb_bd_wrapper_power_summary_routed.pb -rpx rgb_bd_wrapper_power_routed.rpx
| Design           : rgb_bd_wrapper
| Device           : xczu1cg-sbva484-1-e
| Design State     : routed
| Grade            : extended
| Process          : typical
| Characterization : Production
----------------------------------------------------------------------------------------------------------------------------------------------------------------

Power Report

Table of Contents
-----------------
1. Summary
1.1 On-Chip Components
1.2 Power Supply Summary
1.3 Confidence Level
2. Settings
2.1 Environment
2.2 Clock Constraints
3. Detailed Reports
3.1 By Hierarchy

1. Summary
----------

+--------------------------+--------------+
| Total On-Chip Power (W)  | 1.185        |
| Design Power Budget (W)  | 45.000       |
| Power Budget Margin (W)  | 43.815 (MET) |
| Dynamic (W)              | 0.949        |
| Device Static (W)        | 0.236        |
| Effective TJA (C/W)      | 0.8          |
| Max Ambient (C)          | 99.1         |
| Junction Temperature (C) | 25.9         |
| Confidence Level         | Medium       |
| Setting File             | ---          |
| Simulation Activity File | ---          |
| Design Nets Matched      | NA           |
+--------------------------+--------------+


1.1 On-Chip Components
----------------------

+-------------------------+-----------+----------+-----------+-----------------+
| On-Chip                 | Power (W) | Used     | Available | Utilization (%) |
+-------------------------+-----------+----------+-----------+-----------------+
| Clocks                  |     0.003 |        3 |       --- |             --- |
| CLB Logic               |     0.002 |     1634 |       --- |             --- |
|   LUT as Logic          |     0.001 |      584 |     37440 |            1.56 |
|   Register              |    <0.001 |      725 |     74880 |            0.97 |
|   LUT as Shift Register |    <0.001 |        2 |     15840 |            0.01 |
|   Others                |     0.000 |       95 |       --- |             --- |
| Signals                 |     0.001 |     1417 |       --- |             --- |
| I/O                     |    <0.001 |        6 |        82 |            7.32 |
| PS8                     |     0.943 |        1 |       --- |             --- |
| Static Power            |     0.236 |          |           |                 |
|   PS Static             |     0.086 |          |           |                 |
|   PL Static             |     0.150 |          |           |                 |
| Total                   |     1.185 |          |           |                 |
+-------------------------+-----------+----------+-----------+-----------------+


1.2 Power Supply Summary
------------------------

+-----------------+-------------+-----------+-------------+------------+-------------+-------------+-------------+
| Source          | Voltage (V) | Total (A) | Dynamic (A) | Static (A) | Powerup (A) | Budget (A)  | Margin (A)  |
+-----------------+-------------+-----------+-------------+------------+-------------+-------------+-------------+
| Vccint          |       0.850 |     0.031 |       0.006 |      0.024 |       NA    |       3.000 | 2.969 (MET) |
| Vccint_io       |       0.850 |     0.027 |       0.000 |      0.027 |       NA    | Unspecified | NA          |
| Vccbram         |       0.850 |     0.000 |       0.000 |      0.000 |       NA    | Unspecified | NA          |
| Vccaux          |       1.800 |     0.026 |       0.000 |      0.026 |       NA    | Unspecified | NA          |
| Vccaux_io       |       1.800 |     0.026 |       0.000 |      0.025 |       NA    | Unspecified | NA          |
| Vcco33          |       3.300 |     0.000 |       0.000 |      0.000 |       NA    | Unspecified | NA          |
| Vcco25          |       2.500 |     0.000 |       0.000 |      0.000 |       NA    | Unspecified | NA          |
| Vcco18          |       1.800 |     0.000 |       0.000 |      0.000 |       NA    | Unspecified | NA          |
| Vcco15          |       1.500 |     0.000 |       0.000 |      0.000 |       NA    | Unspecified | NA          |
| Vcco135         |       1.350 |     0.000 |       0.000 |      0.000 |       NA    | Unspecified | NA          |
| Vcco12          |       1.200 |     0.000 |       0.000 |      0.000 |       NA    | Unspecified | NA          |
| Vcco10          |       1.000 |     0.000 |       0.000 |      0.000 |       NA    | Unspecified | NA          |
| Vccadc          |       1.800 |     0.008 |       0.000 |      0.008 |       NA    | Unspecified | NA          |
| VCC_PSINTFP     |       0.850 |     0.356 |       0.331 |      0.025 |       NA    | Unspecified | NA          |
| VCC_PSINTLP     |       0.850 |     0.282 |       0.275 |      0.007 |       NA    | Unspecified | NA          |
| VPS_MGTRAVCC    |       0.850 |     0.001 |       0.000 |      0.001 |       NA    | Unspecified | NA          |
| VCC_PSINTFP_DDR |       0.850 |     0.267 |       0.263 |      0.004 |       NA    | Unspecified | NA          |
| VCC_PSPLL       |       1.200 |     0.068 |       0.066 |      0.002 |       NA    | Unspecified | NA          |
| VPS_MGTRAVTT    |       1.800 |     0.001 |       0.000 |      0.001 |       NA    | Unspecified | NA          |
| VCCO_PSDDR_504  |       1.100 |     0.146 |       0.112 |      0.034 |       NA    | Unspecified | NA          |
| VCC_PSAUX       |       1.800 |     0.002 |       0.000 |      0.002 |       NA    | Unspecified | NA          |
| VCC_PSBATT      |       1.200 |     0.000 |       0.000 |      0.000 |       NA    | Unspecified | NA          |
| VCC_PSDDR_PLL   |       1.800 |     0.001 |       0.000 |      0.001 |       NA    | Unspecified | NA          |
| VCCO_PSIO0_500  |       1.800 |     0.001 |       0.000 |      0.001 |       NA    | Unspecified | NA          |
| VCCO_PSIO1_501  |       1.800 |     0.001 |       0.000 |      0.001 |       NA    | Unspecified | NA          |
| VCCO_PSIO2_502  |       1.800 |     0.001 |       0.000 |      0.001 |       NA    | Unspecified | NA          |
| VCCO_PSIO3_503  |       1.800 |     0.001 |       0.000 |      0.001 |       NA    | Unspecified | NA          |
| VCC_PSADC       |       1.800 |     0.002 |       0.000 |      0.002 |       NA    | Unspecified | NA          |
+-----------------+-------------+-----------+-------------+------------+-------------+-------------+-------------+


1.3 Confidence Level
--------------------

+-----------------------------+------------+------------------------------------------------+------------------------------------------------------------------------------------------------------------+
| User Input Data             | Confidence | Details                                        | Action                                                                                                     |
+-----------------------------+------------+------------------------------------------------+------------------------------------------------------------------------------------------------------------+
| Design implementation state | High       | Design is routed                               |                                                                                                            |
| Clock nodes activity        | High       | User specified more than 95% of clocks         |                                                                                                            |
| I/O nodes activity          | High       | User specified more than 95% of inputs         |                                                                                                            |
| Internal nodes activity     | Medium     | User specified less than 25% of internal nodes | Provide missing internal nodes activity with simulation results or by editing the "By Resource Type" views |
| Device models               | High       | Device models are Production                   |                                                                                                            |
|                             |            |                                                |                                                                                                            |
| Overall confidence level    | Medium     |                                                |                                                                                                            |
+-----------------------------+------------+------------------------------------------------+------------------------------------------------------------------------------------------------------------+


2. Settings
-----------

2.1 Environment
---------------

+-----------------------+--------------------------+
| Ambient Temp (C)      | 25.0                     |
| ThetaJA (C/W)         | 0.8                      |
| Airflow (LFM)         | 250                      |
| Heat Sink             | medium (Medium Profile)  |
| ThetaSA (C/W)         | 8.8                      |
| Board Selection       | medium (10"x10")         |
| # of Board Layers     | 12to15 (12 to 15 Layers) |
| Board Temperature (C) | 25.0                     |
+-----------------------+--------------------------+


2.2 Clock Constraints
---------------------

+----------+------------------------------------------------------+-----------------+
| Clock    | Domain                                               | Constraint (ns) |
+----------+------------------------------------------------------+-----------------+
| clk_pl_0 | rgb_bd_i/zynq_ultra_ps_e_0/inst/pl_clk_unbuffered[0] |            10.0 |
+----------+------------------------------------------------------+-----------------+


3. Detailed Reports
-------------------

3.1 By Hierarchy
----------------

+-----------------------+-----------+
| Name                  | Power (W) |
+-----------------------+-----------+
| rgb_bd_wrapper        |     0.949 |
|   rgb_bd_i            |     0.948 |
|     axi_smc           |     0.005 |
|       inst            |     0.005 |
|     zynq_ultra_ps_e_0 |     0.943 |
|       inst            |     0.943 |
+-----------------------+-----------+


