Copyright 1986-2022 Xilinx, Inc. All Rights Reserved. Copyright 2022-2024 Advanced Micro Devices, Inc. All Rights Reserved.
---------------------------------------------------------------------------------------------------------------------------------------------
| Tool Version : Vivado v.2024.2 (lin64) Build 5239630 Fri Nov 08 22:34:34 MST 2024
| Date         : Sun May 17 16:26:50 2026
| Host         : Joseph-PowerLabs running 64-bit Ubuntu 22.04.5 LTS
| Command      : report_control_sets -verbose -file rgb_bd_wrapper_control_sets_placed.rpt
| Design       : rgb_bd_wrapper
| Device       : xczu1cg
---------------------------------------------------------------------------------------------------------------------------------------------

Control Set Information

Table of Contents
-----------------
1. Summary
2. Histogram
3. Flip-Flop Distribution
4. Detailed Control Set Information

1. Summary
----------

+----------------------------------------------------------+-------+
|                          Status                          | Count |
+----------------------------------------------------------+-------+
| Total control sets                                       |    70 |
|    Minimum number of control sets                        |    70 |
|    Addition due to synthesis replication                 |     0 |
|    Addition due to physical synthesis replication        |     0 |
| Unused register locations in slices containing registers |    79 |
+----------------------------------------------------------+-------+
* Control sets can be merged at opt_design using control_set_merge or merge_equivalent_drivers
** Run report_qor_suggestions for automated merging and remapping suggestions


2. Histogram
------------

+--------------------+-------+
|       Fanout       | Count |
+--------------------+-------+
| Total control sets |    70 |
| >= 0 to < 4        |    28 |
| >= 4 to < 6        |     9 |
| >= 6 to < 8        |     5 |
| >= 8 to < 10       |     3 |
| >= 10 to < 12      |     5 |
| >= 12 to < 14      |     3 |
| >= 14 to < 16      |     1 |
| >= 16              |    16 |
+--------------------+-------+
* Control sets can be remapped at either synth_design or opt_design


3. Flip-Flop Distribution
-------------------------

+--------------+-----------------------+------------------------+-----------------+--------------+
| Clock Enable | Synchronous Set/Reset | Asynchronous Set/Reset | Total Registers | Total Slices |
+--------------+-----------------------+------------------------+-----------------+--------------+
| No           | No                    | No                     |              82 |           30 |
| No           | No                    | Yes                    |              27 |            8 |
| No           | Yes                   | No                     |              85 |           39 |
| Yes          | No                    | No                     |             197 |           25 |
| Yes          | No                    | Yes                    |               0 |            0 |
| Yes          | Yes                   | No                     |             334 |           78 |
+--------------+-----------------------+------------------------+-----------------+--------------+


4. Detailed Control Set Information
-----------------------------------

+------------------------------------------+--------------------------------------------------------------------------------------------------------------------------------------------------------------------+-------------------------------------------------------------------------------------------------------------------------------------------------------+------------------+----------------+--------------+
|               Clock Signal               |                                                                            Enable Signal                                                                           |                                                                    Set/Reset Signal                                                                   | Slice Load Count | Bel Load Count | Bels / Slice |
+------------------------------------------+--------------------------------------------------------------------------------------------------------------------------------------------------------------------+-------------------------------------------------------------------------------------------------------------------------------------------------------+------------------+----------------+--------------+
|  rgb_bd_i/zynq_ultra_ps_e_0/inst/pl_clk0 |                                                                                                                                                                    | rgb_bd_i/axi_smc/inst/s00_nodes/s00_ar_node/inst/s_sc_areset_pipe                                                                                     |                1 |              1 |         1.00 |
|  rgb_bd_i/zynq_ultra_ps_e_0/inst/pl_clk0 |                                                                                                                                                                    | rgb_bd_i/axi_smc/inst/s00_nodes/s00_aw_node/inst/s_sc_areset_pipe                                                                                     |                1 |              1 |         1.00 |
|  rgb_bd_i/zynq_ultra_ps_e_0/inst/pl_clk0 |                                                                                                                                                                    | rgb_bd_i/axi_smc/inst/s00_nodes/s00_b_node/inst/s_sc_areset_pipe                                                                                      |                1 |              1 |         1.00 |
|  rgb_bd_i/zynq_ultra_ps_e_0/inst/pl_clk0 |                                                                                                                                                                    | rgb_bd_i/axi_smc/inst/s00_nodes/s00_r_node/inst/s_sc_areset_pipe                                                                                      |                1 |              1 |         1.00 |
|  rgb_bd_i/zynq_ultra_ps_e_0/inst/pl_clk0 |                                                                                                                                                                    | rgb_bd_i/axi_smc/inst/s00_nodes/s00_w_node/inst/s_sc_areset_pipe                                                                                      |                1 |              1 |         1.00 |
|  rgb_bd_i/zynq_ultra_ps_e_0/inst/pl_clk0 | rgb_bd_i/axi_smc/inst/s00_entry_pipeline/s00_si_converter/inst/gen_axilite_conv.axilite_conv_inst/r_state                                                          | rgb_bd_i/axi_smc/inst/s00_entry_pipeline/s00_si_converter/inst/areset                                                                                 |                2 |              2 |         1.00 |
|  rgb_bd_i/zynq_ultra_ps_e_0/inst/pl_clk0 | rgb_bd_i/axi_smc/inst/s00_entry_pipeline/s00_mmu/inst/aw_reg_stall/E[0]                                                                                            | rgb_bd_i/axi_smc/inst/s00_entry_pipeline/s00_mmu/inst/areset                                                                                          |                1 |              2 |         2.00 |
|  rgb_bd_i/zynq_ultra_ps_e_0/inst/pl_clk0 |                                                                                                                                                                    | rgb_bd_i/axi_smc/inst/m00_exit_pipeline/m00_exit/inst/areset                                                                                          |                1 |              2 |         2.00 |
|  rgb_bd_i/zynq_ultra_ps_e_0/inst/pl_clk0 | rgb_bd_i/axi_smc/inst/s00_entry_pipeline/s00_si_converter/inst/gen_axilite_conv.axilite_conv_inst/s_axi_rresp_i[1]_i_1_n_0                                         | rgb_bd_i/axi_smc/inst/s00_entry_pipeline/s00_si_converter/inst/areset                                                                                 |                1 |              2 |         2.00 |
|  rgb_bd_i/zynq_ultra_ps_e_0/inst/pl_clk0 | rgb_bd_i/axi_smc/inst/s00_entry_pipeline/s00_si_converter/inst/gen_axilite_conv.axilite_conv_inst/s_axi_bresp_i                                                    | rgb_bd_i/axi_smc/inst/s00_entry_pipeline/s00_si_converter/inst/gen_axilite_conv.axilite_conv_inst/s_axi_bresp_i[1]_i_1_n_0                            |                1 |              2 |         2.00 |
|  rgb_bd_i/zynq_ultra_ps_e_0/inst/pl_clk0 |                                                                                                                                                                    | rgb_bd_i/axi_smc/inst/m00_exit_pipeline/m00_exit/inst/exit_inst/gen_w_cmd_reg.aresetn_d_reg_n_0_[0]                                                   |                1 |              2 |         2.00 |
|  rgb_bd_i/zynq_ultra_ps_e_0/inst/pl_clk0 |                                                                                                                                                                    | rgb_bd_i/axi_smc/inst/s00_entry_pipeline/s00_transaction_regulator/inst/areset                                                                        |                1 |              2 |         2.00 |
|  rgb_bd_i/zynq_ultra_ps_e_0/inst/pl_clk0 |                                                                                                                                                                    | rgb_bd_i/axi_smc/inst/s00_entry_pipeline/s00_mmu/inst/areset_d                                                                                        |                1 |              2 |         2.00 |
|  rgb_bd_i/zynq_ultra_ps_e_0/inst/pl_clk0 | rgb_bd_i/gpio_io_o/U0/AXI_LITE_IPIF_I/I_SLAVE_ATTACHMENT/is_read_i_1_n_0                                                                                           | rgb_bd_i/gpio_io_o/U0/AXI_LITE_IPIF_I/I_SLAVE_ATTACHMENT/SR[0]                                                                                        |                1 |              2 |         2.00 |
|  rgb_bd_i/zynq_ultra_ps_e_0/inst/pl_clk0 |                                                                                                                                                                    | rgb_bd_i/axi_smc/inst/s00_nodes/s00_w_node/inst/inst_mi_handler/areset_r                                                                              |                1 |              2 |         2.00 |
|  rgb_bd_i/zynq_ultra_ps_e_0/inst/pl_clk0 |                                                                                                                                                                    | rgb_bd_i/axi_smc/inst/s00_nodes/s00_r_node/inst/inst_mi_handler/areset_r                                                                              |                1 |              2 |         2.00 |
|  rgb_bd_i/zynq_ultra_ps_e_0/inst/pl_clk0 |                                                                                                                                                                    | rgb_bd_i/axi_smc/inst/s00_nodes/s00_b_node/inst/inst_mi_handler/areset_r                                                                              |                1 |              2 |         2.00 |
|  rgb_bd_i/zynq_ultra_ps_e_0/inst/pl_clk0 |                                                                                                                                                                    | rgb_bd_i/axi_smc/inst/s00_nodes/s00_aw_node/inst/inst_mi_handler/areset_r                                                                             |                1 |              2 |         2.00 |
|  rgb_bd_i/zynq_ultra_ps_e_0/inst/pl_clk0 |                                                                                                                                                                    | rgb_bd_i/axi_smc/inst/s00_nodes/s00_ar_node/inst/inst_mi_handler/areset_r                                                                             |                1 |              2 |         2.00 |
|  rgb_bd_i/zynq_ultra_ps_e_0/inst/pl_clk0 | rgb_bd_i/axi_smc/inst/s00_entry_pipeline/s00_si_converter/inst/gen_axilite_conv.axilite_conv_inst/m_r_pointer[1]_i_1_n_0                                           | rgb_bd_i/axi_smc/inst/s00_entry_pipeline/s00_si_converter/inst/areset                                                                                 |                1 |              2 |         2.00 |
|  rgb_bd_i/zynq_ultra_ps_e_0/inst/pl_clk0 |                                                                                                                                                                    | rgb_bd_i/axi_smc/inst/s00_entry_pipeline/s00_transaction_regulator/inst/gen_endpoint.gen_w_singleorder.w_singleorder/gen_id_reg.aresetn_d_reg_n_0_[0] |                2 |              2 |         1.00 |
|  rgb_bd_i/zynq_ultra_ps_e_0/inst/pl_clk0 | rgb_bd_i/axi_smc/inst/s00_nodes/s00_aw_node/inst/inst_mi_handler/gen_normal_area.inst_fifo_node_payld/gen_reg_fifo.inst_reg_fifo/gen_single_rank.data[152]_i_1_n_0 |                                                                                                                                                       |                1 |              3 |         3.00 |
|  rgb_bd_i/zynq_ultra_ps_e_0/inst/pl_clk0 | rgb_bd_i/axi_smc/inst/s00_nodes/s00_ar_node/inst/inst_mi_handler/gen_normal_area.inst_fifo_node_payld/gen_reg_fifo.inst_reg_fifo/gen_single_rank.data[152]_i_1_n_0 |                                                                                                                                                       |                1 |              3 |         3.00 |
|  rgb_bd_i/zynq_ultra_ps_e_0/inst/pl_clk0 | rgb_bd_i/axi_smc/inst/s00_entry_pipeline/s00_si_converter/inst/gen_axilite_conv.axilite_conv_inst/w_state                                                          | rgb_bd_i/axi_smc/inst/s00_entry_pipeline/s00_si_converter/inst/areset                                                                                 |                2 |              3 |         1.50 |
|  rgb_bd_i/zynq_ultra_ps_e_0/inst/pl_clk0 | rgb_bd_i/axi_smc/inst/s00_entry_pipeline/s00_mmu/inst/aw_reg_stall/state                                                                                           | rgb_bd_i/axi_smc/inst/s00_entry_pipeline/s00_mmu/inst/areset                                                                                          |                1 |              3 |         3.00 |
|  rgb_bd_i/zynq_ultra_ps_e_0/inst/pl_clk0 | rgb_bd_i/axi_smc/inst/s00_entry_pipeline/s00_mmu/inst/gen_endpoint.decerr_slave_inst/gen_axi.gen_write.write_cs                                                    | rgb_bd_i/axi_smc/inst/s00_entry_pipeline/s00_mmu/inst/areset                                                                                          |                1 |              3 |         3.00 |
|  rgb_bd_i/zynq_ultra_ps_e_0/inst/pl_clk0 | rgb_bd_i/axi_smc/inst/s00_entry_pipeline/s00_mmu/inst/ar_reg_stall/state                                                                                           | rgb_bd_i/axi_smc/inst/s00_entry_pipeline/s00_mmu/inst/areset                                                                                          |                2 |              3 |         1.50 |
|  rgb_bd_i/zynq_ultra_ps_e_0/inst/pl_clk0 | rgb_bd_i/axi_smc/inst/s00_entry_pipeline/s00_si_converter/inst/gen_axilite_conv.axilite_conv_inst/aw_incr[2]_i_1_n_0                                               | rgb_bd_i/axi_smc/inst/s00_entry_pipeline/s00_si_converter/inst/areset                                                                                 |                1 |              3 |         3.00 |
|  rgb_bd_i/zynq_ultra_ps_e_0/inst/pl_clk0 |                                                                                                                                                                    | rgb_bd_i/rst_ps8_0_100M/U0/EXT_LPF/lpf_int                                                                                                            |                2 |              4 |         2.00 |
|  rgb_bd_i/zynq_ultra_ps_e_0/inst/pl_clk0 | rgb_bd_i/axi_smc/inst/s00_entry_pipeline/s00_si_converter/inst/gen_axilite_conv.axilite_conv_inst/w_pointer[3]_i_1_n_0                                             | rgb_bd_i/axi_smc/inst/s00_entry_pipeline/s00_si_converter/inst/areset                                                                                 |                3 |              4 |         1.33 |
|  rgb_bd_i/zynq_ultra_ps_e_0/inst/pl_clk0 | rgb_bd_i/axi_smc/inst/s00_entry_pipeline/s00_si_converter/inst/gen_axilite_conv.axilite_conv_inst/s_r_pointer[3]_i_1_n_0                                           | rgb_bd_i/axi_smc/inst/s00_entry_pipeline/s00_si_converter/inst/areset                                                                                 |                2 |              4 |         2.00 |
|  rgb_bd_i/zynq_ultra_ps_e_0/inst/pl_clk0 | rgb_bd_i/axi_smc/inst/s00_entry_pipeline/s00_si_converter/inst/gen_axilite_conv.axilite_conv_inst/w_size_mask[3]_i_1_n_0                                           |                                                                                                                                                       |                1 |              4 |         4.00 |
|  rgb_bd_i/zynq_ultra_ps_e_0/inst/pl_clk0 | rgb_bd_i/axi_smc/inst/s00_entry_pipeline/s00_mmu/inst/ar_reg_stall/E[0]                                                                                            | rgb_bd_i/axi_smc/inst/s00_entry_pipeline/s00_mmu/inst/areset                                                                                          |                2 |              4 |         2.00 |
|  rgb_bd_i/zynq_ultra_ps_e_0/inst/pl_clk0 |                                                                                                                                                                    | rgb_bd_i/gpio_io_o/U0/AXI_LITE_IPIF_I/I_SLAVE_ATTACHMENT/clear                                                                                        |                1 |              4 |         4.00 |
|  rgb_bd_i/zynq_ultra_ps_e_0/inst/pl_clk0 | rgb_bd_i/gpio_io_o/U0/AXI_LITE_IPIF_I/I_SLAVE_ATTACHMENT/start2                                                                                                    | rgb_bd_i/gpio_io_o/U0/AXI_LITE_IPIF_I/I_SLAVE_ATTACHMENT/I_DECODER/cs_ce_clr                                                                          |                2 |              4 |         2.00 |
|  rgb_bd_i/zynq_ultra_ps_e_0/inst/pl_clk0 | rgb_bd_i/gpio_io_o/U0/AXI_LITE_IPIF_I/I_SLAVE_ATTACHMENT/bus2ip_addr_i[8]_i_1_n_0                                                                                  | rgb_bd_i/gpio_io_o/U0/AXI_LITE_IPIF_I/I_SLAVE_ATTACHMENT/SR[0]                                                                                        |                1 |              4 |         4.00 |
|  rgb_bd_i/zynq_ultra_ps_e_0/inst/pl_clk0 |                                                                                                                                                                    | rgb_bd_i/axi_smc/inst/clk_map/psr_aclk/U0/EXT_LPF/lpf_int                                                                                             |                2 |              4 |         2.00 |
|  rgb_bd_i/zynq_ultra_ps_e_0/inst/pl_clk0 | rgb_bd_i/rst_ps8_0_100M/U0/SEQ/seq_cnt_en                                                                                                                          | rgb_bd_i/rst_ps8_0_100M/U0/SEQ/seq_clr                                                                                                                |                1 |              6 |         6.00 |
|  rgb_bd_i/zynq_ultra_ps_e_0/inst/pl_clk0 | rgb_bd_i/axi_smc/inst/clk_map/psr_aclk/U0/SEQ/seq_cnt_en                                                                                                           | rgb_bd_i/axi_smc/inst/clk_map/psr_aclk/U0/SEQ/seq_clr                                                                                                 |                2 |              6 |         3.00 |
|  rgb_bd_i/zynq_ultra_ps_e_0/inst/pl_clk0 |                                                                                                                                                                    | rgb_bd_i/gpio_io_o/U0/gpio_core_1/Read_Reg_Rst__0                                                                                                     |                2 |              6 |         3.00 |
|  rgb_bd_i/zynq_ultra_ps_e_0/inst/pl_clk0 | rgb_bd_i/axi_smc/inst/s00_entry_pipeline/s00_si_converter/inst/gen_axilite_conv.axilite_conv_inst/ar_addr_d[8]_i_1_n_0                                             | rgb_bd_i/axi_smc/inst/s00_entry_pipeline/s00_si_converter/inst/areset                                                                                 |                2 |              7 |         3.50 |
|  rgb_bd_i/zynq_ultra_ps_e_0/inst/pl_clk0 | rgb_bd_i/gpio_io_o/U0/AXI_LITE_IPIF_I/I_SLAVE_ATTACHMENT/s_axi_rresp_i                                                                                             | rgb_bd_i/gpio_io_o/U0/AXI_LITE_IPIF_I/I_SLAVE_ATTACHMENT/SR[0]                                                                                        |                3 |              7 |         2.33 |
|  rgb_bd_i/zynq_ultra_ps_e_0/inst/pl_clk0 | rgb_bd_i/axi_smc/inst/s00_entry_pipeline/s00_si_converter/inst/gen_axilite_conv.axilite_conv_inst/r_beats[7]_i_1_n_0                                               | rgb_bd_i/axi_smc/inst/s00_entry_pipeline/s00_si_converter/inst/areset                                                                                 |                3 |              8 |         2.67 |
|  rgb_bd_i/zynq_ultra_ps_e_0/inst/pl_clk0 | rgb_bd_i/axi_smc/inst/s00_entry_pipeline/s00_mmu/inst/gen_endpoint.decerr_slave_inst/gen_axi.gen_read.read_cnt[7]_i_1_n_0                                          | rgb_bd_i/axi_smc/inst/s00_entry_pipeline/s00_mmu/inst/areset                                                                                          |                3 |              8 |         2.67 |
|  rgb_bd_i/zynq_ultra_ps_e_0/inst/pl_clk0 | rgb_bd_i/axi_smc/inst/s00_entry_pipeline/s00_si_converter/inst/gen_axilite_conv.axilite_conv_inst/aw_addr[8]_i_1_n_0                                               | rgb_bd_i/axi_smc/inst/s00_entry_pipeline/s00_si_converter/inst/areset                                                                                 |                3 |              9 |         3.00 |
|  rgb_bd_i/zynq_ultra_ps_e_0/inst/pl_clk0 |                                                                                                                                                                    | rgb_bd_i/axi_smc/inst/s00_entry_pipeline/s00_mmu/inst/areset                                                                                          |                9 |             10 |         1.11 |
|  rgb_bd_i/zynq_ultra_ps_e_0/inst/pl_clk0 | rgb_bd_i/axi_smc/inst/s00_entry_pipeline/s00_si_converter/inst/gen_axilite_conv.axilite_conv_inst/ar_cnt[9]_i_1_n_0                                                | rgb_bd_i/axi_smc/inst/s00_entry_pipeline/s00_si_converter/inst/areset                                                                                 |                5 |             10 |         2.00 |
|  rgb_bd_i/zynq_ultra_ps_e_0/inst/pl_clk0 | rgb_bd_i/axi_smc/inst/s00_entry_pipeline/s00_si_converter/inst/gen_axilite_conv.axilite_conv_inst/w_cnt[10]_i_1_n_0                                                | rgb_bd_i/axi_smc/inst/s00_entry_pipeline/s00_si_converter/inst/areset                                                                                 |                3 |             11 |         3.67 |
|  rgb_bd_i/zynq_ultra_ps_e_0/inst/pl_clk0 | rgb_bd_i/axi_smc/inst/s00_entry_pipeline/s00_si_converter/inst/gen_axilite_conv.axilite_conv_inst/b_cnt                                                            | rgb_bd_i/axi_smc/inst/s00_entry_pipeline/s00_si_converter/inst/gen_axilite_conv.axilite_conv_inst/b_cnt[10]_i_1_n_0                                   |                4 |             11 |         2.75 |
|  rgb_bd_i/zynq_ultra_ps_e_0/inst/pl_clk0 | rgb_bd_i/axi_smc/inst/s00_entry_pipeline/s00_si_converter/inst/gen_axilite_conv.axilite_conv_inst/r_cnt[10]_i_1_n_0                                                | rgb_bd_i/axi_smc/inst/s00_entry_pipeline/s00_si_converter/inst/areset                                                                                 |                4 |             11 |         2.75 |
|  rgb_bd_i/zynq_ultra_ps_e_0/inst/pl_clk0 | rgb_bd_i/gpio_io_o/U0/AXI_LITE_IPIF_I/I_SLAVE_ATTACHMENT/I_DECODER/E[0]                                                                                            | rgb_bd_i/gpio_io_o/U0/AXI_LITE_IPIF_I/I_SLAVE_ATTACHMENT/SR[0]                                                                                        |                3 |             12 |         4.00 |
|  rgb_bd_i/zynq_ultra_ps_e_0/inst/pl_clk0 |                                                                                                                                                                    | rgb_bd_i/axi_smc/inst/s00_entry_pipeline/s00_si_converter/inst/areset                                                                                 |                7 |             12 |         1.71 |
|  rgb_bd_i/zynq_ultra_ps_e_0/inst/pl_clk0 | rgb_bd_i/axi_smc/inst/s00_nodes/s00_w_node/inst/inst_mi_handler/gen_normal_area.inst_fifo_node_payld/gen_reg_fifo.inst_reg_fifo/gen_single_rank.data[51]_i_1_n_0   |                                                                                                                                                       |                4 |             12 |         3.00 |
|  rgb_bd_i/zynq_ultra_ps_e_0/inst/pl_clk0 | rgb_bd_i/axi_smc/inst/s00_nodes/s00_r_node/inst/inst_mi_handler/gen_normal_area.inst_fifo_node_payld/gen_reg_fifo.inst_reg_fifo/gen_single_rank.data[50]_i_1_n_0   |                                                                                                                                                       |                4 |             15 |         3.75 |
|  rgb_bd_i/zynq_ultra_ps_e_0/inst/pl_clk0 | rgb_bd_i/axi_smc/inst/s00_entry_pipeline/s00_transaction_regulator/inst/gen_endpoint.gen_w_singleorder.w_singleorder/gen_id_reg.s_rid_i0                           |                                                                                                                                                       |                3 |             16 |         5.33 |
|  rgb_bd_i/zynq_ultra_ps_e_0/inst/pl_clk0 | rgb_bd_i/axi_smc/inst/s00_entry_pipeline/s00_mmu/inst/gen_endpoint.decerr_slave_inst/gen_axi.gen_read.s_axi_rid_i[15]_i_1_n_0                                      | rgb_bd_i/axi_smc/inst/s00_entry_pipeline/s00_mmu/inst/areset                                                                                          |                3 |             16 |         5.33 |
|  rgb_bd_i/zynq_ultra_ps_e_0/inst/pl_clk0 | rgb_bd_i/axi_smc/inst/s00_entry_pipeline/s00_mmu/inst/gen_endpoint.decerr_slave_inst/gen_axi.gen_write.s_axi_bid_i[15]_i_1_n_0                                     | rgb_bd_i/axi_smc/inst/s00_entry_pipeline/s00_mmu/inst/areset                                                                                          |                3 |             16 |         5.33 |
|  rgb_bd_i/zynq_ultra_ps_e_0/inst/pl_clk0 | rgb_bd_i/axi_smc/inst/s00_entry_pipeline/s00_transaction_regulator/inst/gen_endpoint.gen_r_singleorder.r_singleorder/gen_id_reg.s_rid_i0                           |                                                                                                                                                       |                3 |             16 |         5.33 |
|  rgb_bd_i/zynq_ultra_ps_e_0/inst/pl_clk0 |                                                                                                                                                                    | rgb_bd_i/gpio_io_o/U0/AXI_LITE_IPIF_I/I_SLAVE_ATTACHMENT/SR[0]                                                                                        |                4 |             20 |         5.00 |
|  rgb_bd_i/zynq_ultra_ps_e_0/inst/pl_clk0 | rgb_bd_i/axi_smc/inst/s00_entry_pipeline/s00_si_converter/inst/gen_axilite_conv.axilite_conv_inst/m_aruser                                                         | rgb_bd_i/axi_smc/inst/s00_entry_pipeline/s00_si_converter/inst/areset                                                                                 |               10 |             21 |         2.10 |
|  rgb_bd_i/zynq_ultra_ps_e_0/inst/pl_clk0 |                                                                                                                                                                    | rgb_bd_i/axi_smc/inst/clk_map/psr_aclk/U0/interconnect_aresetn[0]                                                                                     |                8 |             27 |         3.38 |
|  rgb_bd_i/zynq_ultra_ps_e_0/inst/pl_clk0 | rgb_bd_i/axi_smc/inst/s00_entry_pipeline/s00_mmu/inst/aw_reg_stall/skid_buffer[1136]_i_1__0_n_0                                                                    |                                                                                                                                                       |                5 |             28 |         5.60 |
|  rgb_bd_i/zynq_ultra_ps_e_0/inst/pl_clk0 | rgb_bd_i/axi_smc/inst/s00_entry_pipeline/s00_mmu/inst/aw_reg_stall/m_vector_i                                                                                      |                                                                                                                                                       |                5 |             28 |         5.60 |
|  rgb_bd_i/zynq_ultra_ps_e_0/inst/pl_clk0 | rgb_bd_i/axi_smc/inst/s00_entry_pipeline/s00_si_converter/inst/gen_axilite_conv.axilite_conv_inst/s_axi_rdata_i[95]_i_1_n_0                                        | rgb_bd_i/axi_smc/inst/s00_entry_pipeline/s00_si_converter/inst/areset                                                                                 |                8 |             32 |         4.00 |
|  rgb_bd_i/zynq_ultra_ps_e_0/inst/pl_clk0 | rgb_bd_i/axi_smc/inst/s00_entry_pipeline/s00_si_converter/inst/gen_axilite_conv.axilite_conv_inst/s_axi_rdata_i[63]_i_1_n_0                                        | rgb_bd_i/axi_smc/inst/s00_entry_pipeline/s00_si_converter/inst/areset                                                                                 |                5 |             32 |         6.40 |
|  rgb_bd_i/zynq_ultra_ps_e_0/inst/pl_clk0 | rgb_bd_i/axi_smc/inst/s00_entry_pipeline/s00_si_converter/inst/gen_axilite_conv.axilite_conv_inst/s_axi_rdata_i[31]_i_1_n_0                                        | rgb_bd_i/axi_smc/inst/s00_entry_pipeline/s00_si_converter/inst/areset                                                                                 |                6 |             32 |         5.33 |
|  rgb_bd_i/zynq_ultra_ps_e_0/inst/pl_clk0 | rgb_bd_i/axi_smc/inst/s00_entry_pipeline/s00_si_converter/inst/gen_axilite_conv.axilite_conv_inst/s_axi_rdata_i[127]_i_1_n_0                                       | rgb_bd_i/axi_smc/inst/s00_entry_pipeline/s00_si_converter/inst/areset                                                                                 |                8 |             32 |         4.00 |
|  rgb_bd_i/zynq_ultra_ps_e_0/inst/pl_clk0 | rgb_bd_i/axi_smc/inst/s00_entry_pipeline/s00_mmu/inst/ar_reg_stall/m_vector_i                                                                                      |                                                                                                                                                       |                5 |             36 |         7.20 |
|  rgb_bd_i/zynq_ultra_ps_e_0/inst/pl_clk0 | rgb_bd_i/axi_smc/inst/s00_entry_pipeline/s00_mmu/inst/ar_reg_stall/skid_buffer[1136]_i_1_n_0                                                                       |                                                                                                                                                       |                5 |             36 |         7.20 |
|  rgb_bd_i/zynq_ultra_ps_e_0/inst/pl_clk0 |                                                                                                                                                                    |                                                                                                                                                       |               30 |             84 |         2.80 |
+------------------------------------------+--------------------------------------------------------------------------------------------------------------------------------------------------------------------+-------------------------------------------------------------------------------------------------------------------------------------------------------+------------------+----------------+--------------+


