Copyright 1986-2022 Xilinx, Inc. All Rights Reserved. Copyright 2022-2024 Advanced Micro Devices, Inc. All Rights Reserved.
--------------------------------------------------------------------------------------------------------------------------------------------------------------------------------
| Tool Version : Vivado v.2024.2 (lin64) Build 5239630 Fri Nov 08 22:34:34 MST 2024
| Date         : Sun May 17 16:27:05 2026
| Host         : Joseph-PowerLabs running 64-bit Ubuntu 22.04.5 LTS
| Command      : report_methodology -file rgb_bd_wrapper_methodology_drc_routed.rpt -pb rgb_bd_wrapper_methodology_drc_routed.pb -rpx rgb_bd_wrapper_methodology_drc_routed.rpx
| Design       : rgb_bd_wrapper
| Device       : xczu1cg-sbva484-1-e
| Speed File   : -1
| Design State : Fully Routed
--------------------------------------------------------------------------------------------------------------------------------------------------------------------------------

Report Methodology

Table of Contents
-----------------
1. REPORT SUMMARY
2. REPORT DETAILS

1. REPORT SUMMARY
-----------------
            Netlist: netlist
          Floorplan: design_1
      Design limits: <entire design considered>
             Max checks: <unlimited>
             Checks found: 6
+-----------+----------+-------------------------------+--------+
| Rule      | Severity | Description                   | Checks |
+-----------+----------+-------------------------------+--------+
| TIMING-18 | Warning  | Missing input or output delay | 6      |
+-----------+----------+-------------------------------+--------+

2. REPORT DETAILS
-----------------
TIMING-18#1 Warning
Missing input or output delay  
An output delay is missing on gpio_io_o_0[0] relative to the rising and/or falling clock edge(s) of clk_pl_0.
Related violations: <none>

TIMING-18#2 Warning
Missing input or output delay  
An output delay is missing on gpio_io_o_0[1] relative to the rising and/or falling clock edge(s) of clk_pl_0.
Related violations: <none>

TIMING-18#3 Warning
Missing input or output delay  
An output delay is missing on gpio_io_o_0[2] relative to the rising and/or falling clock edge(s) of clk_pl_0.
Related violations: <none>

TIMING-18#4 Warning
Missing input or output delay  
An output delay is missing on gpio_io_o_0[3] relative to the rising and/or falling clock edge(s) of clk_pl_0.
Related violations: <none>

TIMING-18#5 Warning
Missing input or output delay  
An output delay is missing on gpio_io_o_0[4] relative to the rising and/or falling clock edge(s) of clk_pl_0.
Related violations: <none>

TIMING-18#6 Warning
Missing input or output delay  
An output delay is missing on gpio_io_o_0[5] relative to the rising and/or falling clock edge(s) of clk_pl_0.
Related violations: <none>


