
*** Running vivado
    with args -log blink_bd_wrapper.vds -m64 -product Vivado -mode batch -messageDb vivado.pb -notrace -source blink_bd_wrapper.tcl


****** Vivado v2024.2 (64-bit)
  **** SW Build 5239630 on Fri Nov 08 22:34:34 MST 2024
  **** IP Build 5239520 on Sun Nov 10 16:12:51 MST 2024
  **** SharedData Build 5239561 on Fri Nov 08 14:39:27 MST 2024
  **** Start of session at: Sun May 17 14:16:18 2026
    ** Copyright 1986-2022 Xilinx, Inc. All Rights Reserved.
    ** Copyright 2022-2024 Advanced Micro Devices, Inc. All Rights Reserved.

source blink_bd_wrapper.tcl -notrace
INFO: [IP_Flow 19-234] Refreshing IP repositories
INFO: [IP_Flow 19-1704] No user IP repositories specified
INFO: [IP_Flow 19-2313] Loaded Vivado IP repository '/home/joseph/Vivado/2024.2/data/ip'.
WARNING: [BD 41-1661] One or more IPs have been locked in the design 'blink_bd.bd'. Please run report_ip_status for more details and recommendations on how to fix this issue.
List of locked IPs:
blink_bd_zynq_ultra_ps_e_0_0

Command: read_checkpoint -auto_incremental -incremental /home/joseph/Documents/vivado/avnet-zuboard-experiments/zuboard-projects/P1_Blink/P1_Blink.srcs/utils_1/imports/synth_1/blink_bd_wrapper.dcp
INFO: [Vivado 12-5825] Read reference checkpoint from /home/joseph/Documents/vivado/avnet-zuboard-experiments/zuboard-projects/P1_Blink/P1_Blink.srcs/utils_1/imports/synth_1/blink_bd_wrapper.dcp for incremental synthesis
INFO: [Vivado 12-7989] Please ensure there are no constraint changes
Command: synth_design -top blink_bd_wrapper -part xczu1cg-sbva484-1-e
Starting synth_design
Attempting to get a license for feature 'Synthesis' and/or device 'xczu1cg'
INFO: [Common 17-349] Got license for feature 'Synthesis' and/or device 'xczu1cg'
WARNING: [Vivado_Tcl 4-1809] The reference checkpoint is from an old version of Vivado; A full resynthesis flow will be run
INFO: [Device 21-403] Loading part xczu1cg-sbva484-1-e
INFO: [Designutils 20-5440] No compile time benefit to using incremental synthesis; A full resynthesis will be run
INFO: [Designutils 20-4379] Flow is switching to default flow due to incremental criteria not met. If you would like to alter this behaviour and have the flow terminate instead, please set the following parameter config_implementation {autoIncr.Synth.RejectBehavior Terminate}
INFO: [Synth 8-7079] Multithreading enabled for synth_design using a maximum of 7 processes.
INFO: [Synth 8-7078] Launching helper process for spawning children vivado processes
INFO: [Synth 8-7075] Helper process launched with PID 21326
---------------------------------------------------------------------------------
Starting RTL Elaboration : Time (s): cpu = 00:00:06 ; elapsed = 00:00:06 . Memory (MB): peak = 2001.855 ; gain = 409.828 ; free physical = 212 ; free virtual = 10133
---------------------------------------------------------------------------------
INFO: [Synth 8-6157] synthesizing module 'blink_bd_wrapper' [/home/joseph/Documents/vivado/avnet-zuboard-experiments/zuboard-projects/P1_Blink/P1_Blink.gen/sources_1/bd/blink_bd/hdl/blink_bd_wrapper.v:13]
INFO: [Synth 8-6157] synthesizing module 'blink_bd' [/home/joseph/Documents/vivado/avnet-zuboard-experiments/zuboard-projects/P1_Blink/P1_Blink.gen/sources_1/bd/blink_bd/synth/blink_bd.v:13]
INFO: [Synth 8-6157] synthesizing module 'blink_bd_blink_0_0' [/home/joseph/Documents/vivado/avnet-zuboard-experiments/zuboard-projects/P1_Blink/P1_Blink.runs/synth_1/.Xil/Vivado-21260-Joseph-PowerLabs/realtime/blink_bd_blink_0_0_stub.v:6]
INFO: [Synth 8-6155] done synthesizing module 'blink_bd_blink_0_0' (0#1) [/home/joseph/Documents/vivado/avnet-zuboard-experiments/zuboard-projects/P1_Blink/P1_Blink.runs/synth_1/.Xil/Vivado-21260-Joseph-PowerLabs/realtime/blink_bd_blink_0_0_stub.v:6]
INFO: [Synth 8-6157] synthesizing module 'blink_bd_zynq_ultra_ps_e_0_0' [/home/joseph/Documents/vivado/avnet-zuboard-experiments/zuboard-projects/P1_Blink/P1_Blink.runs/synth_1/.Xil/Vivado-21260-Joseph-PowerLabs/realtime/blink_bd_zynq_ultra_ps_e_0_0_stub.v:6]
INFO: [Synth 8-6155] done synthesizing module 'blink_bd_zynq_ultra_ps_e_0_0' (0#1) [/home/joseph/Documents/vivado/avnet-zuboard-experiments/zuboard-projects/P1_Blink/P1_Blink.runs/synth_1/.Xil/Vivado-21260-Joseph-PowerLabs/realtime/blink_bd_zynq_ultra_ps_e_0_0_stub.v:6]
INFO: [Synth 8-6155] done synthesizing module 'blink_bd' (0#1) [/home/joseph/Documents/vivado/avnet-zuboard-experiments/zuboard-projects/P1_Blink/P1_Blink.gen/sources_1/bd/blink_bd/synth/blink_bd.v:13]
INFO: [Synth 8-6155] done synthesizing module 'blink_bd_wrapper' (0#1) [/home/joseph/Documents/vivado/avnet-zuboard-experiments/zuboard-projects/P1_Blink/P1_Blink.gen/sources_1/bd/blink_bd/hdl/blink_bd_wrapper.v:13]
---------------------------------------------------------------------------------
Finished RTL Elaboration : Time (s): cpu = 00:00:08 ; elapsed = 00:00:09 . Memory (MB): peak = 2073.824 ; gain = 481.797 ; free physical = 255 ; free virtual = 10104
---------------------------------------------------------------------------------
---------------------------------------------------------------------------------
Start Handling Custom Attributes
---------------------------------------------------------------------------------
---------------------------------------------------------------------------------
Finished Handling Custom Attributes : Time (s): cpu = 00:00:08 ; elapsed = 00:00:09 . Memory (MB): peak = 2082.730 ; gain = 490.703 ; free physical = 255 ; free virtual = 10103
---------------------------------------------------------------------------------
---------------------------------------------------------------------------------
Finished RTL Optimization Phase 1 : Time (s): cpu = 00:00:08 ; elapsed = 00:00:09 . Memory (MB): peak = 2082.730 ; gain = 490.703 ; free physical = 255 ; free virtual = 10103
---------------------------------------------------------------------------------
Netlist sorting complete. Time (s): cpu = 00:00:00 ; elapsed = 00:00:00 . Memory (MB): peak = 2082.730 ; gain = 0.000 ; free physical = 255 ; free virtual = 10103
INFO: [Project 1-570] Preparing netlist for logic optimization

Processing XDC Constraints
Initializing timing engine
Parsing XDC File [/home/joseph/Documents/vivado/avnet-zuboard-experiments/zuboard-projects/P1_Blink/P1_Blink.gen/sources_1/bd/blink_bd/ip/blink_bd_zynq_ultra_ps_e_0_0/blink_bd_zynq_ultra_ps_e_0_0/blink_bd_zynq_ultra_ps_e_0_0_in_context.xdc] for cell 'blink_bd_i/zynq_ultra_ps_e_0'
create_clock: Time (s): cpu = 00:00:07 ; elapsed = 00:00:07 . Memory (MB): peak = 2155.668 ; gain = 0.000 ; free physical = 220 ; free virtual = 10076
Finished Parsing XDC File [/home/joseph/Documents/vivado/avnet-zuboard-experiments/zuboard-projects/P1_Blink/P1_Blink.gen/sources_1/bd/blink_bd/ip/blink_bd_zynq_ultra_ps_e_0_0/blink_bd_zynq_ultra_ps_e_0_0/blink_bd_zynq_ultra_ps_e_0_0_in_context.xdc] for cell 'blink_bd_i/zynq_ultra_ps_e_0'
Parsing XDC File [/home/joseph/Documents/vivado/avnet-zuboard-experiments/zuboard-projects/P1_Blink/P1_Blink.gen/sources_1/bd/blink_bd/ip/blink_bd_blink_0_0/blink_bd_blink_0_0/blink_bd_blink_0_0_in_context.xdc] for cell 'blink_bd_i/blink_0'
Finished Parsing XDC File [/home/joseph/Documents/vivado/avnet-zuboard-experiments/zuboard-projects/P1_Blink/P1_Blink.gen/sources_1/bd/blink_bd/ip/blink_bd_blink_0_0/blink_bd_blink_0_0/blink_bd_blink_0_0_in_context.xdc] for cell 'blink_bd_i/blink_0'
Parsing XDC File [/home/joseph/Documents/vivado/avnet-zuboard-experiments/zuboard-projects/P1_Blink/P1_Blink.srcs/constrs_1/new/zuboard_pins.xdc]
Finished Parsing XDC File [/home/joseph/Documents/vivado/avnet-zuboard-experiments/zuboard-projects/P1_Blink/P1_Blink.srcs/constrs_1/new/zuboard_pins.xdc]
INFO: [Project 1-236] Implementation specific constraints were found while reading constraint file [/home/joseph/Documents/vivado/avnet-zuboard-experiments/zuboard-projects/P1_Blink/P1_Blink.srcs/constrs_1/new/zuboard_pins.xdc]. These constraints will be ignored for synthesis but will be used in implementation. Impacted constraints are listed in the file [.Xil/blink_bd_wrapper_propImpl.xdc].
Resolution: To avoid this warning, move constraints listed in [.Xil/blink_bd_wrapper_propImpl.xdc] to another XDC file and exclude this new file from synthesis with the used_in_synthesis property (File Properties dialog in GUI) and re-run elaboration/synthesis.
Parsing XDC File [/home/joseph/Documents/vivado/avnet-zuboard-experiments/zuboard-projects/P1_Blink/P1_Blink.runs/synth_1/dont_touch.xdc]
Finished Parsing XDC File [/home/joseph/Documents/vivado/avnet-zuboard-experiments/zuboard-projects/P1_Blink/P1_Blink.runs/synth_1/dont_touch.xdc]
Completed Processing XDC Constraints

Netlist sorting complete. Time (s): cpu = 00:00:00 ; elapsed = 00:00:00 . Memory (MB): peak = 2155.668 ; gain = 0.000 ; free physical = 220 ; free virtual = 10077
INFO: [Project 1-111] Unisim Transformation Summary:
No Unisim elements were transformed.

Constraint Validation Runtime : Time (s): cpu = 00:00:00 ; elapsed = 00:00:00 . Memory (MB): peak = 2155.668 ; gain = 0.000 ; free physical = 220 ; free virtual = 10077
INFO: [Designutils 20-5440] No compile time benefit to using incremental synthesis; A full resynthesis will be run
INFO: [Designutils 20-4379] Flow is switching to default flow due to incremental criteria not met. If you would like to alter this behaviour and have the flow terminate instead, please set the following parameter config_implementation {autoIncr.Synth.RejectBehavior Terminate}
---------------------------------------------------------------------------------
Finished Constraint Validation : Time (s): cpu = 00:00:23 ; elapsed = 00:00:23 . Memory (MB): peak = 2155.668 ; gain = 563.641 ; free physical = 233 ; free virtual = 10091
---------------------------------------------------------------------------------
---------------------------------------------------------------------------------
Start Loading Part and Timing Information
---------------------------------------------------------------------------------
Loading part: xczu1cg-sbva484-1-e
INFO: [Synth 8-6742] Reading net delay rules and data
---------------------------------------------------------------------------------
Finished Loading Part and Timing Information : Time (s): cpu = 00:00:23 ; elapsed = 00:00:23 . Memory (MB): peak = 2163.672 ; gain = 571.645 ; free physical = 233 ; free virtual = 10091
---------------------------------------------------------------------------------
---------------------------------------------------------------------------------
Start Applying 'set_property' XDC Constraints
---------------------------------------------------------------------------------
Applied set_property KEEP_HIERARCHY = SOFT for blink_bd_i. (constraint file  auto generated constraint).
Applied set_property KEEP_HIERARCHY = SOFT for blink_bd_i/zynq_ultra_ps_e_0. (constraint file  auto generated constraint).
Applied set_property KEEP_HIERARCHY = SOFT for blink_bd_i/blink_0. (constraint file  auto generated constraint).
---------------------------------------------------------------------------------
Finished applying 'set_property' XDC Constraints : Time (s): cpu = 00:00:23 ; elapsed = 00:00:23 . Memory (MB): peak = 2163.672 ; gain = 571.645 ; free physical = 233 ; free virtual = 10091
---------------------------------------------------------------------------------
---------------------------------------------------------------------------------
Finished RTL Optimization Phase 2 : Time (s): cpu = 00:00:23 ; elapsed = 00:00:23 . Memory (MB): peak = 2163.672 ; gain = 571.645 ; free physical = 232 ; free virtual = 10090
---------------------------------------------------------------------------------
---------------------------------------------------------------------------------
Start RTL Component Statistics 
---------------------------------------------------------------------------------
Detailed RTL Component Info : 
---------------------------------------------------------------------------------
Finished RTL Component Statistics 
---------------------------------------------------------------------------------
---------------------------------------------------------------------------------
Start Part Resource Summary
---------------------------------------------------------------------------------
Part Resources:
DSPs: 216 (col length:72)
BRAMs: 216 (col length: RAMB18 72 RAMB36 36)
---------------------------------------------------------------------------------
Finished Part Resource Summary
---------------------------------------------------------------------------------
---------------------------------------------------------------------------------
Start Cross Boundary and Area Optimization
---------------------------------------------------------------------------------
WARNING: [Synth 8-7080] Parallel synthesis criteria is not met
---------------------------------------------------------------------------------
Finished Cross Boundary and Area Optimization : Time (s): cpu = 00:00:25 ; elapsed = 00:00:26 . Memory (MB): peak = 2163.672 ; gain = 571.645 ; free physical = 243 ; free virtual = 10105
---------------------------------------------------------------------------------
---------------------------------------------------------------------------------
Start Applying XDC Timing Constraints
---------------------------------------------------------------------------------
---------------------------------------------------------------------------------
Finished Applying XDC Timing Constraints : Time (s): cpu = 00:00:29 ; elapsed = 00:00:30 . Memory (MB): peak = 2460.066 ; gain = 868.039 ; free physical = 188 ; free virtual = 9902
---------------------------------------------------------------------------------
---------------------------------------------------------------------------------
Start Timing Optimization
---------------------------------------------------------------------------------
---------------------------------------------------------------------------------
Finished Timing Optimization : Time (s): cpu = 00:00:29 ; elapsed = 00:00:30 . Memory (MB): peak = 2460.066 ; gain = 868.039 ; free physical = 188 ; free virtual = 9902
---------------------------------------------------------------------------------
---------------------------------------------------------------------------------
Start Technology Mapping
---------------------------------------------------------------------------------
---------------------------------------------------------------------------------
Finished Technology Mapping : Time (s): cpu = 00:00:29 ; elapsed = 00:00:30 . Memory (MB): peak = 2470.082 ; gain = 878.055 ; free physical = 180 ; free virtual = 9894
---------------------------------------------------------------------------------
---------------------------------------------------------------------------------
Start IO Insertion
---------------------------------------------------------------------------------
---------------------------------------------------------------------------------
Start Flattening Before IO Insertion
---------------------------------------------------------------------------------
---------------------------------------------------------------------------------
Finished Flattening Before IO Insertion
---------------------------------------------------------------------------------
---------------------------------------------------------------------------------
Start Final Netlist Cleanup
---------------------------------------------------------------------------------
---------------------------------------------------------------------------------
Finished Final Netlist Cleanup
---------------------------------------------------------------------------------
---------------------------------------------------------------------------------
Finished IO Insertion : Time (s): cpu = 00:00:35 ; elapsed = 00:00:36 . Memory (MB): peak = 2631.895 ; gain = 1039.867 ; free physical = 162 ; free virtual = 9730
---------------------------------------------------------------------------------
---------------------------------------------------------------------------------
Start Renaming Generated Instances
---------------------------------------------------------------------------------
---------------------------------------------------------------------------------
Finished Renaming Generated Instances : Time (s): cpu = 00:00:35 ; elapsed = 00:00:36 . Memory (MB): peak = 2631.895 ; gain = 1039.867 ; free physical = 162 ; free virtual = 9730
---------------------------------------------------------------------------------
---------------------------------------------------------------------------------
Start Rebuilding User Hierarchy
---------------------------------------------------------------------------------
---------------------------------------------------------------------------------
Finished Rebuilding User Hierarchy : Time (s): cpu = 00:00:35 ; elapsed = 00:00:36 . Memory (MB): peak = 2631.895 ; gain = 1039.867 ; free physical = 162 ; free virtual = 9730
---------------------------------------------------------------------------------
---------------------------------------------------------------------------------
Start Renaming Generated Ports
---------------------------------------------------------------------------------
---------------------------------------------------------------------------------
Finished Renaming Generated Ports : Time (s): cpu = 00:00:35 ; elapsed = 00:00:36 . Memory (MB): peak = 2631.895 ; gain = 1039.867 ; free physical = 162 ; free virtual = 9730
---------------------------------------------------------------------------------
---------------------------------------------------------------------------------
Start Handling Custom Attributes
---------------------------------------------------------------------------------
---------------------------------------------------------------------------------
Finished Handling Custom Attributes : Time (s): cpu = 00:00:35 ; elapsed = 00:00:36 . Memory (MB): peak = 2631.895 ; gain = 1039.867 ; free physical = 162 ; free virtual = 9730
---------------------------------------------------------------------------------
---------------------------------------------------------------------------------
Start Renaming Generated Nets
---------------------------------------------------------------------------------
---------------------------------------------------------------------------------
Finished Renaming Generated Nets : Time (s): cpu = 00:00:35 ; elapsed = 00:00:36 . Memory (MB): peak = 2631.895 ; gain = 1039.867 ; free physical = 162 ; free virtual = 9730
---------------------------------------------------------------------------------
---------------------------------------------------------------------------------
Start Writing Synthesis Report
---------------------------------------------------------------------------------

Report BlackBoxes: 
+------+-----------------------------+----------+
|      |BlackBox name                |Instances |
+------+-----------------------------+----------+
|1     |blink_bd_blink_0_0           |         1|
|2     |blink_bd_zynq_ultra_ps_e_0_0 |         1|
+------+-----------------------------+----------+

Report Cell Usage: 
+------+---------------------------+------+
|      |Cell                       |Count |
+------+---------------------------+------+
|1     |blink_bd_blink_0           |     1|
|2     |blink_bd_zynq_ultra_ps_e_0 |     1|
|3     |OBUF                       |     6|
+------+---------------------------+------+
---------------------------------------------------------------------------------
Finished Writing Synthesis Report : Time (s): cpu = 00:00:35 ; elapsed = 00:00:36 . Memory (MB): peak = 2631.895 ; gain = 1039.867 ; free physical = 162 ; free virtual = 9730
---------------------------------------------------------------------------------
Synthesis finished with 0 errors, 0 critical warnings and 1 warnings.
Synthesis Optimization Runtime : Time (s): cpu = 00:00:27 ; elapsed = 00:00:28 . Memory (MB): peak = 2631.895 ; gain = 966.930 ; free physical = 197 ; free virtual = 9756
Synthesis Optimization Complete : Time (s): cpu = 00:00:35 ; elapsed = 00:00:36 . Memory (MB): peak = 2631.895 ; gain = 1039.867 ; free physical = 197 ; free virtual = 9756
INFO: [Project 1-571] Translating synthesized netlist
Netlist sorting complete. Time (s): cpu = 00:00:00 ; elapsed = 00:00:00 . Memory (MB): peak = 2631.895 ; gain = 0.000 ; free physical = 357 ; free virtual = 9918
INFO: [Project 1-570] Preparing netlist for logic optimization
INFO: [Opt 31-138] Pushed 0 inverter(s) to 0 load pin(s).
Netlist sorting complete. Time (s): cpu = 00:00:00 ; elapsed = 00:00:00 . Memory (MB): peak = 2631.895 ; gain = 0.000 ; free physical = 344 ; free virtual = 9905
INFO: [Project 1-111] Unisim Transformation Summary:
No Unisim elements were transformed.

Synth Design complete | Checksum: 5f0575f3
INFO: [Common 17-83] Releasing license: Synthesis
31 Infos, 3 Warnings, 0 Critical Warnings and 0 Errors encountered.
synth_design completed successfully
synth_design: Time (s): cpu = 00:00:47 ; elapsed = 00:00:45 . Memory (MB): peak = 2631.895 ; gain = 1267.629 ; free physical = 344 ; free virtual = 9905
INFO: [Common 17-2834] synth_design peak Physical Memory [PSS] (MB): overall = 1857.582; main = 1768.016; forked = 269.034
INFO: [Common 17-2834] synth_design peak Virtual Memory [VSS] (MB): overall = 3385.801; main = 2558.066; forked = 915.715
Write ShapeDB Complete: Time (s): cpu = 00:00:00 ; elapsed = 00:00:00 . Memory (MB): peak = 2631.895 ; gain = 0.000 ; free physical = 343 ; free virtual = 9904
INFO: [Common 17-1381] The checkpoint '/home/joseph/Documents/vivado/avnet-zuboard-experiments/zuboard-projects/P1_Blink/P1_Blink.runs/synth_1/blink_bd_wrapper.dcp' has been generated.
INFO: [Vivado 12-24828] Executing command : report_utilization -file blink_bd_wrapper_utilization_synth.rpt -pb blink_bd_wrapper_utilization_synth.pb
INFO: [Common 17-206] Exiting Vivado at Sun May 17 14:17:11 2026...
