
*** Running vivado
    with args -log blink_bd_wrapper.vdi -applog -m64 -product Vivado -messageDb vivado.pb -mode batch -source blink_bd_wrapper.tcl -notrace


****** Vivado v2024.2 (64-bit)
  **** SW Build 5239630 on Fri Nov 08 22:34:34 MST 2024
  **** IP Build 5239520 on Sun Nov 10 16:12:51 MST 2024
  **** SharedData Build 5239561 on Fri Nov 08 14:39:27 MST 2024
  **** Start of session at: Sun May 17 14:19:19 2026
    ** Copyright 1986-2022 Xilinx, Inc. All Rights Reserved.
    ** Copyright 2022-2024 Advanced Micro Devices, Inc. All Rights Reserved.

source blink_bd_wrapper.tcl -notrace
INFO: [IP_Flow 19-234] Refreshing IP repositories
INFO: [IP_Flow 19-1704] No user IP repositories specified
INFO: [IP_Flow 19-2313] Loaded Vivado IP repository '/home/joseph/Vivado/2024.2/data/ip'.
Command: link_design -top blink_bd_wrapper -part xczu1cg-sbva484-1-e
Design is defaulting to srcset: sources_1
Design is defaulting to constrset: constrs_1
INFO: [Device 21-403] Loading part xczu1cg-sbva484-1-e
INFO: [Project 1-454] Reading design checkpoint '/home/joseph/Documents/vivado/avnet-zuboard-experiments/zuboard-projects/P1_Blink/P1_Blink.gen/sources_1/bd/blink_bd/ip/blink_bd_blink_0_0/blink_bd_blink_0_0.dcp' for cell 'blink_bd_i/blink_0'
INFO: [Project 1-454] Reading design checkpoint '/home/joseph/Documents/vivado/avnet-zuboard-experiments/zuboard-projects/P1_Blink/P1_Blink.gen/sources_1/bd/blink_bd/ip/blink_bd_zynq_ultra_ps_e_0_0/blink_bd_zynq_ultra_ps_e_0_0.dcp' for cell 'blink_bd_i/zynq_ultra_ps_e_0'
Netlist sorting complete. Time (s): cpu = 00:00:00.02 ; elapsed = 00:00:00.01 . Memory (MB): peak = 1601.992 ; gain = 0.000 ; free physical = 1196 ; free virtual = 10746
INFO: [Netlist 29-17] Analyzing 4 Unisim elements for replacement
INFO: [Netlist 29-28] Unisim Transformation completed in 0 CPU seconds
INFO: [Project 1-479] Netlist was created with Vivado 2024.1
INFO: [Project 1-570] Preparing netlist for logic optimization
Parsing XDC File [/home/joseph/Documents/vivado/avnet-zuboard-experiments/zuboard-projects/P1_Blink/P1_Blink.gen/sources_1/bd/blink_bd/ip/blink_bd_zynq_ultra_ps_e_0_0/blink_bd_zynq_ultra_ps_e_0_0.xdc] for cell 'blink_bd_i/zynq_ultra_ps_e_0/inst'
create_clock: Time (s): cpu = 00:00:06 ; elapsed = 00:00:06 . Memory (MB): peak = 1696.441 ; gain = 30.750 ; free physical = 1147 ; free virtual = 10696
Finished Parsing XDC File [/home/joseph/Documents/vivado/avnet-zuboard-experiments/zuboard-projects/P1_Blink/P1_Blink.gen/sources_1/bd/blink_bd/ip/blink_bd_zynq_ultra_ps_e_0_0/blink_bd_zynq_ultra_ps_e_0_0.xdc] for cell 'blink_bd_i/zynq_ultra_ps_e_0/inst'
Parsing XDC File [/home/joseph/Documents/vivado/avnet-zuboard-experiments/zuboard-projects/P1_Blink/P1_Blink.srcs/constrs_1/new/zuboard_pins.xdc]
Finished Parsing XDC File [/home/joseph/Documents/vivado/avnet-zuboard-experiments/zuboard-projects/P1_Blink/P1_Blink.srcs/constrs_1/new/zuboard_pins.xdc]
INFO: [Opt 31-138] Pushed 0 inverter(s) to 0 load pin(s).
Netlist sorting complete. Time (s): cpu = 00:00:00 ; elapsed = 00:00:00 . Memory (MB): peak = 1849.566 ; gain = 0.000 ; free physical = 1036 ; free virtual = 10589
INFO: [Project 1-111] Unisim Transformation Summary:
No Unisim elements were transformed.

12 Infos, 0 Warnings, 0 Critical Warnings and 0 Errors encountered.
link_design completed successfully
link_design: Time (s): cpu = 00:00:11 ; elapsed = 00:00:12 . Memory (MB): peak = 1849.566 ; gain = 488.270 ; free physical = 1036 ; free virtual = 10589
Command: opt_design
Attempting to get a license for feature 'Implementation' and/or device 'xczu1cg'
INFO: [Common 17-349] Got license for feature 'Implementation' and/or device 'xczu1cg'
Running DRC as a precondition to command opt_design

Starting DRC Task
INFO: [DRC 23-27] Running DRC with 4 threads
INFO: [Project 1-461] DRC finished with 0 Errors
INFO: [Project 1-462] Please refer to the DRC report (report_drc) for more information.

Time (s): cpu = 00:00:04 ; elapsed = 00:00:02 . Memory (MB): peak = 1932.785 ; gain = 83.219 ; free physical = 973 ; free virtual = 10526

Starting Cache Timing Information Task
INFO: [Timing 38-35] Done setting XDC timing constraints.
Ending Cache Timing Information Task | Checksum: 24eee2cde

Time (s): cpu = 00:00:03 ; elapsed = 00:00:03 . Memory (MB): peak = 2153.805 ; gain = 221.020 ; free physical = 791 ; free virtual = 10346

Starting Logic Optimization Task

Phase 1 Initialization

Phase 1.1 Core Generation And Design Setup
Phase 1.1 Core Generation And Design Setup | Checksum: 24eee2cde

Time (s): cpu = 00:00:00.01 ; elapsed = 00:00:00 . Memory (MB): peak = 2493.727 ; gain = 0.000 ; free physical = 432 ; free virtual = 9987

Phase 1.2 Setup Constraints And Sort Netlist
Phase 1.2 Setup Constraints And Sort Netlist | Checksum: 24eee2cde

Time (s): cpu = 00:00:00.01 ; elapsed = 00:00:00 . Memory (MB): peak = 2493.727 ; gain = 0.000 ; free physical = 432 ; free virtual = 9987
Phase 1 Initialization | Checksum: 24eee2cde

Time (s): cpu = 00:00:00.01 ; elapsed = 00:00:00 . Memory (MB): peak = 2493.727 ; gain = 0.000 ; free physical = 432 ; free virtual = 9987

Phase 2 Timer Update And Timing Data Collection

Phase 2.1 Timer Update
Phase 2.1 Timer Update | Checksum: 24eee2cde

Time (s): cpu = 00:00:00.03 ; elapsed = 00:00:00.02 . Memory (MB): peak = 2493.727 ; gain = 0.000 ; free physical = 432 ; free virtual = 9987

Phase 2.2 Timing Data Collection
Phase 2.2 Timing Data Collection | Checksum: 24eee2cde

Time (s): cpu = 00:00:00.03 ; elapsed = 00:00:00.03 . Memory (MB): peak = 2493.727 ; gain = 0.000 ; free physical = 432 ; free virtual = 9987
Phase 2 Timer Update And Timing Data Collection | Checksum: 24eee2cde

Time (s): cpu = 00:00:00.04 ; elapsed = 00:00:00.03 . Memory (MB): peak = 2493.727 ; gain = 0.000 ; free physical = 432 ; free virtual = 9987

Phase 3 Retarget
INFO: [Opt 31-1851] Number of loadless carry chains removed were: 0
INFO: [Opt 31-1834] Total Chains To Be Transformed Were: 0 AND Number of Transformed insts Created are: 0
INFO: [Opt 31-138] Pushed 0 inverter(s) to 0 load pin(s).
INFO: [Opt 31-49] Retargeted 0 cell(s).
Phase 3 Retarget | Checksum: 19cb1620c

Time (s): cpu = 00:00:00.09 ; elapsed = 00:00:00.08 . Memory (MB): peak = 2493.727 ; gain = 0.000 ; free physical = 432 ; free virtual = 9987
Retarget | Checksum: 19cb1620c
INFO: [Opt 31-389] Phase Retarget created 0 cells and removed 264 cells

Phase 4 Constant propagation
INFO: [Opt 31-138] Pushed 0 inverter(s) to 0 load pin(s).
Phase 4 Constant propagation | Checksum: 19cb1620c

Time (s): cpu = 00:00:00.09 ; elapsed = 00:00:00.09 . Memory (MB): peak = 2493.727 ; gain = 0.000 ; free physical = 432 ; free virtual = 9987
Constant propagation | Checksum: 19cb1620c
INFO: [Opt 31-389] Phase Constant propagation created 0 cells and removed 0 cells

Phase 5 Sweep
INFO: [Constraints 18-11670] Building netlist checker database with flags, 0x8
Done building netlist checker database: Time (s): cpu = 00:00:00 ; elapsed = 00:00:00 . Memory (MB): peak = 2493.727 ; gain = 0.000 ; free physical = 432 ; free virtual = 9987
INFO: [Constraints 18-11670] Building netlist checker database with flags, 0x8
Done building netlist checker database: Time (s): cpu = 00:00:00 ; elapsed = 00:00:00 . Memory (MB): peak = 2493.727 ; gain = 0.000 ; free physical = 432 ; free virtual = 9987
Phase 5 Sweep | Checksum: 1fd03314c

Time (s): cpu = 00:00:00.21 ; elapsed = 00:00:00.21 . Memory (MB): peak = 2493.727 ; gain = 0.000 ; free physical = 432 ; free virtual = 9987
Sweep | Checksum: 1fd03314c
INFO: [Opt 31-389] Phase Sweep created 3 cells and removed 0 cells
INFO: [Opt 31-1021] In phase Sweep, 1 netlist objects are constrained preventing optimization. Please run opt_design with -debug_log to get more detail. 

Phase 6 BUFG optimization
INFO: [Opt 31-1077] Phase BUFG optimization inserted 0 global clock buffer(s) for CLOCK_LOW_FANOUT.
Phase 6 BUFG optimization | Checksum: 1fd03314c

Time (s): cpu = 00:00:00.23 ; elapsed = 00:00:00.22 . Memory (MB): peak = 2525.742 ; gain = 32.016 ; free physical = 432 ; free virtual = 9987
BUFG optimization | Checksum: 1fd03314c
INFO: [Opt 31-662] Phase BUFG optimization created 0 cells of which 0 are BUFGs and removed 0 cells.

Phase 7 Shift Register Optimization
INFO: [Opt 31-1064] SRL Remap converted 0 SRLs to 0 registers and converted 0 registers of register chains to 0 SRLs
Phase 7 Shift Register Optimization | Checksum: 1fd03314c

Time (s): cpu = 00:00:00.23 ; elapsed = 00:00:00.22 . Memory (MB): peak = 2525.742 ; gain = 32.016 ; free physical = 432 ; free virtual = 9987
Shift Register Optimization | Checksum: 1fd03314c
INFO: [Opt 31-389] Phase Shift Register Optimization created 0 cells and removed 0 cells

Phase 8 Post Processing Netlist
Phase 8 Post Processing Netlist | Checksum: 266cb024e

Time (s): cpu = 00:00:00.23 ; elapsed = 00:00:00.23 . Memory (MB): peak = 2525.742 ; gain = 32.016 ; free physical = 432 ; free virtual = 9987
Post Processing Netlist | Checksum: 266cb024e
INFO: [Opt 31-389] Phase Post Processing Netlist created 0 cells and removed 0 cells

Phase 9 Finalization

Phase 9.1 Finalizing Design Cores and Updating Shapes
Phase 9.1 Finalizing Design Cores and Updating Shapes | Checksum: 22975af5a

Time (s): cpu = 00:00:00.26 ; elapsed = 00:00:00.24 . Memory (MB): peak = 2525.742 ; gain = 32.016 ; free physical = 432 ; free virtual = 9987

Phase 9.2 Verifying Netlist Connectivity

Starting Connectivity Check Task

Time (s): cpu = 00:00:00.01 ; elapsed = 00:00:00 . Memory (MB): peak = 2525.742 ; gain = 0.000 ; free physical = 432 ; free virtual = 9987
Phase 9.2 Verifying Netlist Connectivity | Checksum: 22975af5a

Time (s): cpu = 00:00:00.27 ; elapsed = 00:00:00.24 . Memory (MB): peak = 2525.742 ; gain = 32.016 ; free physical = 432 ; free virtual = 9987
Phase 9 Finalization | Checksum: 22975af5a

Time (s): cpu = 00:00:00.27 ; elapsed = 00:00:00.24 . Memory (MB): peak = 2525.742 ; gain = 32.016 ; free physical = 432 ; free virtual = 9987
Opt_design Change Summary
=========================


-------------------------------------------------------------------------------------------------------------------------
|  Phase                        |  #Cells created  |  #Cells Removed  |  #Constrained objects preventing optimizations  |
-------------------------------------------------------------------------------------------------------------------------
|  Retarget                     |               0  |             264  |                                              0  |
|  Constant propagation         |               0  |               0  |                                              0  |
|  Sweep                        |               3  |               0  |                                              1  |
|  BUFG optimization            |               0  |               0  |                                              0  |
|  Shift Register Optimization  |               0  |               0  |                                              0  |
|  Post Processing Netlist      |               0  |               0  |                                              0  |
-------------------------------------------------------------------------------------------------------------------------


Ending Logic Optimization Task | Checksum: 22975af5a

Time (s): cpu = 00:00:00.28 ; elapsed = 00:00:00.25 . Memory (MB): peak = 2525.742 ; gain = 32.016 ; free physical = 432 ; free virtual = 9987

Starting Power Optimization Task
INFO: [Pwropt 34-132] Skipping clock gating for clocks with a period < 2.00 ns.
Ending Power Optimization Task | Checksum: 22975af5a

Time (s): cpu = 00:00:00.01 ; elapsed = 00:00:00 . Memory (MB): peak = 2525.742 ; gain = 0.000 ; free physical = 432 ; free virtual = 9987

Starting Final Cleanup Task
Ending Final Cleanup Task | Checksum: 22975af5a

Time (s): cpu = 00:00:00 ; elapsed = 00:00:00 . Memory (MB): peak = 2525.742 ; gain = 0.000 ; free physical = 432 ; free virtual = 9987

Starting Netlist Obfuscation Task
Netlist sorting complete. Time (s): cpu = 00:00:00 ; elapsed = 00:00:00 . Memory (MB): peak = 2525.742 ; gain = 0.000 ; free physical = 432 ; free virtual = 9987
Ending Netlist Obfuscation Task | Checksum: 22975af5a

Time (s): cpu = 00:00:00 ; elapsed = 00:00:00 . Memory (MB): peak = 2525.742 ; gain = 0.000 ; free physical = 432 ; free virtual = 9987
INFO: [Common 17-83] Releasing license: Implementation
35 Infos, 0 Warnings, 0 Critical Warnings and 0 Errors encountered.
opt_design completed successfully
opt_design: Time (s): cpu = 00:00:10 ; elapsed = 00:00:08 . Memory (MB): peak = 2525.742 ; gain = 676.176 ; free physical = 432 ; free virtual = 9987
INFO: [Vivado 12-24828] Executing command : report_drc -file blink_bd_wrapper_drc_opted.rpt -pb blink_bd_wrapper_drc_opted.pb -rpx blink_bd_wrapper_drc_opted.rpx
Command: report_drc -file blink_bd_wrapper_drc_opted.rpt -pb blink_bd_wrapper_drc_opted.pb -rpx blink_bd_wrapper_drc_opted.rpx
INFO: [IP_Flow 19-1839] IP Catalog is up to date.
INFO: [DRC 23-27] Running DRC with 4 threads
INFO: [Vivado_Tcl 2-168] The results of DRC are in file /home/joseph/Documents/vivado/avnet-zuboard-experiments/zuboard-projects/P1_Blink/P1_Blink.runs/impl_1/blink_bd_wrapper_drc_opted.rpt.
report_drc completed successfully
INFO: [Timing 38-480] Writing timing data to binary archive.
Write ShapeDB Complete: Time (s): cpu = 00:00:00 ; elapsed = 00:00:00 . Memory (MB): peak = 2612.812 ; gain = 0.000 ; free physical = 351 ; free virtual = 9906
Wrote PlaceDB: Time (s): cpu = 00:00:00 ; elapsed = 00:00:00 . Memory (MB): peak = 2612.812 ; gain = 0.000 ; free physical = 351 ; free virtual = 9906
Wrote PulsedLatchDB: Time (s): cpu = 00:00:00 ; elapsed = 00:00:00 . Memory (MB): peak = 2612.812 ; gain = 0.000 ; free physical = 351 ; free virtual = 9906
Writing XDEF routing.
Writing XDEF routing logical nets.
Writing XDEF routing special nets.
Wrote RouteStorage: Time (s): cpu = 00:00:00.08 ; elapsed = 00:00:00.02 . Memory (MB): peak = 2612.812 ; gain = 0.000 ; free physical = 351 ; free virtual = 9906
Wrote Netlist Cache: Time (s): cpu = 00:00:00 ; elapsed = 00:00:00 . Memory (MB): peak = 2612.812 ; gain = 0.000 ; free physical = 351 ; free virtual = 9906
Wrote Device Cache: Time (s): cpu = 00:00:00.04 ; elapsed = 00:00:00.02 . Memory (MB): peak = 2612.812 ; gain = 0.000 ; free physical = 351 ; free virtual = 9907
Write Physdb Complete: Time (s): cpu = 00:00:00.14 ; elapsed = 00:00:00.05 . Memory (MB): peak = 2612.812 ; gain = 0.000 ; free physical = 351 ; free virtual = 9907
INFO: [Common 17-1381] The checkpoint '/home/joseph/Documents/vivado/avnet-zuboard-experiments/zuboard-projects/P1_Blink/P1_Blink.runs/impl_1/blink_bd_wrapper_opt.dcp' has been generated.
Command: place_design
Attempting to get a license for feature 'Implementation' and/or device 'xczu1cg'
INFO: [Common 17-349] Got license for feature 'Implementation' and/or device 'xczu1cg'
INFO: [Common 17-83] Releasing license: Implementation
INFO: [DRC 23-27] Running DRC with 4 threads
INFO: [Vivado_Tcl 4-198] DRC finished with 0 Errors
INFO: [Vivado_Tcl 4-199] Please refer to the DRC report (report_drc) for more information.
Running DRC as a precondition to command place_design
INFO: [DRC 23-27] Running DRC with 4 threads
INFO: [Vivado_Tcl 4-198] DRC finished with 0 Errors
INFO: [Vivado_Tcl 4-199] Please refer to the DRC report (report_drc) for more information.
INFO: [Place 30-611] Multithreading enabled for place_design using a maximum of 4 CPUs

Starting Placer Task

Phase 1 Placer Initialization

Phase 1.1 Placer Initialization Netlist Sorting
Netlist sorting complete. Time (s): cpu = 00:00:00 ; elapsed = 00:00:00 . Memory (MB): peak = 2612.812 ; gain = 0.000 ; free physical = 348 ; free virtual = 9905
Phase 1.1 Placer Initialization Netlist Sorting | Checksum: 2075e2a76

Time (s): cpu = 00:00:00 ; elapsed = 00:00:00 . Memory (MB): peak = 2612.812 ; gain = 0.000 ; free physical = 348 ; free virtual = 9905
Netlist sorting complete. Time (s): cpu = 00:00:00 ; elapsed = 00:00:00 . Memory (MB): peak = 2612.812 ; gain = 0.000 ; free physical = 348 ; free virtual = 9905

Phase 1.2 IO Placement/ Clock Placement/ Build Placer Device
INFO: [Timing 38-35] Done setting XDC timing constraints.
Phase 1.2 IO Placement/ Clock Placement/ Build Placer Device | Checksum: 2191786f0

Time (s): cpu = 00:00:16 ; elapsed = 00:00:16 . Memory (MB): peak = 3148.352 ; gain = 535.539 ; free physical = 169 ; free virtual = 9448

Phase 1.3 Build Placer Netlist Model
Phase 1.3 Build Placer Netlist Model | Checksum: 2b3d63fa7

Time (s): cpu = 00:00:16 ; elapsed = 00:00:16 . Memory (MB): peak = 3180.367 ; gain = 567.555 ; free physical = 148 ; free virtual = 9428

Phase 1.4 Constrain Clocks/Macros
Phase 1.4 Constrain Clocks/Macros | Checksum: 2b3d63fa7

Time (s): cpu = 00:00:16 ; elapsed = 00:00:16 . Memory (MB): peak = 3180.367 ; gain = 567.555 ; free physical = 148 ; free virtual = 9428
Phase 1 Placer Initialization | Checksum: 2b3d63fa7

Time (s): cpu = 00:00:16 ; elapsed = 00:00:16 . Memory (MB): peak = 3180.367 ; gain = 567.555 ; free physical = 148 ; free virtual = 9428

Phase 2 Global Placement

Phase 2.1 Floorplanning

Phase 2.1.1 Partition Driven Placement

Phase 2.1.1.1 PBP: Partition Driven Placement
Phase 2.1.1.1 PBP: Partition Driven Placement | Checksum: 2d17f5d01

Time (s): cpu = 00:00:16 ; elapsed = 00:00:17 . Memory (MB): peak = 3180.367 ; gain = 567.555 ; free physical = 148 ; free virtual = 9428

Phase 2.1.1.2 PBP: Clock Region Placement
INFO: [Place 30-3162] Check ILP status : ILP-based clock placer completed successfully.
Phase 2.1.1.2 PBP: Clock Region Placement | Checksum: 2d17f5d01

Time (s): cpu = 00:00:17 ; elapsed = 00:00:17 . Memory (MB): peak = 3180.367 ; gain = 567.555 ; free physical = 162 ; free virtual = 9439

Phase 2.1.1.3 PBP: Compute Congestion
Phase 2.1.1.3 PBP: Compute Congestion | Checksum: 2d17f5d01

Time (s): cpu = 00:00:31 ; elapsed = 00:00:21 . Memory (MB): peak = 3510.363 ; gain = 897.551 ; free physical = 158 ; free virtual = 9051

Phase 2.1.1.4 PBP: UpdateTiming
Phase 2.1.1.4 PBP: UpdateTiming | Checksum: 232ce0950

Time (s): cpu = 00:00:31 ; elapsed = 00:00:21 . Memory (MB): peak = 3542.379 ; gain = 929.566 ; free physical = 160 ; free virtual = 9053

Phase 2.1.1.5 PBP: Add part constraints
Phase 2.1.1.5 PBP: Add part constraints | Checksum: 232ce0950

Time (s): cpu = 00:00:31 ; elapsed = 00:00:21 . Memory (MB): peak = 3542.379 ; gain = 929.566 ; free physical = 160 ; free virtual = 9053
Phase 2.1.1 Partition Driven Placement | Checksum: 232ce0950

Time (s): cpu = 00:00:31 ; elapsed = 00:00:21 . Memory (MB): peak = 3542.379 ; gain = 929.566 ; free physical = 160 ; free virtual = 9053
Phase 2.1 Floorplanning | Checksum: 26ba5e544

Time (s): cpu = 00:00:31 ; elapsed = 00:00:21 . Memory (MB): peak = 3542.379 ; gain = 929.566 ; free physical = 160 ; free virtual = 9053

Phase 2.2 Update Timing before SLR Path Opt
Phase 2.2 Update Timing before SLR Path Opt | Checksum: 26ba5e544

Time (s): cpu = 00:00:31 ; elapsed = 00:00:21 . Memory (MB): peak = 3542.379 ; gain = 929.566 ; free physical = 160 ; free virtual = 9053

Phase 2.3 Post-Processing in Floorplanning
Phase 2.3 Post-Processing in Floorplanning | Checksum: 26ba5e544

Time (s): cpu = 00:00:31 ; elapsed = 00:00:21 . Memory (MB): peak = 3542.379 ; gain = 929.566 ; free physical = 160 ; free virtual = 9053

Phase 2.4 Global Place Phase1
Phase 2.4 Global Place Phase1 | Checksum: 2b0e54425

Time (s): cpu = 00:00:47 ; elapsed = 00:00:26 . Memory (MB): peak = 3548.379 ; gain = 935.566 ; free physical = 266 ; free virtual = 9068

Phase 2.5 Global Place Phase2

Phase 2.5.1 UpdateTiming Before Physical Synthesis
Phase 2.5.1 UpdateTiming Before Physical Synthesis | Checksum: 2b0e54425

Time (s): cpu = 00:00:47 ; elapsed = 00:00:26 . Memory (MB): peak = 3548.379 ; gain = 935.566 ; free physical = 266 ; free virtual = 9068

Phase 2.5.2 Physical Synthesis In Placer
INFO: [Physopt 32-1044] Break lutnm for timing: one critical 0, two critical 0, total 0, new lutff created 0
INFO: [Physopt 32-1138] End 1 Pass. Optimized 0 net or LUT. Breaked 0 LUT, combined 0 existing LUT and moved 0 existing LUT
INFO: [Physopt 32-69] No nets found for rewiring optimization.
INFO: [Physopt 32-661] Optimized 0 net.  Re-placed 0 instance.
INFO: [Physopt 32-775] End 1 Pass. Optimized 0 net or cell. Created 0 new cell, deleted 0 existing cell and moved 0 existing cell
INFO: [Physopt 32-65] No nets found for high-fanout optimization.
INFO: [Physopt 32-232] Optimized 0 net. Created 0 new instance.
INFO: [Physopt 32-775] End 1 Pass. Optimized 0 net or cell. Created 0 new cell, deleted 0 existing cell and moved 0 existing cell
INFO: [Physopt 32-670] No setup violation found.  DSP Register Optimization was not performed.
INFO: [Physopt 32-670] No setup violation found.  Shift Register to Pipeline Optimization was not performed.
INFO: [Physopt 32-670] No setup violation found.  Shift Register Optimization was not performed.
INFO: [Physopt 32-670] No setup violation found.  BRAM Register Optimization was not performed.
INFO: [Physopt 32-670] No setup violation found.  URAM Register Optimization was not performed.
INFO: [Physopt 32-949] No candidate nets found for dynamic/static region interface net replication
INFO: [Physopt 32-775] End 1 Pass. Optimized 0 net or cell. Created 0 new cell, deleted 0 existing cell and moved 0 existing cell
Netlist sorting complete. Time (s): cpu = 00:00:00 ; elapsed = 00:00:00.01 . Memory (MB): peak = 3548.379 ; gain = 0.000 ; free physical = 263 ; free virtual = 9068

Summary of Physical Synthesis Optimizations
============================================


-----------------------------------------------------------------------------------------------------------------------------------------------------------
|  Optimization                                     |  Added Cells  |  Removed Cells  |  Optimized Cells/Nets  |  Dont Touch  |  Iterations  |  Elapsed   |
-----------------------------------------------------------------------------------------------------------------------------------------------------------
|  LUT Combining                                    |            0  |              0  |                     0  |           0  |           1  |  00:00:00  |
|  Retime                                           |            0  |              0  |                     0  |           0  |           1  |  00:00:00  |
|  Equivalent Driver Rewiring                       |            0  |              0  |                     0  |           0  |           1  |  00:00:00  |
|  Very High Fanout                                 |            0  |              0  |                     0  |           0  |           1  |  00:00:00  |
|  DSP Register                                     |            0  |              0  |                     0  |           0  |           0  |  00:00:00  |
|  Shift Register to Pipeline                       |            0  |              0  |                     0  |           0  |           0  |  00:00:00  |
|  Shift Register                                   |            0  |              0  |                     0  |           0  |           0  |  00:00:00  |
|  BRAM Register                                    |            0  |              0  |                     0  |           0  |           0  |  00:00:00  |
|  URAM Register                                    |            0  |              0  |                     0  |           0  |           0  |  00:00:00  |
|  Dynamic/Static Region Interface Net Replication  |            0  |              0  |                     0  |           0  |           1  |  00:00:00  |
|  Total                                            |            0  |              0  |                     0  |           0  |           5  |  00:00:00  |
-----------------------------------------------------------------------------------------------------------------------------------------------------------


Phase 2.5.2 Physical Synthesis In Placer | Checksum: 2b0e54425

Time (s): cpu = 00:00:47 ; elapsed = 00:00:26 . Memory (MB): peak = 3548.379 ; gain = 935.566 ; free physical = 263 ; free virtual = 9068
Phase 2.5 Global Place Phase2 | Checksum: 316244387

Time (s): cpu = 00:01:03 ; elapsed = 00:00:31 . Memory (MB): peak = 3554.379 ; gain = 941.566 ; free physical = 248 ; free virtual = 9053
Phase 2 Global Placement | Checksum: 316244387

Time (s): cpu = 00:01:03 ; elapsed = 00:00:31 . Memory (MB): peak = 3554.379 ; gain = 941.566 ; free physical = 248 ; free virtual = 9053

Phase 3 Detail Placement

Phase 3.1 Commit Multi Column Macros
Phase 3.1 Commit Multi Column Macros | Checksum: 2f54c40f8

Time (s): cpu = 00:01:17 ; elapsed = 00:00:35 . Memory (MB): peak = 3586.395 ; gain = 973.582 ; free physical = 231 ; free virtual = 9036

Phase 3.2 Commit Most Macros & LUTRAMs
Phase 3.2 Commit Most Macros & LUTRAMs | Checksum: 2e35291c1

Time (s): cpu = 00:01:18 ; elapsed = 00:00:35 . Memory (MB): peak = 3586.395 ; gain = 973.582 ; free physical = 231 ; free virtual = 9036

Phase 3.3 Small Shape DP

Phase 3.3.1 Small Shape Clustering
Phase 3.3.1 Small Shape Clustering | Checksum: 2d99b8287

Time (s): cpu = 00:01:33 ; elapsed = 00:00:40 . Memory (MB): peak = 3586.395 ; gain = 973.582 ; free physical = 244 ; free virtual = 9050

Phase 3.3.2 Slice Area Swap

Phase 3.3.2.1 Slice Area Swap Initial
Phase 3.3.2.1 Slice Area Swap Initial | Checksum: 29bb79a94

Time (s): cpu = 00:01:33 ; elapsed = 00:00:40 . Memory (MB): peak = 3586.395 ; gain = 973.582 ; free physical = 244 ; free virtual = 9050
Phase 3.3.2 Slice Area Swap | Checksum: 29bb79a94

Time (s): cpu = 00:01:33 ; elapsed = 00:00:40 . Memory (MB): peak = 3586.395 ; gain = 973.582 ; free physical = 244 ; free virtual = 9050
Phase 3.3 Small Shape DP | Checksum: 1f00c7a68

Time (s): cpu = 00:01:33 ; elapsed = 00:00:40 . Memory (MB): peak = 3586.395 ; gain = 973.582 ; free physical = 244 ; free virtual = 9050

Phase 3.4 Re-assign LUT pins
Phase 3.4 Re-assign LUT pins | Checksum: 1ef3fb9c1

Time (s): cpu = 00:01:33 ; elapsed = 00:00:40 . Memory (MB): peak = 3586.395 ; gain = 973.582 ; free physical = 244 ; free virtual = 9050

Phase 3.5 Pipeline Register Optimization
Phase 3.5 Pipeline Register Optimization | Checksum: 249faec0d

Time (s): cpu = 00:01:33 ; elapsed = 00:00:40 . Memory (MB): peak = 3586.395 ; gain = 973.582 ; free physical = 244 ; free virtual = 9050
Phase 3 Detail Placement | Checksum: 249faec0d

Time (s): cpu = 00:01:33 ; elapsed = 00:00:40 . Memory (MB): peak = 3586.395 ; gain = 973.582 ; free physical = 244 ; free virtual = 9050

Phase 4 Post Placement Optimization and Clean-Up

Phase 4.1 Post Commit Optimization
INFO: [Timing 38-35] Done setting XDC timing constraints.

Phase 4.1.1 Post Placement Optimization
Post Placement Optimization Initialization | Checksum: 2c4d813eb

Phase 4.1.1.1 BUFG Insertion

Starting Physical Synthesis Task

Phase 1 Physical Synthesis Initialization
INFO: [Physopt 32-721] Multithreading enabled for phys_opt_design using a maximum of 4 CPUs
INFO: [Physopt 32-619] Estimated Timing Summary | WNS=7.984 | TNS=0.000 |
Phase 1 Physical Synthesis Initialization | Checksum: 202f56fcf

Time (s): cpu = 00:00:00.02 ; elapsed = 00:00:00.01 . Memory (MB): peak = 3586.395 ; gain = 0.000 ; free physical = 243 ; free virtual = 9049
INFO: [Place 46-56] BUFG insertion identified 0 candidate nets. Inserted BUFG: 0, Replicated BUFG Driver: 0, Skipped due to Placement/Routing Conflicts: 0, Skipped due to Timing Degradation: 0, Skipped due to netlist editing failed: 0.
Ending Physical Synthesis Task | Checksum: 1ef435a69

Time (s): cpu = 00:00:00.03 ; elapsed = 00:00:00.02 . Memory (MB): peak = 3586.395 ; gain = 0.000 ; free physical = 243 ; free virtual = 9049
Phase 4.1.1.1 BUFG Insertion | Checksum: 2c4d813eb

Time (s): cpu = 00:01:48 ; elapsed = 00:00:44 . Memory (MB): peak = 3586.395 ; gain = 973.582 ; free physical = 243 ; free virtual = 9049

Phase 4.1.1.2 Post Placement Timing Optimization
INFO: [Place 30-746] Post Placement Timing Summary WNS=7.984. For the most accurate timing information please run report_timing.
Phase 4.1.1.2 Post Placement Timing Optimization | Checksum: 21bf59300

Time (s): cpu = 00:01:48 ; elapsed = 00:00:44 . Memory (MB): peak = 3586.395 ; gain = 973.582 ; free physical = 243 ; free virtual = 9049

Time (s): cpu = 00:01:48 ; elapsed = 00:00:44 . Memory (MB): peak = 3586.395 ; gain = 973.582 ; free physical = 242 ; free virtual = 9048
Phase 4.1 Post Commit Optimization | Checksum: 21bf59300

Time (s): cpu = 00:01:48 ; elapsed = 00:00:44 . Memory (MB): peak = 3586.395 ; gain = 973.582 ; free physical = 242 ; free virtual = 9048
Netlist sorting complete. Time (s): cpu = 00:00:00 ; elapsed = 00:00:00 . Memory (MB): peak = 3586.395 ; gain = 0.000 ; free physical = 237 ; free virtual = 9044

Phase 4.2 Post Placement Cleanup
Phase 4.2 Post Placement Cleanup | Checksum: 2414ce08d

Time (s): cpu = 00:02:05 ; elapsed = 00:00:51 . Memory (MB): peak = 3586.395 ; gain = 973.582 ; free physical = 237 ; free virtual = 9044

Phase 4.3 Placer Reporting

Phase 4.3.1 Print Estimated Congestion
INFO: [Place 30-612] Post-Placement Estimated Congestion 
 ________________________________________________________________________
|           | Global Congestion | Long Congestion   | Short Congestion  |
| Direction | Region Size       | Region Size       | Region Size       |
|___________|___________________|___________________|___________________|
|      North|                1x1|                1x1|                1x1|
|___________|___________________|___________________|___________________|
|      South|                1x1|                1x1|                1x1|
|___________|___________________|___________________|___________________|
|       East|                1x1|                1x1|                1x1|
|___________|___________________|___________________|___________________|
|       West|                1x1|                1x1|                1x1|
|___________|___________________|___________________|___________________|

Phase 4.3.1 Print Estimated Congestion | Checksum: 2414ce08d

Time (s): cpu = 00:02:05 ; elapsed = 00:00:51 . Memory (MB): peak = 3586.395 ; gain = 973.582 ; free physical = 237 ; free virtual = 9044
Phase 4.3 Placer Reporting | Checksum: 2414ce08d

Time (s): cpu = 00:02:05 ; elapsed = 00:00:51 . Memory (MB): peak = 3586.395 ; gain = 973.582 ; free physical = 237 ; free virtual = 9044

Phase 4.4 Final Placement Cleanup
Netlist sorting complete. Time (s): cpu = 00:00:00 ; elapsed = 00:00:00 . Memory (MB): peak = 3586.395 ; gain = 0.000 ; free physical = 237 ; free virtual = 9044

Time (s): cpu = 00:02:05 ; elapsed = 00:00:51 . Memory (MB): peak = 3586.395 ; gain = 973.582 ; free physical = 237 ; free virtual = 9044
Phase 4 Post Placement Optimization and Clean-Up | Checksum: 159bd8b8b

Time (s): cpu = 00:02:05 ; elapsed = 00:00:51 . Memory (MB): peak = 3586.395 ; gain = 973.582 ; free physical = 237 ; free virtual = 9044
Ending Placer Task | Checksum: 10af3ce10

Time (s): cpu = 00:02:05 ; elapsed = 00:00:51 . Memory (MB): peak = 3586.395 ; gain = 973.582 ; free physical = 237 ; free virtual = 9044
73 Infos, 0 Warnings, 0 Critical Warnings and 0 Errors encountered.
place_design completed successfully
place_design: Time (s): cpu = 00:02:14 ; elapsed = 00:00:53 . Memory (MB): peak = 3586.395 ; gain = 973.582 ; free physical = 237 ; free virtual = 9044
INFO: [Vivado 12-24838] Running report commands "report_control_sets, report_io, report_utilization" in parallel.
Running report generation with 2 threads.
INFO: [Vivado 12-24828] Executing command : report_utilization -file blink_bd_wrapper_utilization_placed.rpt -pb blink_bd_wrapper_utilization_placed.pb
INFO: [Vivado 12-24828] Executing command : report_io -file blink_bd_wrapper_io_placed.rpt
report_io: Time (s): cpu = 00:00:00.4 ; elapsed = 00:00:00.35 . Memory (MB): peak = 3586.395 ; gain = 0.000 ; free physical = 234 ; free virtual = 9042
INFO: [Vivado 12-24828] Executing command : report_control_sets -verbose -file blink_bd_wrapper_control_sets_placed.rpt
report_control_sets: Time (s): cpu = 00:00:00.21 ; elapsed = 00:00:00.18 . Memory (MB): peak = 3586.395 ; gain = 0.000 ; free physical = 229 ; free virtual = 9037
INFO: [Timing 38-480] Writing timing data to binary archive.
Write ShapeDB Complete: Time (s): cpu = 00:00:00 ; elapsed = 00:00:00 . Memory (MB): peak = 3586.395 ; gain = 0.000 ; free physical = 229 ; free virtual = 9037
Wrote PlaceDB: Time (s): cpu = 00:00:00.19 ; elapsed = 00:00:00.06 . Memory (MB): peak = 3586.395 ; gain = 0.000 ; free physical = 229 ; free virtual = 9037
Wrote PulsedLatchDB: Time (s): cpu = 00:00:00 ; elapsed = 00:00:00 . Memory (MB): peak = 3586.395 ; gain = 0.000 ; free physical = 229 ; free virtual = 9037
Writing XDEF routing.
Writing XDEF routing logical nets.
Writing XDEF routing special nets.
Wrote RouteStorage: Time (s): cpu = 00:00:00.02 ; elapsed = 00:00:00.02 . Memory (MB): peak = 3586.395 ; gain = 0.000 ; free physical = 229 ; free virtual = 9038
Wrote Netlist Cache: Time (s): cpu = 00:00:00 ; elapsed = 00:00:00.01 . Memory (MB): peak = 3586.395 ; gain = 0.000 ; free physical = 229 ; free virtual = 9038
Wrote Device Cache: Time (s): cpu = 00:00:00.03 ; elapsed = 00:00:00.02 . Memory (MB): peak = 3586.395 ; gain = 0.000 ; free physical = 229 ; free virtual = 9039
Write Physdb Complete: Time (s): cpu = 00:00:00.24 ; elapsed = 00:00:00.11 . Memory (MB): peak = 3586.395 ; gain = 0.000 ; free physical = 229 ; free virtual = 9039
INFO: [Common 17-1381] The checkpoint '/home/joseph/Documents/vivado/avnet-zuboard-experiments/zuboard-projects/P1_Blink/P1_Blink.runs/impl_1/blink_bd_wrapper_placed.dcp' has been generated.
Command: phys_opt_design
Attempting to get a license for feature 'Implementation' and/or device 'xczu1cg'
INFO: [Common 17-349] Got license for feature 'Implementation' and/or device 'xczu1cg'

Starting Initial Update Timing Task

Time (s): cpu = 00:00:00.07 ; elapsed = 00:00:00.06 . Memory (MB): peak = 3586.395 ; gain = 0.000 ; free physical = 226 ; free virtual = 9035
INFO: [Vivado_Tcl 4-2279] Estimated Timing Summary | WNS= 7.981 | TNS= 0.000 | 
INFO: [Vivado_Tcl 4-383] Design worst setup slack (WNS) is greater than or equal to 0.000 ns. All physical synthesis setup optimizations will be skipped.
INFO: [Vivado_Tcl 4-232] No setup violation found. The netlist was not modified.
INFO: [Common 17-83] Releasing license: Implementation
84 Infos, 0 Warnings, 0 Critical Warnings and 0 Errors encountered.
phys_opt_design completed successfully
INFO: [Timing 38-480] Writing timing data to binary archive.
Write ShapeDB Complete: Time (s): cpu = 00:00:00 ; elapsed = 00:00:00 . Memory (MB): peak = 3586.395 ; gain = 0.000 ; free physical = 226 ; free virtual = 9035
Wrote PlaceDB: Time (s): cpu = 00:00:00.18 ; elapsed = 00:00:00.06 . Memory (MB): peak = 3586.395 ; gain = 0.000 ; free physical = 225 ; free virtual = 9035
Wrote PulsedLatchDB: Time (s): cpu = 00:00:00 ; elapsed = 00:00:00 . Memory (MB): peak = 3586.395 ; gain = 0.000 ; free physical = 225 ; free virtual = 9035
Writing XDEF routing.
Writing XDEF routing logical nets.
Writing XDEF routing special nets.
Wrote RouteStorage: Time (s): cpu = 00:00:00.02 ; elapsed = 00:00:00.02 . Memory (MB): peak = 3586.395 ; gain = 0.000 ; free physical = 225 ; free virtual = 9035
Wrote Netlist Cache: Time (s): cpu = 00:00:00 ; elapsed = 00:00:00 . Memory (MB): peak = 3586.395 ; gain = 0.000 ; free physical = 225 ; free virtual = 9035
Wrote Device Cache: Time (s): cpu = 00:00:00.03 ; elapsed = 00:00:00.02 . Memory (MB): peak = 3586.395 ; gain = 0.000 ; free physical = 220 ; free virtual = 9031
Write Physdb Complete: Time (s): cpu = 00:00:00.23 ; elapsed = 00:00:00.11 . Memory (MB): peak = 3586.395 ; gain = 0.000 ; free physical = 220 ; free virtual = 9031
INFO: [Common 17-1381] The checkpoint '/home/joseph/Documents/vivado/avnet-zuboard-experiments/zuboard-projects/P1_Blink/P1_Blink.runs/impl_1/blink_bd_wrapper_physopt.dcp' has been generated.
Command: route_design
Attempting to get a license for feature 'Implementation' and/or device 'xczu1cg'
INFO: [Common 17-349] Got license for feature 'Implementation' and/or device 'xczu1cg'


Starting Routing Task
INFO: [Route 35-254] Multithreading enabled for route_design using a maximum of 4 CPUs

Phase 1 Build RT Design
Checksum: PlaceDB: 2ce562d1 ConstDB: 0 ShapeSum: 1a25783 RouteDB: dc6c13bc
Nodegraph reading from file.  Time (s): cpu = 00:00:00.48 ; elapsed = 00:00:00.5 . Memory (MB): peak = 3586.395 ; gain = 0.000 ; free physical = 186 ; free virtual = 8998
Post Restoration Checksum: NetGraph: 94982848 | NumContArr: d0fd5c28 | Constraints: 2e68bbc0 | Timing: c2a8fa9d
Phase 1 Build RT Design | Checksum: 256a73acd

Time (s): cpu = 00:00:04 ; elapsed = 00:00:04 . Memory (MB): peak = 3586.395 ; gain = 0.000 ; free physical = 206 ; free virtual = 9019

Phase 2 Router Initialization

Phase 2.1 Fix Topology Constraints
Phase 2.1 Fix Topology Constraints | Checksum: 256a73acd

Time (s): cpu = 00:00:04 ; elapsed = 00:00:04 . Memory (MB): peak = 3586.395 ; gain = 0.000 ; free physical = 206 ; free virtual = 9019

Phase 2.2 Pre Route Cleanup
Phase 2.2 Pre Route Cleanup | Checksum: 256a73acd

Time (s): cpu = 00:00:04 ; elapsed = 00:00:04 . Memory (MB): peak = 3586.395 ; gain = 0.000 ; free physical = 206 ; free virtual = 9019

Phase 2.3 Global Clock Net Routing
 Number of Nodes with overlaps = 0
Phase 2.3 Global Clock Net Routing | Checksum: 2252f8a81

Time (s): cpu = 00:00:04 ; elapsed = 00:00:04 . Memory (MB): peak = 3586.395 ; gain = 0.000 ; free physical = 204 ; free virtual = 9017

Phase 2.4 Update Timing
Phase 2.4 Update Timing | Checksum: 274f3050a

Time (s): cpu = 00:00:04 ; elapsed = 00:00:04 . Memory (MB): peak = 3586.395 ; gain = 0.000 ; free physical = 204 ; free virtual = 9017
INFO: [Route 35-416] Intermediate Timing Summary | WNS=8.185  | TNS=0.000  | WHS=0.034  | THS=0.000  |


Router Utilization Summary
  Global Vertical Routing Utilization    = 0 %
  Global Horizontal Routing Utilization  = 0 %
  Routable Net Status*
  *Does not include unroutable nets such as driverless and loadless.
  Run report_route_status for detailed report.
  Number of Failed Nets               = 48
    (Failed Nets is the sum of unrouted and partially routed nets)
  Number of Unrouted Nets             = 38
  Number of Partially Routed Nets     = 10
  Number of Node Overlaps             = 0

Phase 2 Router Initialization | Checksum: 2a638e84e

Time (s): cpu = 00:00:05 ; elapsed = 00:00:04 . Memory (MB): peak = 3586.395 ; gain = 0.000 ; free physical = 204 ; free virtual = 9017

Phase 3 Global Routing
Phase 3 Global Routing | Checksum: 2a638e84e

Time (s): cpu = 00:00:05 ; elapsed = 00:00:04 . Memory (MB): peak = 3586.395 ; gain = 0.000 ; free physical = 204 ; free virtual = 9017

Phase 4 Initial Routing

Phase 4.1 Initial Net Routing Pass
Phase 4.1 Initial Net Routing Pass | Checksum: 202542ac5

Time (s): cpu = 00:00:06 ; elapsed = 00:00:04 . Memory (MB): peak = 3586.395 ; gain = 0.000 ; free physical = 204 ; free virtual = 9018
Phase 4 Initial Routing | Checksum: 2207326d3

Time (s): cpu = 00:00:06 ; elapsed = 00:00:04 . Memory (MB): peak = 3586.395 ; gain = 0.000 ; free physical = 204 ; free virtual = 9018

Phase 5 Rip-up And Reroute

Phase 5.1 Global Iteration 0
 Number of Nodes with overlaps = 1
 Number of Nodes with overlaps = 0
INFO: [Route 35-416] Intermediate Timing Summary | WNS=8.261  | TNS=0.000  | WHS=0.051  | THS=0.000  |

Phase 5.1 Global Iteration 0 | Checksum: 13cde390b

Time (s): cpu = 00:00:06 ; elapsed = 00:00:04 . Memory (MB): peak = 3586.395 ; gain = 0.000 ; free physical = 204 ; free virtual = 9018

Phase 5.2 Additional Iteration for Hold
Phase 5.2 Additional Iteration for Hold | Checksum: 15c3a7a2c

Time (s): cpu = 00:00:06 ; elapsed = 00:00:04 . Memory (MB): peak = 3586.395 ; gain = 0.000 ; free physical = 204 ; free virtual = 9018
Phase 5 Rip-up And Reroute | Checksum: 15c3a7a2c

Time (s): cpu = 00:00:06 ; elapsed = 00:00:04 . Memory (MB): peak = 3586.395 ; gain = 0.000 ; free physical = 204 ; free virtual = 9018

Phase 6 Delay and Skew Optimization

Phase 6.1 Delay CleanUp
Phase 6.1 Delay CleanUp | Checksum: 15c3a7a2c

Time (s): cpu = 00:00:06 ; elapsed = 00:00:04 . Memory (MB): peak = 3586.395 ; gain = 0.000 ; free physical = 204 ; free virtual = 9018

Phase 6.2 Clock Skew Optimization
Phase 6.2 Clock Skew Optimization | Checksum: 15c3a7a2c

Time (s): cpu = 00:00:06 ; elapsed = 00:00:04 . Memory (MB): peak = 3586.395 ; gain = 0.000 ; free physical = 204 ; free virtual = 9018
Phase 6 Delay and Skew Optimization | Checksum: 15c3a7a2c

Time (s): cpu = 00:00:06 ; elapsed = 00:00:04 . Memory (MB): peak = 3586.395 ; gain = 0.000 ; free physical = 204 ; free virtual = 9018

Phase 7 Post Hold Fix

Phase 7.1 Hold Fix Iter
INFO: [Route 35-416] Intermediate Timing Summary | WNS=8.261  | TNS=0.000  | WHS=0.051  | THS=0.000  |

Phase 7.1 Hold Fix Iter | Checksum: 15c3a7a2c

Time (s): cpu = 00:00:06 ; elapsed = 00:00:04 . Memory (MB): peak = 3586.395 ; gain = 0.000 ; free physical = 204 ; free virtual = 9018
Phase 7 Post Hold Fix | Checksum: 15c3a7a2c

Time (s): cpu = 00:00:06 ; elapsed = 00:00:05 . Memory (MB): peak = 3586.395 ; gain = 0.000 ; free physical = 204 ; free virtual = 9018

Phase 8 Route finalize

Router Utilization Summary
  Global Vertical Routing Utilization    = 0.0270228 %
  Global Horizontal Routing Utilization  = 0.00533017 %
  Routable Net Status*
  *Does not include unroutable nets such as driverless and loadless.
  Run report_route_status for detailed report.
  Number of Failed Nets               = 0
    (Failed Nets is the sum of unrouted and partially routed nets)
  Number of Unrouted Nets             = 0
  Number of Partially Routed Nets     = 0
  Number of Node Overlaps             = 0

Phase 8 Route finalize | Checksum: 15c3a7a2c

Time (s): cpu = 00:00:06 ; elapsed = 00:00:05 . Memory (MB): peak = 3586.395 ; gain = 0.000 ; free physical = 204 ; free virtual = 9018

Phase 9 Verifying routed nets

 Verification completed successfully
Phase 9 Verifying routed nets | Checksum: 15c3a7a2c

Time (s): cpu = 00:00:06 ; elapsed = 00:00:05 . Memory (MB): peak = 3586.395 ; gain = 0.000 ; free physical = 204 ; free virtual = 9018

Phase 10 Depositing Routes
Phase 10 Depositing Routes | Checksum: 15c3a7a2c

Time (s): cpu = 00:00:06 ; elapsed = 00:00:05 . Memory (MB): peak = 3586.395 ; gain = 0.000 ; free physical = 204 ; free virtual = 9018

Phase 11 Resolve XTalk
Phase 11 Resolve XTalk | Checksum: 15c3a7a2c

Time (s): cpu = 00:00:06 ; elapsed = 00:00:05 . Memory (MB): peak = 3586.395 ; gain = 0.000 ; free physical = 204 ; free virtual = 9018

Phase 12 Post Process Routing
Phase 12 Post Process Routing | Checksum: 15c3a7a2c

Time (s): cpu = 00:00:06 ; elapsed = 00:00:05 . Memory (MB): peak = 3586.395 ; gain = 0.000 ; free physical = 204 ; free virtual = 9018

Phase 13 Post Router Timing
INFO: [Route 35-57] Estimated Timing Summary | WNS=8.261  | TNS=0.000  | WHS=0.051  | THS=0.000  |

INFO: [Route 35-327] The final timing numbers are based on the router estimated timing analysis. For a complete and accurate timing signoff, please run report_timing_summary.
Phase 13 Post Router Timing | Checksum: 15c3a7a2c

Time (s): cpu = 00:00:06 ; elapsed = 00:00:05 . Memory (MB): peak = 3586.395 ; gain = 0.000 ; free physical = 204 ; free virtual = 9018
Total Elapsed time in route_design: 4.62 secs

Phase 14 Post-Route Event Processing
Phase 14 Post-Route Event Processing | Checksum: 16426664f

Time (s): cpu = 00:00:06 ; elapsed = 00:00:05 . Memory (MB): peak = 3586.395 ; gain = 0.000 ; free physical = 204 ; free virtual = 9018
INFO: [Route 35-16] Router Completed Successfully
Ending Routing Task | Checksum: 16426664f

Time (s): cpu = 00:00:06 ; elapsed = 00:00:05 . Memory (MB): peak = 3586.395 ; gain = 0.000 ; free physical = 204 ; free virtual = 9018

Routing Is Done.
INFO: [Common 17-83] Releasing license: Implementation
95 Infos, 0 Warnings, 0 Critical Warnings and 0 Errors encountered.
route_design completed successfully
INFO: [Vivado 12-24828] Executing command : report_drc -file blink_bd_wrapper_drc_routed.rpt -pb blink_bd_wrapper_drc_routed.pb -rpx blink_bd_wrapper_drc_routed.rpx
Command: report_drc -file blink_bd_wrapper_drc_routed.rpt -pb blink_bd_wrapper_drc_routed.pb -rpx blink_bd_wrapper_drc_routed.rpx
INFO: [IP_Flow 19-1839] IP Catalog is up to date.
INFO: [DRC 23-27] Running DRC with 4 threads
INFO: [Vivado_Tcl 2-168] The results of DRC are in file /home/joseph/Documents/vivado/avnet-zuboard-experiments/zuboard-projects/P1_Blink/P1_Blink.runs/impl_1/blink_bd_wrapper_drc_routed.rpt.
report_drc completed successfully
INFO: [Vivado 12-24828] Executing command : report_methodology -file blink_bd_wrapper_methodology_drc_routed.rpt -pb blink_bd_wrapper_methodology_drc_routed.pb -rpx blink_bd_wrapper_methodology_drc_routed.rpx
Command: report_methodology -file blink_bd_wrapper_methodology_drc_routed.rpt -pb blink_bd_wrapper_methodology_drc_routed.pb -rpx blink_bd_wrapper_methodology_drc_routed.rpx
INFO: [Timing 38-35] Done setting XDC timing constraints.
INFO: [DRC 23-133] Running Methodology with 4 threads
INFO: [Vivado_Tcl 2-1520] The results of Report Methodology are in file /home/joseph/Documents/vivado/avnet-zuboard-experiments/zuboard-projects/P1_Blink/P1_Blink.runs/impl_1/blink_bd_wrapper_methodology_drc_routed.rpt.
report_methodology completed successfully
INFO: [Vivado 12-24828] Executing command : report_timing_summary -max_paths 10 -report_unconstrained -file blink_bd_wrapper_timing_summary_routed.rpt -pb blink_bd_wrapper_timing_summary_routed.pb -rpx blink_bd_wrapper_timing_summary_routed.rpx -warn_on_violation 
INFO: [Timing 38-35] Done setting XDC timing constraints.
INFO: [Timing 38-91] UpdateTimingParams: Speed grade: -1, Temperature grade: E, Delay Type: min_max.
INFO: [Timing 38-191] Multithreading enabled for timing update using a maximum of 4 CPUs
INFO: [Vivado 12-24838] Running report commands "report_bus_skew, report_incremental_reuse, report_route_status" in parallel.
Running report generation with 2 threads.
INFO: [Vivado 12-24828] Executing command : report_route_status -file blink_bd_wrapper_route_status.rpt -pb blink_bd_wrapper_route_status.pb
INFO: [Vivado 12-24828] Executing command : report_incremental_reuse -file blink_bd_wrapper_incremental_reuse_routed.rpt
INFO: [Vivado_Tcl 4-1062] Incremental flow is disabled. No incremental reuse Info to report.
INFO: [Vivado 12-24828] Executing command : report_bus_skew -warn_on_violation -file blink_bd_wrapper_bus_skew_routed.rpt -pb blink_bd_wrapper_bus_skew_routed.pb -rpx blink_bd_wrapper_bus_skew_routed.rpx
INFO: [Timing 38-91] UpdateTimingParams: Speed grade: -1, Temperature grade: E, Delay Type: min_max.
INFO: [Timing 38-191] Multithreading enabled for timing update using a maximum of 4 CPUs
INFO: [Vivado 12-24828] Executing command : report_power -file blink_bd_wrapper_power_routed.rpt -pb blink_bd_wrapper_power_summary_routed.pb -rpx blink_bd_wrapper_power_routed.rpx
Command: report_power -file blink_bd_wrapper_power_routed.rpt -pb blink_bd_wrapper_power_summary_routed.pb -rpx blink_bd_wrapper_power_routed.rpx
Running Vector-less Activity Propagation...

Finished Running Vector-less Activity Propagation
115 Infos, 0 Warnings, 0 Critical Warnings and 0 Errors encountered.
report_power completed successfully
INFO: [Vivado 12-24828] Executing command : report_clock_utilization -file blink_bd_wrapper_clock_utilization_routed.rpt
generate_parallel_reports: Time (s): cpu = 00:00:19 ; elapsed = 00:00:09 . Memory (MB): peak = 3586.395 ; gain = 0.000 ; free physical = 226 ; free virtual = 9041
INFO: [Timing 38-480] Writing timing data to binary archive.
Write ShapeDB Complete: Time (s): cpu = 00:00:00 ; elapsed = 00:00:00 . Memory (MB): peak = 3586.395 ; gain = 0.000 ; free physical = 226 ; free virtual = 9041
Wrote PlaceDB: Time (s): cpu = 00:00:00.18 ; elapsed = 00:00:00.07 . Memory (MB): peak = 3586.395 ; gain = 0.000 ; free physical = 226 ; free virtual = 9041
Wrote PulsedLatchDB: Time (s): cpu = 00:00:00 ; elapsed = 00:00:00 . Memory (MB): peak = 3586.395 ; gain = 0.000 ; free physical = 226 ; free virtual = 9041
Writing XDEF routing.
Writing XDEF routing logical nets.
Writing XDEF routing special nets.
Wrote RouteStorage: Time (s): cpu = 00:00:00.02 ; elapsed = 00:00:00.02 . Memory (MB): peak = 3586.395 ; gain = 0.000 ; free physical = 226 ; free virtual = 9041
Wrote Netlist Cache: Time (s): cpu = 00:00:00 ; elapsed = 00:00:00 . Memory (MB): peak = 3586.395 ; gain = 0.000 ; free physical = 226 ; free virtual = 9041
Wrote Device Cache: Time (s): cpu = 00:00:00.02 ; elapsed = 00:00:00.02 . Memory (MB): peak = 3586.395 ; gain = 0.000 ; free physical = 226 ; free virtual = 9042
Write Physdb Complete: Time (s): cpu = 00:00:00.23 ; elapsed = 00:00:00.12 . Memory (MB): peak = 3586.395 ; gain = 0.000 ; free physical = 226 ; free virtual = 9042
INFO: [Common 17-1381] The checkpoint '/home/joseph/Documents/vivado/avnet-zuboard-experiments/zuboard-projects/P1_Blink/P1_Blink.runs/impl_1/blink_bd_wrapper_routed.dcp' has been generated.
Command: write_bitstream -force blink_bd_wrapper.bit
Attempting to get a license for feature 'Implementation' and/or device 'xczu1cg'
INFO: [Common 17-349] Got license for feature 'Implementation' and/or device 'xczu1cg'
Running DRC as a precondition to command write_bitstream
INFO: [IP_Flow 19-1839] IP Catalog is up to date.
INFO: [DRC 23-27] Running DRC with 4 threads
INFO: [Vivado 12-3199] DRC finished with 0 Errors
INFO: [Vivado 12-3200] Please refer to the DRC report (report_drc) for more information.
INFO: [Designutils 20-2272] Running write_bitstream with 4 threads.
Loading data files...
Loading site data...
Loading route data...
Processing options...
Creating bitmap...
Creating bitstream...
Writing bitstream ./blink_bd_wrapper.bit...
INFO: [Vivado 12-1842] Bitgen Completed Successfully.
INFO: [Project 1-1876] WebTalk data collection is mandatory when using a ULT device. To see the specific WebTalk data collected for your design, open the usage_statistics_webtalk.html or usage_statistics_webtalk.xml file in the implementation directory.
INFO: [Common 17-83] Releasing license: Implementation
127 Infos, 0 Warnings, 0 Critical Warnings and 0 Errors encountered.
write_bitstream completed successfully
write_bitstream: Time (s): cpu = 00:00:15 ; elapsed = 00:00:11 . Memory (MB): peak = 3586.395 ; gain = 0.000 ; free physical = 187 ; free virtual = 9008
INFO: [Common 17-206] Exiting Vivado at Sun May 17 14:21:12 2026...
